Archive member included to satisfy reference by file (symbol)

..\mega2.X\dist\ATmega16\production\mega2.X.a(ds1307.o)
                              build/ATmega16A/production/src/SystemTime.o (ds1307SetDate)
..\mega2.X\dist\ATmega16\production\mega2.X.a(exEprom.o)
                              build/ATmega16A/production/src/PrintLable.o (exeepromReady)
..\mega2.X\dist\ATmega16\production\mega2.X.a(keypad.o)
                              build/ATmega16A/production/src/app.o (NO_CODE)
..\mega2.X\dist\ATmega16\production\mega2.X.a(lcd.o)
                              build/ATmega16A/production/src/SystemTime.o (lcdNoBlink)
..\mega2.X\dist\ATmega16\production\mega2.X.a(lcdmnue.o)
                              build/ATmega16A/production/src/PrintLable.o (NullItem)
..\mega2.X\dist\ATmega16\production\mega2.X.a(system.o)
                              ..\mega2.X\dist\ATmega16\production\mega2.X.a(ds1307.o) (sysUpdateNow)
..\mega2.X\dist\ATmega16\production\mega2.X.a(time.o)
                              build/ATmega16A/production/src/SystemTime.o (DateTimeFromTimeStamp)
..\mega2.X\dist\ATmega16\production\mega2.X.a(tone.o)
                              ..\mega2.X\dist\ATmega16\production\mega2.X.a(keypad.o) (Toneplay)
..\mega2.X\dist\ATmega16\production\mega2.X.a(twi.o)
                              ..\mega2.X\dist\ATmega16\production\mega2.X.a(ds1307.o) (twi_master_write)
..\mega2.X\dist\ATmega16\production\mega2.X.a(usart.o)
                              build/ATmega16A/production/src/AddressableDevice.o (usart0PutByte)
..\mega2.X\dist\ATmega16\production\mega2.X.a(utility.o)
                              ..\mega2.X\dist\ATmega16\production\mega2.X.a(exEprom.o) (Match_2BUF)
..\mega2.X\dist\ATmega16\production\mega2.X.a(ZLP.o)
                              build/ATmega16A/production/src/PrintAction.o (ZLPPrintState)
..\mega2.X\dist\ATmega16\production\mega2.X.a(mega.o)
                              C:/Program Files/Microchip/MPLABX/v6.05/packs/Microchip/ATmega_DFP/3.0.158/gcc/dev/atmega16a/avr5/crtatmega16a.o (main)
..\mega2.X\dist\ATmega16\production\mega2.X.a(buffers.o)
                              ..\mega2.X\dist\ATmega16\production\mega2.X.a(keypad.o) (structBufferInit)
c:/program files (x86)/atmel/studio/7.0/toolchain/avr8/avr8-gnu-toolchain/bin/../lib/gcc/avr/5.4.0/avr5\libgcc.a(_udivmodqi4.o)
                              ..\mega2.X\dist\ATmega16\production\mega2.X.a(utility.o) (__udivmodqi4)
c:/program files (x86)/atmel/studio/7.0/toolchain/avr8/avr8-gnu-toolchain/bin/../lib/gcc/avr/5.4.0/avr5\libgcc.a(_udivmodhi4.o)
                              ..\mega2.X\dist\ATmega16\production\mega2.X.a(time.o) (__udivmodhi4)
c:/program files (x86)/atmel/studio/7.0/toolchain/avr8/avr8-gnu-toolchain/bin/../lib/gcc/avr/5.4.0/avr5\libgcc.a(_divmodhi4.o)
                              ..\mega2.X\dist\ATmega16\production\mega2.X.a(utility.o) (__divmodhi4)
c:/program files (x86)/atmel/studio/7.0/toolchain/avr8/avr8-gnu-toolchain/bin/../lib/gcc/avr/5.4.0/avr5\libgcc.a(_udivmodsi4.o)
                              ..\mega2.X\dist\ATmega16\production\mega2.X.a(time.o) (__udivmodsi4)
c:/program files (x86)/atmel/studio/7.0/toolchain/avr8/avr8-gnu-toolchain/bin/../lib/gcc/avr/5.4.0/avr5\libgcc.a(_exit.o)
                              C:/Program Files/Microchip/MPLABX/v6.05/packs/Microchip/ATmega_DFP/3.0.158/gcc/dev/atmega16a/avr5/crtatmega16a.o (exit)
c:/program files (x86)/atmel/studio/7.0/toolchain/avr8/avr8-gnu-toolchain/bin/../lib/gcc/avr/5.4.0/avr5\libgcc.a(_tablejump2.o)
                              build/ATmega16A/production/src/PrintAction.o (__tablejump2__)
c:/program files (x86)/atmel/studio/7.0/toolchain/avr8/avr8-gnu-toolchain/bin/../lib/gcc/avr/5.4.0/avr5\libgcc.a(_copy_data.o)
                              build/ATmega16A/production/src/SystemTime.o (__do_copy_data)
c:/program files (x86)/atmel/studio/7.0/toolchain/avr8/avr8-gnu-toolchain/bin/../lib/gcc/avr/5.4.0/avr5\libgcc.a(_clear_bss.o)
                              build/ATmega16A/production/src/SystemTime.o (__do_clear_bss)
c:/program files (x86)/atmel/studio/7.0/toolchain/avr8/avr8-gnu-toolchain/bin/../lib/gcc/avr/5.4.0/avr5\libgcc.a(_umulhisi3.o)
                              ..\mega2.X\dist\ATmega16\production\mega2.X.a(time.o) (__umulhisi3)
c:/program files (x86)/atmel/studio/7.0/toolchain/avr8/avr8-gnu-toolchain/bin/../lib/gcc/avr/5.4.0/avr5\libgcc.a(_muluhisi3.o)
                              ..\mega2.X\dist\ATmega16\production\mega2.X.a(system.o) (__muluhisi3)
c:/program files (x86)/atmel/studio/7.0/toolchain/avr8/avr8-gnu-toolchain/bin/../lib/gcc/avr/5.4.0/avr5\libgcc.a(_mulshisi3.o)
                              ..\mega2.X\dist\ATmega16\production\mega2.X.a(utility.o) (__mulshisi3)
c:/program files (x86)/atmel/studio/7.0/toolchain/avr8/avr8-gnu-toolchain/bin/../lib/gcc/avr/5.4.0/../../../../avr/lib/avr5\libc.a(memcmp_P.o)
                              build/ATmega16A/production/src/message.o (memcmp_P)
[...]
Memory Configuration

Name             Origin             Length             Attributes
text             0x00000000         0x00004000         xr
data             0x00800060         0x00000400         rw !x
eeprom           0x00810000         0x00000200         rw !x
fuse             0x00820000         0x00000002         rw !x
lock             0x00830000         0x00000400         rw !x
signature        0x00840000         0x00000400         rw !x
user_signatures  0x00850000         0x00000400         rw !x
*default*        0x00000000         0xffffffff

Linker script and memory map

LOAD C:/Program Files/Microchip/MPLABX/v6.05/packs/Microchip/ATmega_DFP/3.0.158/gcc/dev/atmega16a/avr5/crtatmega16a.o
LOAD build/ATmega16A/production/src/app.o
LOAD build/ATmega16A/production/src/SystemTime.o
LOAD build/ATmega16A/production/src/EventsHandles.o
LOAD build/ATmega16A/production/src/CreateProduct.o
LOAD build/ATmega16A/production/src/Memory.o
LOAD build/ATmega16A/production/src/message.o
LOAD build/ATmega16A/production/inc/ProductSelect.o
LOAD build/ATmega16A/production/src/PrintLable.o
LOAD build/ATmega16A/production/src/PrintAction.o
LOAD build/ATmega16A/production/src/WorkingTime.o
LOAD build/ATmega16A/production/src/AddressableDevice.o
LOAD ..\mega2.X\dist\ATmega16\production\mega2.X.a
                0x00000001                __MPLAB_BUILD = 0x1
START GROUP
LOAD c:/program files (x86)/atmel/studio/7.0/toolchain/avr8/avr8-gnu-toolchain/bin/../lib/gcc/avr/5.4.0/../../../../avr/lib/avr5\libm.a
END GROUP
START GROUP
LOAD c:/program files (x86)/atmel/studio/7.0/toolchain/avr8/avr8-gnu-toolchain/bin/../lib/gcc/avr/5.4.0/avr5\libgcc.a
LOAD c:/program files (x86)/atmel/studio/7.0/toolchain/avr8/avr8-gnu-toolchain/bin/../lib/gcc/avr/5.4.0/../../../../avr/lib/avr5\libm.a
LOAD c:/program files (x86)/atmel/studio/7.0/toolchain/avr8/avr8-gnu-toolchain/bin/../lib/gcc/avr/5.4.0/../../../../avr/lib/avr5\libc.a
LOAD C:/Program Files/Microchip/MPLABX/v6.05/packs/Microchip/ATmega_DFP/3.0.158/gcc/dev/atmega16a/avr5\libatmega16a.a
END GROUP
                0x00000000                __TEXT_REGION_ORIGIN__ = DEFINED (__TEXT_REGION_ORIGIN__)?__TEXT_REGION_ORIGIN__:0x0
                [0x00800060]                __DATA_REGION_ORIGIN__ = DEFINED (__DATA_REGION_ORIGIN__)?__DATA_REGION_ORIGIN__:0x800060
                [0x00004000]                __TEXT_REGION_LENGTH__ = DEFINED (__TEXT_REGION_LENGTH__)?__TEXT_REGION_LENGTH__:0x20000
                [0x00000400]                __DATA_REGION_LENGTH__ = DEFINED (__DATA_REGION_LENGTH__)?__DATA_REGION_LENGTH__:0xffa0
                [0x00000200]                __EEPROM_REGION_LENGTH__ = DEFINED (__EEPROM_REGION_LENGTH__)?__EEPROM_REGION_LENGTH__:0x10000
                [0x00000002]                __FUSE_REGION_LENGTH__ = DEFINED (__FUSE_REGION_LENGTH__)?__FUSE_REGION_LENGTH__:0x400
                0x00000400                __LOCK_REGION_LENGTH__ = DEFINED (__LOCK_REGION_LENGTH__)?__LOCK_REGION_LENGTH__:0x400
                0x00000400                __SIGNATURE_REGION_LENGTH__ = DEFINED (__SIGNATURE_REGION_LENGTH__)?__SIGNATURE_REGION_LENGTH__:0x400
                0x00000400                __USER_SIGNATURE_REGION_LENGTH__ = DEFINED (__USER_SIGNATURE_REGION_LENGTH__)?__USER_SIGNATURE_REGION_LENGTH__:0x400

.hash
 *(.hash)

.dynsym
 *(.dynsym)

.dynstr
 *(.dynstr)

.gnu.version
 *(.gnu.version)

.gnu.version_d
 *(.gnu.version_d)

.gnu.version_r
 *(.gnu.version_r)

.rel.init
 *(.rel.init)

.rela.init
 *(.rela.init)

.rel.text
 *(.rel.text)
 *(.rel.text.*)
 *(.rel.gnu.linkonce.t*)

.rela.text
 *(.rela.text)
 *(.rela.text.*)
 *(.rela.gnu.linkonce.t*)

.rel.fini
 *(.rel.fini)

.rela.fini
 *(.rela.fini)

.rel.rodata
 *(.rel.rodata)
 *(.rel.rodata.*)
 *(.rel.gnu.linkonce.r*)

.rela.rodata
 *(.rela.rodata)
 *(.rela.rodata.*)
 *(.rela.gnu.linkonce.r*)

.rel.data
 *(.rel.data)
 *(.rel.data.*)
 *(.rel.gnu.linkonce.d*)

.rela.data
 *(.rela.data)
 *(.rela.data.*)
 *(.rela.gnu.linkonce.d*)

.rel.ctors
 *(.rel.ctors)

.rela.ctors
 *(.rela.ctors)

.rel.dtors
 *(.rel.dtors)

.rela.dtors
 *(.rela.dtors)

.rel.got
 *(.rel.got)

.rela.got
 *(.rela.got)

.rel.bss
 *(.rel.bss)

.rela.bss
 *(.rela.bss)

.rel.plt
 *(.rel.plt)

.rela.plt
 *(.rela.plt)

.text           0x00000000     0x3f00
 *(.vectors)
 .vectors       0x00000000       0x54 C:/Program Files/Microchip/MPLABX/v6.05/packs/Microchip/ATmega_DFP/3.0.158/gcc/dev/atmega16a/avr5/crtatmega16a.o
                0x00000000                __vector_default
                0x00000000                __vectors
 *(.vectors)
 *(.progmem.gcc*)
 .progmem.gcc_sw_table.PrintActionCallBack
                0x00000054       0x16 build/ATmega16A/production/src/PrintAction.o
                0x0000006a                . = ALIGN (0x2)
                0x0000006a                __trampolines_start = .
 *(.trampolines)
 .trampolines   0x0000006a        0x0 linker stubs
 *(.trampolines*)
                0x0000006a                __trampolines_end = .
 *libprintf_flt.a:*(.progmem.data)
 *libc.a:*(.progmem.data)
 *(.progmem*)
 .progmem.data.key16
                0x0000006a        0x4 build/ATmega16A/production/src/app.o
                0x0000006a                key16
 .progmem.data.key15
                0x0000006e        0x4 build/ATmega16A/production/src/app.o
                0x0000006e                key15
 .progmem.data.key14
                0x00000072        0x4 build/ATmega16A/production/src/app.o
                0x00000072                key14
 .progmem.data.key13
                0x00000076        0x4 build/ATmega16A/production/src/app.o
                0x00000076                key13
 .progmem.data.key12
                0x0000007a        0x4 build/ATmega16A/production/src/app.o
                0x0000007a                key12
 .progmem.data.key11
                0x0000007e        0x4 build/ATmega16A/production/src/app.o
                0x0000007e                key11
 .progmem.data.key10
                0x00000082        0x4 build/ATmega16A/production/src/app.o
                0x00000082                key10
 .progmem.data.key9
                0x00000086        0x4 build/ATmega16A/production/src/app.o
                0x00000086                key9
 .progmem.data.key8
                0x0000008a        0x4 build/ATmega16A/production/src/app.o
                0x0000008a                key8
 .progmem.data.key7
                0x0000008e        0x4 build/ATmega16A/production/src/app.o
                0x0000008e                key7
 .progmem.data.key6
                0x00000092        0x4 build/ATmega16A/production/src/app.o
                0x00000092                key6
 .progmem.data.key5
                0x00000096        0x4 build/ATmega16A/production/src/app.o
                0x00000096                key5
 .progmem.data.key4
                0x0000009a        0x4 build/ATmega16A/production/src/app.o
                0x0000009a                key4
 .progmem.data.key3
                0x0000009e        0x4 build/ATmega16A/production/src/app.o
                0x0000009e                key3
 .progmem.data.key2
                0x000000a2        0x4 build/ATmega16A/production/src/app.o
                0x000000a2                key2
 .progmem.data.key1
                0x000000a6        0x4 build/ATmega16A/production/src/app.o
                0x000000a6                key1
 .progmem.data.Messages
                0x000000aa       0x32 build/ATmega16A/production/src/message.o
                0x000000aa                Messages
 .progmem.data.string_25
                0x000000dc       0x10 build/ATmega16A/production/src/message.o
                0x000000dc                string_25
 .progmem.data.string_24
                0x000000ec        0xc build/ATmega16A/production/src/message.o
                0x000000ec                string_24
 .progmem.data.string_23
                0x000000f8        0x3 build/ATmega16A/production/src/message.o
                0x000000f8                string_23
 .progmem.data.string_22
                0x000000fb        0x5 build/ATmega16A/production/src/message.o
                0x000000fb                string_22
 .progmem.data.string_21
                0x00000100        0x3 build/ATmega16A/production/src/message.o
                0x00000100                string_21
 .progmem.data.string_20
                0x00000103        0x8 build/ATmega16A/production/src/message.o
                0x00000103                string_20
 .progmem.data.string_19
                0x0000010b        0x9 build/ATmega16A/production/src/message.o
                0x0000010b                string_19
 .progmem.data.string_18
                0x00000114        0x7 build/ATmega16A/production/src/message.o
                0x00000114                string_18
 .progmem.data.string_17
                0x0000011b        0xe build/ATmega16A/production/src/message.o
                0x0000011b                string_17
 .progmem.data.string_16
                0x00000129        0xd build/ATmega16A/production/src/message.o
                0x00000129                string_16
 .progmem.data.string_15
                0x00000136        0xe build/ATmega16A/production/src/message.o
                0x00000136                string_15
 .progmem.data.string_14
                0x00000144        0xc build/ATmega16A/production/src/message.o
                0x00000144                string_14
 .progmem.data.string_13
                0x00000150        0x6 build/ATmega16A/production/src/message.o
                0x00000150                string_13
 .progmem.data.string_12
                0x00000156        0xe build/ATmega16A/production/src/message.o
                0x00000156                string_12
 .progmem.data.string_11
                0x00000164       0x14 build/ATmega16A/production/src/message.o
                0x00000164                string_11
 .progmem.data.string_10
                0x00000178        0xe build/ATmega16A/production/src/message.o
                0x00000178                string_10
 .progmem.data.string_9
                0x00000186        0xa build/ATmega16A/production/src/message.o
                0x00000186                string_9
 .progmem.data.string_8
                0x00000190        0x9 build/ATmega16A/production/src/message.o
                0x00000190                string_8
 .progmem.data.string_7
                0x00000199        0x7 build/ATmega16A/production/src/message.o
                0x00000199                string_7
 .progmem.data.string_6
                0x000001a0        0x6 build/ATmega16A/production/src/message.o
                0x000001a0                string_6
 .progmem.data.string_5
                0x000001a6        0x7 build/ATmega16A/production/src/message.o
                0x000001a6                string_5
 .progmem.data.string_4
                0x000001ad        0x9 build/ATmega16A/production/src/message.o
                0x000001ad                string_4
 .progmem.data.string_3
                0x000001b6        0x7 build/ATmega16A/production/src/message.o
                0x000001b6                string_3
 .progmem.data.string_2
                0x000001bd        0x6 build/ATmega16A/production/src/message.o
                0x000001bd                string_2
 .progmem.data.string_1
                0x000001c3        0x5 build/ATmega16A/production/src/message.o
                0x000001c3                string_1
 .progmem.data.DeviceType
                0x000001c8        0xc build/ATmega16A/production/src/PrintLable.o
                0x000001c8                DeviceType
 .progmem.data.DeviceType_Lable
                0x000001d4        0x9 build/ATmega16A/production/src/PrintLable.o
                0x000001d4                DeviceType_Lable
 .progmem.data.WorkingTime
                0x000001dd        0xc build/ATmega16A/production/src/PrintLable.o
                0x000001dd                WorkingTime
 .progmem.data.WorkingTime_Lable
                0x000001e9        0xf build/ATmega16A/production/src/PrintLable.o
                0x000001e9                WorkingTime_Lable
 .progmem.data.SProduct
                0x000001f8        0xc build/ATmega16A/production/src/PrintLable.o
                0x000001f8                SProduct
 .progmem.data.SProduct_Lable
                0x00000204        0xb build/ATmega16A/production/src/PrintLable.o
                0x00000204                SProduct_Lable
 .progmem.data.NProduct
                0x0000020f        0xc build/ATmega16A/production/src/PrintLable.o
                0x0000020f                NProduct
 .progmem.data.NProduct_Lable
                0x0000021b        0xd build/ATmega16A/production/src/PrintLable.o
                0x0000021b                NProduct_Lable
 .progmem.data.TimeSystem
                0x00000228        0xc build/ATmega16A/production/src/PrintLable.o
                0x00000228                TimeSystem
 .progmem.data.TimeSystem_Lable
                0x00000234        0x7 build/ATmega16A/production/src/PrintLable.o
                0x00000234                TimeSystem_Lable
 .progmem.data.System
                0x0000023b        0xc build/ATmega16A/production/src/PrintLable.o
                0x0000023b                System
 .progmem.data.Menu_Lable
                0x00000247        0x9 build/ATmega16A/production/src/PrintLable.o
                0x00000247                Menu_Lable
 .progmem.data.NO_CODE
                0x00000250        0x4 ..\mega2.X\dist\ATmega16\production\mega2.X.a(keypad.o)
                0x00000250                NO_CODE
 .progmem.data.NullItem
                0x00000254        0xc ..\mega2.X\dist\ATmega16\production\mega2.X.a(lcdmnue.o)
                0x00000254                NullItem
 .progmem.data.dOfTheWeek
                0x00000260       0x1c ..\mega2.X\dist\ATmega16\production\mega2.X.a(time.o)
                0x00000260                dOfTheWeek
 .progmem.data.monthsOfTheYear
                0x0000027c       0x30 ..\mega2.X\dist\ATmega16\production\mega2.X.a(time.o)
                0x0000027c                monthsOfTheYear
 .progmem.data.daysInMonth
                0x000002ac        0xb ..\mega2.X\dist\ATmega16\production\mega2.X.a(time.o)
                0x000002ac                daysInMonth
 .progmem.data.ZlpMessages
                0x000002b7       0x20 ..\mega2.X\dist\ATmega16\production\mega2.X.a(ZLP.o)
                0x000002b7                ZlpMessages
 .progmem.data.zlp_config15
                0x000002d7        0x6 ..\mega2.X\dist\ATmega16\production\mega2.X.a(ZLP.o)
 .progmem.data.zlp_config14
                0x000002dd        0x4 ..\mega2.X\dist\ATmega16\production\mega2.X.a(ZLP.o)
 .progmem.data.zlp_config13
                0x000002e1       0x18 ..\mega2.X\dist\ATmega16\production\mega2.X.a(ZLP.o)
 .progmem.data.zlp_config12
                0x000002f9       0x15 ..\mega2.X\dist\ATmega16\production\mega2.X.a(ZLP.o)
 .progmem.data.zlp_config11
                0x0000030e        0x2 ..\mega2.X\dist\ATmega16\production\mega2.X.a(ZLP.o)
 .progmem.data.zlp_config10
                0x00000310        0x5 ..\mega2.X\dist\ATmega16\production\mega2.X.a(ZLP.o)
 .progmem.data.zlp_config9
                0x00000315        0x7 ..\mega2.X\dist\ATmega16\production\mega2.X.a(ZLP.o)
 .progmem.data.zlp_config8
                0x0000031c        0x3 ..\mega2.X\dist\ATmega16\production\mega2.X.a(ZLP.o)
 .progmem.data.zlp_config7
                0x0000031f        0x3 ..\mega2.X\dist\ATmega16\production\mega2.X.a(ZLP.o)
 .progmem.data.zlp_config6
                0x00000322        0x3 ..\mega2.X\dist\ATmega16\production\mega2.X.a(ZLP.o)
 .progmem.data.zlp_config5
                0x00000325        0x4 ..\mega2.X\dist\ATmega16\production\mega2.X.a(ZLP.o)
 .progmem.data.zlp_config4
                0x00000329        0x3 ..\mega2.X\dist\ATmega16\production\mega2.X.a(ZLP.o)
 .progmem.data.zlp_config3
                0x0000032c        0x3 ..\mega2.X\dist\ATmega16\production\mega2.X.a(ZLP.o)
 .progmem.data.zlp_config2
                0x0000032f        0x5 ..\mega2.X\dist\ATmega16\production\mega2.X.a(ZLP.o)
 .progmem.data.zlp_config1
                0x00000334        0x9 ..\mega2.X\dist\ATmega16\production\mega2.X.a(ZLP.o)
 .progmem.data.zlp_config0
                0x0000033d        0x9 ..\mega2.X\dist\ATmega16\production\mega2.X.a(ZLP.o)
                0x00000346                . = ALIGN (0x2)
 *(.jumptables)
 *(.jumptables*)
 *(.lowtext)
 *(.lowtext*)
                0x00000346                __ctors_start = .
 *(.ctors)
                0x00000346                __ctors_end = .
                0x00000346                __dtors_start = .
 *(.dtors)
                0x00000346                __dtors_end = .
 SORT(*)(.ctors)
 SORT(*)(.dtors)
 *(.init0)
 .init0         0x00000346        0x0 C:/Program Files/Microchip/MPLABX/v6.05/packs/Microchip/ATmega_DFP/3.0.158/gcc/dev/atmega16a/avr5/crtatmega16a.o
                0x00000346                __init
 *(.init0)
 *(.init1)
 *(.init1)
 *(.init2)
 .init2         0x00000346        0xc C:/Program Files/Microchip/MPLABX/v6.05/packs/Microchip/ATmega_DFP/3.0.158/gcc/dev/atmega16a/avr5/crtatmega16a.o
 *(.init2)
 *(.init3)
 *(.init3)
 *(.init4)
 .init4         0x00000352       0x16 c:/program files (x86)/atmel/studio/7.0/toolchain/avr8/avr8-gnu-toolchain/bin/../lib/gcc/avr/5.4.0/avr5\libgcc.a(_copy_data.o)
                0x00000352                __do_copy_data
 .init4         0x00000368       0x10 c:/program files (x86)/atmel/studio/7.0/toolchain/avr8/avr8-gnu-toolchain/bin/../lib/gcc/avr/5.4.0/avr5\libgcc.a(_clear_bss.o)
                0x00000368                __do_clear_bss
 *(.init4)
 *(.init5)
 *(.init5)
 *(.init6)
 *(.init6)
 *(.init7)
 *(.init7)
 *(.init8)
 *(.init8)
 *(.init9)
 .init9         0x00000378        0x8 C:/Program Files/Microchip/MPLABX/v6.05/packs/Microchip/ATmega_DFP/3.0.158/gcc/dev/atmega16a/avr5/crtatmega16a.o
 *(.init9)
 *(.text)
 .text          0x00000380        0x4 C:/Program Files/Microchip/MPLABX/v6.05/packs/Microchip/ATmega_DFP/3.0.158/gcc/dev/atmega16a/avr5/crtatmega16a.o
                0x00000380                __vector_1
                0x00000380                __vector_12
                0x00000380                __bad_interrupt
                0x00000380                __vector_6
                0x00000380                __vector_3
                0x00000380                __vector_7
                0x00000380                __vector_5
                0x00000380                __vector_4
                0x00000380                __vector_9
                0x00000380                __vector_2
                0x00000380                __vector_15
                0x00000380                __vector_8
                0x00000380                __vector_14
                0x00000380                __vector_10
                0x00000380                __vector_16
                0x00000380                __vector_18
                0x00000380                __vector_20
                0x00000384                . = ALIGN (0x2)
 *(.text.*)
 .text.appBoot  0x00000384        0x4 build/ATmega16A/production/src/app.o
                0x00000384                appBoot
 .text.appInit  0x00000388       0x20 build/ATmega16A/production/src/app.o
                0x00000388                appInit
 .text.appMain  0x000003a8        0x4 build/ATmega16A/production/src/app.o
                0x000003a8                appMain
 .text.keyCencelEvents
                0x000003ac        0x8 build/ATmega16A/production/src/SystemTime.o
 .text.keyEnterEvents
                0x000003b4       0x10 build/ATmega16A/production/src/SystemTime.o
 .text.ShowEditTime
                0x000003c4       0xa4 build/ATmega16A/production/src/SystemTime.o
 .text.keyF2Events
                0x00000468       0x30 build/ATmega16A/production/src/SystemTime.o
 .text.keyF1Events
                0x00000498       0x26 build/ATmega16A/production/src/SystemTime.o
 .text.keyNumbersEvents
                0x000004be       0x84 build/ATmega16A/production/src/SystemTime.o
 .text.keyF3Events
                0x00000542       0x44 build/ATmega16A/production/src/SystemTime.o
 .text.SystemTimeCallBack
                0x00000586       0x76 build/ATmega16A/production/src/SystemTime.o
                0x00000586                SystemTimeCallBack
 .text.SystemTimeInit
                0x000005fc        0xc build/ATmega16A/production/src/SystemTime.o
                0x000005fc                SystemTimeInit
 .text.InitNumberCallBacks
                0x00000608        0x2 build/ATmega16A/production/src/EventsHandles.o
 .text.keyNumbers
                0x0000060a       0x2a build/ATmega16A/production/src/EventsHandles.o
 .text.keyTime_14
                0x00000634        0xe build/ATmega16A/production/src/EventsHandles.o
 .text.keyTime_11
                0x00000642        0xe build/ATmega16A/production/src/EventsHandles.o
 .text.keyTime_10
                0x00000650        0xe build/ATmega16A/production/src/EventsHandles.o
 .text.keyTime_9
                0x0000065e        0xe build/ATmega16A/production/src/EventsHandles.o
 .text.keyTime_7
                0x0000066c        0xe build/ATmega16A/production/src/EventsHandles.o
 .text.keyTime_6
                0x0000067a        0xe build/ATmega16A/production/src/EventsHandles.o
 .text.keyTime_5
                0x00000688        0xe build/ATmega16A/production/src/EventsHandles.o
 .text.keyTime_3
                0x00000696        0xe build/ATmega16A/production/src/EventsHandles.o
 .text.keyTime_2
                0x000006a4        0xe build/ATmega16A/production/src/EventsHandles.o
 .text.keyTime_1
                0x000006b2        0xe build/ATmega16A/production/src/EventsHandles.o
 .text.keyEvent
                0x000006c0       0x2a build/ATmega16A/production/src/EventsHandles.o
 .text.keyTime_16
                0x000006ea       0x18 build/ATmega16A/production/src/EventsHandles.o
 .text.keyTime_15
                0x00000702       0x18 build/ATmega16A/production/src/EventsHandles.o
 .text.keyTime_8
                0x0000071a       0x18 build/ATmega16A/production/src/EventsHandles.o
 .text.keyTime_4
                0x00000732       0x18 build/ATmega16A/production/src/EventsHandles.o
 .text.keyTime_12
                0x0000074a       0x26 build/ATmega16A/production/src/EventsHandles.o
 .text.CommanEventHandles
                0x00000770       0x78 build/ATmega16A/production/src/EventsHandles.o
                0x00000770                CommanEventHandles
 .text.CommanEventFunctions
                0x000007e8       0xac build/ATmega16A/production/src/EventsHandles.o
                0x000007e8                CommanEventFunctions
 .text.ReturnMenuCallBack
                0x00000894       0x4c build/ATmega16A/production/src/EventsHandles.o
                0x00000894                ReturnMenuCallBack
 .text.ProductCencelEvent
                0x000008e0        0x8 build/ATmega16A/production/src/CreateProduct.o
 .text.UpdateLCD
                0x000008e8       0x40 build/ATmega16A/production/src/CreateProduct.o
 .text.ProductF1Event
                0x00000928       0x24 build/ATmega16A/production/src/CreateProduct.o
 .text.keyProduct_1
                0x0000094c       0x48 build/ATmega16A/production/src/CreateProduct.o
 .text.ProductEnterEvent
                0x00000994       0x74 build/ATmega16A/production/src/CreateProduct.o
 .text.ProductEventNumbers
                0x00000a08       0x5e build/ATmega16A/production/src/CreateProduct.o
 .text.keyProduct_14
                0x00000a66       0x1a build/ATmega16A/production/src/CreateProduct.o
 .text.keyProduct_11
                0x00000a80       0x22 build/ATmega16A/production/src/CreateProduct.o
 .text.keyProduct_10
                0x00000aa2       0x1e build/ATmega16A/production/src/CreateProduct.o
 .text.keyProduct_9
                0x00000ac0       0x22 build/ATmega16A/production/src/CreateProduct.o
 .text.keyProduct_7
                0x00000ae2       0x1e build/ATmega16A/production/src/CreateProduct.o
 .text.keyProduct_6
                0x00000b00       0x1e build/ATmega16A/production/src/CreateProduct.o
 .text.keyProduct_5
                0x00000b1e       0x1e build/ATmega16A/production/src/CreateProduct.o
 .text.keyProduct_3
                0x00000b3c       0x1e build/ATmega16A/production/src/CreateProduct.o
 .text.keyProduct_2
                0x00000b5a       0x1e build/ATmega16A/production/src/CreateProduct.o
 .text.CreateProductCallBack
                0x00000b78      0x11a build/ATmega16A/production/src/CreateProduct.o
                0x00000b78                CreateProductCallBack
 .text.CreateProductInit
                0x00000c92       0x38 build/ATmega16A/production/src/CreateProduct.o
                0x00000c92                CreateProductInit
 .text.ProductGetLastIndex
                0x00000cca        0x6 build/ATmega16A/production/src/CreateProduct.o
                0x00000cca                ProductGetLastIndex
 .text.ProductSetLastIndex
                0x00000cd0        0x6 build/ATmega16A/production/src/CreateProduct.o
                0x00000cd0                ProductSetLastIndex
 .text.WriteMessage
                0x00000cd6       0x18 build/ATmega16A/production/src/message.o
                0x00000cd6                WriteMessage
 .text.PrintProductSerial
                0x00000cee       0x72 build/ATmega16A/production/src/message.o
                0x00000cee                PrintProductSerial
 .text.appPrintMessage
                0x00000d60        0x8 build/ATmega16A/production/src/message.o
                0x00000d60                appPrintMessage
 .text.SelectProductkeyCencelEvents
                0x00000d68        0x8 build/ATmega16A/production/inc/ProductSelect.o
 .text.SelectProductkeyF2Events
                0x00000d70       0x1c build/ATmega16A/production/inc/ProductSelect.o
 .text.SelectProductkeyF1Events
                0x00000d8c       0x34 build/ATmega16A/production/inc/ProductSelect.o
 .text.LoadCurrentProduct
                0x00000dc0       0x2a build/ATmega16A/production/inc/ProductSelect.o
                0x00000dc0                LoadCurrentProduct
 .text.ProductSetCurrentIndex
                0x00000dea        0x6 build/ATmega16A/production/inc/ProductSelect.o
                0x00000dea                ProductSetCurrentIndex
 .text.CurrentProductSaveNewPatch
                0x00000df0       0x32 build/ATmega16A/production/inc/ProductSelect.o
                0x00000df0                CurrentProductSaveNewPatch
 .text.PrintProductInLCD
                0x00000e22       0xb6 build/ATmega16A/production/inc/ProductSelect.o
                0x00000e22                PrintProductInLCD
 .text.clearScllorBuffer
                0x00000ed8       0x1e build/ATmega16A/production/inc/ProductSelect.o
                0x00000ed8                clearScllorBuffer
 .text.SelectProductCallBack
                0x00000ef6       0x98 build/ATmega16A/production/inc/ProductSelect.o
                0x00000ef6                SelectProductCallBack
 .text.PrintCurrentProduct
                0x00000f8e        0x8 build/ATmega16A/production/inc/ProductSelect.o
                0x00000f8e                PrintCurrentProduct
 .text.LoadCurrentProductPrintIntoIntoPrint
                0x00000f96        0xa build/ATmega16A/production/inc/ProductSelect.o
                0x00000f96                LoadCurrentProductPrintIntoIntoPrint
 .text.PrintLableF1Event
                0x00000fa0        0x8 build/ATmega16A/production/src/PrintLable.o
 .text.PrintLableF2Event
                0x00000fa8        0x8 build/ATmega16A/production/src/PrintLable.o
 .text.PrintLableF3Event
                0x00000fb0        0x8 build/ATmega16A/production/src/PrintLable.o
 .text.F2EvnetEnter
                0x00000fb8        0x8 build/ATmega16A/production/src/PrintLable.o
 .text.PrintLableModeEvent
                0x00000fc0       0x2e build/ATmega16A/production/src/PrintLable.o
 .text.F2EvnetNumber
                0x00000fee       0x78 build/ATmega16A/production/src/PrintLable.o
 .text.PrintLableInit
                0x00001066       0x52 build/ATmega16A/production/src/PrintLable.o
                0x00001066                PrintLableInit
 .text.F2EvnetCencel
                0x000010b8        0x4 build/ATmega16A/production/src/PrintLable.o
 .text.LoadFromMemory
                0x000010bc       0x5e build/ATmega16A/production/src/PrintLable.o
                0x000010bc                LoadFromMemory
 .text.SaveIntoMemory
                0x0000111a       0x5a build/ATmega16A/production/src/PrintLable.o
                0x0000111a                SaveIntoMemory
 .text.PrintLableCallBack
                0x00001174      0x4e8 build/ATmega16A/production/src/PrintLable.o
                0x00001174                PrintLableCallBack
 .text.InitMem  0x0000165c        0xe build/ATmega16A/production/src/PrintLable.o
                0x0000165c                InitMem
 .text.PrintActionCallBack
                0x0000166a      0x252 build/ATmega16A/production/src/PrintAction.o
                0x0000166a                PrintActionCallBack
 .text.PrintAction
                0x000018bc       0x12 build/ATmega16A/production/src/PrintAction.o
                0x000018bc                PrintAction
 .text.WorkingTimeCenecl
                0x000018ce        0x8 build/ATmega16A/production/src/WorkingTime.o
 .text.WorkingTimeEnter
                0x000018d6       0xa4 build/ATmega16A/production/src/WorkingTime.o
 .text.WorkingTimeF3
                0x0000197a       0x20 build/ATmega16A/production/src/WorkingTime.o
 .text.WorikingTimeUpdateLcd
                0x0000199a       0x6a build/ATmega16A/production/src/WorkingTime.o
 .text.WorkingTimeF2
                0x00001a04       0x1c build/ATmega16A/production/src/WorkingTime.o
 .text.WorkingTimeF1
                0x00001a20       0x1c build/ATmega16A/production/src/WorkingTime.o
 .text.WorkingTimeCallBack
                0x00001a3c       0xf2 build/ATmega16A/production/src/WorkingTime.o
                0x00001a3c                WorkingTimeCallBack
 .text.changeDeciceTypeEvent
                0x00001b2e       0x14 build/ATmega16A/production/src/AddressableDevice.o
 .text.changeCencelTypeEvent
                0x00001b42        0x8 build/ATmega16A/production/src/AddressableDevice.o
 .text.__vector_11
                0x00001b4a       0xdc build/ATmega16A/production/src/AddressableDevice.o
                0x00001b4a                __vector_11
 .text.stopCommuincationWithOtherDevice
                0x00001c26        0x8 build/ATmega16A/production/src/AddressableDevice.o
                0x00001c26                stopCommuincationWithOtherDevice
 .text.ConnectionTimeOutEvnetCencel
                0x00001c2e       0x14 build/ATmega16A/production/src/AddressableDevice.o
 .text.DeviceTypeCallBack
                0x00001c42       0x8c build/ATmega16A/production/src/AddressableDevice.o
                0x00001c42                DeviceTypeCallBack
 .text.ConnectionDecive
                0x00001cce      0x13c build/ATmega16A/production/src/AddressableDevice.o
                0x00001cce                ConnectionDecive
 .text.setDeciveActive
                0x00001e0a        0x6 build/ATmega16A/production/src/AddressableDevice.o
                0x00001e0a                setDeciveActive
 .text.getSystemType
                0x00001e10        0x6 build/ATmega16A/production/src/AddressableDevice.o
                0x00001e10                getSystemType
 .text.StartConnected
                0x00001e16        0xa build/ATmega16A/production/src/AddressableDevice.o
                0x00001e16                StartConnected
 .text.ds1307Reset
                0x00001e20       0x2a ..\mega2.X\dist\ATmega16\production\mega2.X.a(ds1307.o)
 .text.ds1307Init
                0x00001e4a       0x3e ..\mega2.X\dist\ATmega16\production\mega2.X.a(ds1307.o)
                0x00001e4a                ds1307Init
 .text.ds1307Driver
                0x00001e88       0xc6 ..\mega2.X\dist\ATmega16\production\mega2.X.a(ds1307.o)
                0x00001e88                ds1307Driver
 .text.ds1307SetDate
                0x00001f4e       0x5e ..\mega2.X\dist\ATmega16\production\mega2.X.a(ds1307.o)
                0x00001f4e                ds1307SetDate
 .text.__exeepromAssignData
                0x00001fac       0x5e ..\mega2.X\dist\ATmega16\production\mega2.X.a(exEprom.o)
 .text.exeepromReady
                0x0000200a        0xe ..\mega2.X\dist\ATmega16\production\mega2.X.a(exEprom.o)
                0x0000200a                exeepromReady
 .text.exeepromWriteBuffer
                0x00002018        0xc ..\mega2.X\dist\ATmega16\production\mega2.X.a(exEprom.o)
                0x00002018                exeepromWriteBuffer
 .text.exeepromRequestSteram
                0x00002024       0x12 ..\mega2.X\dist\ATmega16\production\mega2.X.a(exEprom.o)
                0x00002024                exeepromRequestSteram
 .text.exeepromDriver
                0x00002036      0x16c ..\mega2.X\dist\ATmega16\production\mega2.X.a(exEprom.o)
                0x00002036                exeepromDriver
 .text.exEepromInit
                0x000021a2       0x46 ..\mega2.X\dist\ATmega16\production\mega2.X.a(exEprom.o)
                0x000021a2                exEepromInit
 .text.exEepromRead
                0x000021e8        0xc ..\mega2.X\dist\ATmega16\production\mega2.X.a(exEprom.o)
                0x000021e8                exEepromRead
 .text.scanCOLs
                0x000021f4       0x22 ..\mega2.X\dist\ATmega16\production\mega2.X.a(keypad.o)
 .text.scanRows
                0x00002216       0x22 ..\mega2.X\dist\ATmega16\production\mega2.X.a(keypad.o)
 .text.RowsInputColsOutput
                0x00002238       0x58 ..\mega2.X\dist\ATmega16\production\mega2.X.a(keypad.o)
 .text.KeyAssignCode
                0x00002290       0x6c ..\mega2.X\dist\ATmega16\production\mega2.X.a(keypad.o)
 .text.KeyDeBoundCountFun
                0x000022fc       0x8a ..\mega2.X\dist\ATmega16\production\mega2.X.a(keypad.o)
 .text.keyscan  0x00002386       0x18 ..\mega2.X\dist\ATmega16\production\mega2.X.a(keypad.o)
                0x00002386                keyscan
 .text.keyInit  0x0000239e       0x8e ..\mega2.X\dist\ATmega16\production\mega2.X.a(keypad.o)
                0x0000239e                keyInit
 .text.KeypadAssignCosntEvents
                0x0000242c       0x16 ..\mega2.X\dist\ATmega16\production\mega2.X.a(keypad.o)
                0x0000242c                KeypadAssignCosntEvents
 .text.KeypadRegisterEvent
                0x00002442       0x12 ..\mega2.X\dist\ATmega16\production\mega2.X.a(keypad.o)
                0x00002442                KeypadRegisterEvent
 .text.KeypadDriver
                0x00002454      0x23c ..\mega2.X\dist\ATmega16\production\mega2.X.a(keypad.o)
                0x00002454                KeypadDriver
 .text.KeypadResetTabCounter
                0x00002690       0x1c ..\mega2.X\dist\ATmega16\production\mega2.X.a(keypad.o)
                0x00002690                KeypadResetTabCounter
 .text.setlcdInputPin
                0x000026ac       0x16 ..\mega2.X\dist\ATmega16\production\mega2.X.a(lcd.o)
 .text.setlcdOutPin
                0x000026c2        0xc ..\mega2.X\dist\ATmega16\production\mega2.X.a(lcd.o)
 .text.Pulse_En
                0x000026ce        0xc ..\mega2.X\dist\ATmega16\production\mega2.X.a(lcd.o)
 .text.lcdWaitBusy
                0x000026da       0x3e ..\mega2.X\dist\ATmega16\production\mega2.X.a(lcd.o)
 .text.lcdSend  0x00002718       0x8e ..\mega2.X\dist\ATmega16\production\mega2.X.a(lcd.o)
 .text.lcdSendCommand
                0x000027a6       0x12 ..\mega2.X\dist\ATmega16\production\mega2.X.a(lcd.o)
 .text.lcdSendCommdHigh
                0x000027b8       0x46 ..\mega2.X\dist\ATmega16\production\mega2.X.a(lcd.o)
 .text.lcdNoBlink
                0x000027fe        0xc ..\mega2.X\dist\ATmega16\production\mega2.X.a(lcd.o)
                0x000027fe                lcdNoBlink
 .text.lcdBlink
                0x0000280a       0x1e ..\mega2.X\dist\ATmega16\production\mega2.X.a(lcd.o)
                0x0000280a                lcdBlink
 .text.lcdHwInit
                0x00002828       0x16 ..\mega2.X\dist\ATmega16\production\mega2.X.a(lcd.o)
                0x00002828                lcdHwInit
 .text.lcdwritebuf
                0x0000283e       0x1a ..\mega2.X\dist\ATmega16\production\mega2.X.a(lcd.o)
                0x0000283e                lcdwritebuf
 .text.lcdClearlines
                0x00002858       0x1a ..\mega2.X\dist\ATmega16\production\mega2.X.a(lcd.o)
                0x00002858                lcdClearlines
 .text.lcdClear
                0x00002872        0xc ..\mega2.X\dist\ATmega16\production\mega2.X.a(lcd.o)
                0x00002872                lcdClear
 .text.lcdDriver
                0x0000287e      0x19a ..\mega2.X\dist\ATmega16\production\mega2.X.a(lcd.o)
                0x0000287e                lcdDriver
 .text.lcdIsBusy
                0x00002a18        0x8 ..\mega2.X\dist\ATmega16\production\mega2.X.a(lcd.o)
                0x00002a18                lcdIsBusy
 .text.lcdUpdateNow
                0x00002a20        0xc ..\mega2.X\dist\ATmega16\production\mega2.X.a(lcd.o)
                0x00002a20                lcdUpdateNow
 .text.lcdWriteromFlash
                0x00002a2c       0x36 ..\mega2.X\dist\ATmega16\production\mega2.X.a(lcd.o)
                0x00002a2c                lcdWriteromFlash
 .text.lcdWriteString
                0x00002a62       0x2a ..\mega2.X\dist\ATmega16\production\mega2.X.a(lcd.o)
                0x00002a62                lcdWriteString
 .text.showMenueItem
                0x00002a8c       0x20 ..\mega2.X\dist\ATmega16\production\mega2.X.a(lcdmnue.o)
 .text.menueDownEventEvent
                0x00002aac       0x38 ..\mega2.X\dist\ATmega16\production\mega2.X.a(lcdmnue.o)
 .text.menueUpEvent
                0x00002ae4       0x36 ..\mega2.X\dist\ATmega16\production\mega2.X.a(lcdmnue.o)
 .text.MenuRegisterKey.part.0
                0x00002b1a       0x28 ..\mega2.X\dist\ATmega16\production\mega2.X.a(lcdmnue.o)
 .text.menuAction
                0x00002b42       0x8e ..\mega2.X\dist\ATmega16\production\mega2.X.a(lcdmnue.o)
 .text.MenuRegisterKey.constprop.2
                0x00002bd0       0x28 ..\mega2.X\dist\ATmega16\production\mega2.X.a(lcdmnue.o)
 .text.menueCencelEvent
                0x00002bf8       0x88 ..\mega2.X\dist\ATmega16\production\mega2.X.a(lcdmnue.o)
 .text.menueEnterEvent
                0x00002c80       0x2a ..\mega2.X\dist\ATmega16\production\mega2.X.a(lcdmnue.o)
 .text.MenuInit
                0x00002caa       0x12 ..\mega2.X\dist\ATmega16\production\mega2.X.a(lcdmnue.o)
                0x00002caa                MenuInit
 .text.menueDriver
                0x00002cbc       0x82 ..\mega2.X\dist\ATmega16\production\mega2.X.a(lcdmnue.o)
                0x00002cbc                menueDriver
 .text.menuIsOpen
                0x00002d3e        0xc ..\mega2.X\dist\ATmega16\production\mega2.X.a(lcdmnue.o)
                0x00002d3e                menuIsOpen
 .text.menuStart
                0x00002d4a       0x16 ..\mega2.X\dist\ATmega16\production\mega2.X.a(lcdmnue.o)
                0x00002d4a                menuStart
 .text.__vector_19
                0x00002d60      0x13e ..\mega2.X\dist\ATmega16\production\mega2.X.a(system.o)
                0x00002d60                __vector_19
 .text.systemInit
                0x00002e9e       0x48 ..\mega2.X\dist\ATmega16\production\mega2.X.a(system.o)
                0x00002e9e                systemInit
 .text.sysUpdateNow
                0x00002ee6       0x2a ..\mega2.X\dist\ATmega16\production\mega2.X.a(system.o)
                0x00002ee6                sysUpdateNow
 .text.systemSecondEvent
                0x00002f10       0x10 ..\mega2.X\dist\ATmega16\production\mega2.X.a(system.o)
                0x00002f10                systemSecondEvent
 .text.ClearsystemSecondEvent
                0x00002f20        0x8 ..\mega2.X\dist\ATmega16\production\mega2.X.a(system.o)
                0x00002f20                ClearsystemSecondEvent
 .text.systemMillis
                0x00002f28       0x18 ..\mega2.X\dist\ATmega16\production\mega2.X.a(system.o)
                0x00002f28                systemMillis
 .text.sysIsTimeoutMs
                0x00002f40       0x4c ..\mega2.X\dist\ATmega16\production\mega2.X.a(system.o)
                0x00002f40                sysIsTimeoutMs
 .text.systemMicros
                0x00002f8c       0x4c ..\mega2.X\dist\ATmega16\production\mega2.X.a(system.o)
                0x00002f8c                systemMicros
 .text.systemNow
                0x00002fd8       0x18 ..\mega2.X\dist\ATmega16\production\mega2.X.a(system.o)
                0x00002fd8                systemNow
 .text.systemReadHalfSecond
                0x00002ff0        0xc ..\mega2.X\dist\ATmega16\production\mega2.X.a(system.o)
                0x00002ff0                systemReadHalfSecond
 .text.setupHwTimer0
                0x00002ffc       0x24 ..\mega2.X\dist\ATmega16\production\mega2.X.a(system.o)
                0x00002ffc                setupHwTimer0
 .text.date2days
                0x00003020       0x64 ..\mega2.X\dist\ATmega16\production\mega2.X.a(time.o)
 .text.DateTimeFromTimeStamp
                0x00003084       0xf6 ..\mega2.X\dist\ATmega16\production\mega2.X.a(time.o)
                0x00003084                DateTimeFromTimeStamp
 .text.DateTimeUnixtime
                0x0000317a       0x6c ..\mega2.X\dist\ATmega16\production\mega2.X.a(time.o)
                0x0000317a                DateTimeUnixtime
 .text.PrintTime
                0x000031e6       0x42 ..\mega2.X\dist\ATmega16\production\mega2.X.a(time.o)
                0x000031e6                PrintTime
 .text.PrintDate
                0x00003228       0x84 ..\mega2.X\dist\ATmega16\production\mega2.X.a(time.o)
                0x00003228                PrintDate
 .text.Toneplay
                0x000032ac       0xfe ..\mega2.X\dist\ATmega16\production\mega2.X.a(tone.o)
                0x000032ac                Toneplay
 .text.ToneInit
                0x000033aa       0x10 ..\mega2.X\dist\ATmega16\production\mega2.X.a(tone.o)
                0x000033aa                ToneInit
 .text.ToneDriver
                0x000033ba       0x66 ..\mega2.X\dist\ATmega16\production\mega2.X.a(tone.o)
                0x000033ba                ToneDriver
 .text.twi_master_bus_reset
                0x00003420       0x10 ..\mega2.X\dist\ATmega16\production\mega2.X.a(twi.o)
 .text.__vector_17
                0x00003430      0x22e ..\mega2.X\dist\ATmega16\production\mega2.X.a(twi.o)
                0x00003430                __vector_17
 .text.twi_master_write
                0x0000365e       0x8c ..\mega2.X\dist\ATmega16\production\mega2.X.a(twi.o)
                0x0000365e                twi_master_write
 .text.twi_master_read
                0x000036ea       0x92 ..\mega2.X\dist\ATmega16\production\mega2.X.a(twi.o)
                0x000036ea                twi_master_read
 .text.twi_master_init
                0x0000377c       0x24 ..\mega2.X\dist\ATmega16\production\mega2.X.a(twi.o)
                0x0000377c                twi_master_init
 .text.usart0PutByte
                0x000037a0        0x4 ..\mega2.X\dist\ATmega16\production\mega2.X.a(usart.o)
                0x000037a0                usart0PutByte
 .text.usart0GetByte
                0x000037a4        0x4 ..\mega2.X\dist\ATmega16\production\mega2.X.a(usart.o)
                0x000037a4                usart0GetByte
 .text.usartInit
                0x000037a8       0x10 ..\mega2.X\dist\ATmega16\production\mega2.X.a(usart.o)
                0x000037a8                usartInit
 .text.uXXToASII
                0x000037b8       0xae ..\mega2.X\dist\ATmega16\production\mega2.X.a(utility.o)
 .text.Match_2BUF
                0x00003866       0x1e ..\mega2.X\dist\ATmega16\production\mega2.X.a(utility.o)
                0x00003866                Match_2BUF
 .text.u16TOASII
                0x00003884        0xc ..\mega2.X\dist\ATmega16\production\mega2.X.a(utility.o)
                0x00003884                u16TOASII
 .text.u8TOASII
                0x00003890        0xe ..\mega2.X\dist\ATmega16\production\mega2.X.a(utility.o)
                0x00003890                u8TOASII
 .text.u32TOASII
                0x0000389e        0x6 ..\mega2.X\dist\ATmega16\production\mega2.X.a(utility.o)
                0x0000389e                u32TOASII
 .text.scllormessage
                0x000038a4       0x5a ..\mega2.X\dist\ATmega16\production\mega2.X.a(utility.o)
                0x000038a4                scllormessage
 .text.DecToBcdFun
                0x000038fe       0x12 ..\mega2.X\dist\ATmega16\production\mega2.X.a(utility.o)
                0x000038fe                DecToBcdFun
 .text.BcdToDecFun
                0x00003910       0x12 ..\mega2.X\dist\ATmega16\production\mega2.X.a(utility.o)
                0x00003910                BcdToDecFun
 .text.conv2d   0x00003922       0x1a ..\mega2.X\dist\ATmega16\production\mega2.X.a(utility.o)
                0x00003922                conv2d
 .text.print2d  0x0000393c       0x16 ..\mega2.X\dist\ATmega16\production\mega2.X.a(utility.o)
                0x0000393c                print2d
 .text.ResetScollMessage
                0x00003952        0x6 ..\mega2.X\dist\ATmega16\production\mega2.X.a(utility.o)
                0x00003952                ResetScollMessage
 .text.copyBuff
                0x00003958       0x18 ..\mega2.X\dist\ATmega16\production\mega2.X.a(utility.o)
                0x00003958                copyBuff
 .text.PrintMessage
                0x00003970       0x4a ..\mega2.X\dist\ATmega16\production\mega2.X.a(utility.o)
                0x00003970                PrintMessage
 .text.__vector_13
                0x000039ba       0x76 ..\mega2.X\dist\ATmega16\production\mega2.X.a(ZLP.o)
                0x000039ba                __vector_13
 .text.ZLPInit  0x00003a30       0x12 ..\mega2.X\dist\ATmega16\production\mega2.X.a(ZLP.o)
                0x00003a30                ZLPInit
 .text.ZLPPrintState
                0x00003a42        0x6 ..\mega2.X\dist\ATmega16\production\mega2.X.a(ZLP.o)
                0x00003a42                ZLPPrintState
 .text.ZLPPrintNOW
                0x00003a48       0x80 ..\mega2.X\dist\ATmega16\production\mega2.X.a(ZLP.o)
                0x00003a48                ZLPPrintNOW
 .text.ZLPsetData
                0x00003ac8      0x10a ..\mega2.X\dist\ATmega16\production\mega2.X.a(ZLP.o)
                0x00003ac8                ZLPsetData
 .text.ZLPClearLastLable
                0x00003bd2       0x60 ..\mega2.X\dist\ATmega16\production\mega2.X.a(ZLP.o)
                0x00003bd2                ZLPClearLastLable
 .text.ZLPPirentLOGO
                0x00003c32       0x38 ..\mega2.X\dist\ATmega16\production\mega2.X.a(ZLP.o)
                0x00003c32                ZLPPirentLOGO
 .text.startup.main
                0x00003c6a       0x5a ..\mega2.X\dist\ATmega16\production\mega2.X.a(mega.o)
                0x00003c6a                main
 .text.structBufferInit
                0x00003cc4       0x18 ..\mega2.X\dist\ATmega16\production\mega2.X.a(buffers.o)
                0x00003cc4                structBufferInit
 .text.getByte  0x00003cdc       0x30 ..\mega2.X\dist\ATmega16\production\mega2.X.a(buffers.o)
                0x00003cdc                getByte
 .text.putByte  0x00003d0c       0x32 ..\mega2.X\dist\ATmega16\production\mega2.X.a(buffers.o)
                0x00003d0c                putByte
 .text.putStruct
                0x00003d3e       0x64 ..\mega2.X\dist\ATmega16\production\mega2.X.a(buffers.o)
                0x00003d3e                putStruct
 .text.getStruct
                0x00003da2       0x4a ..\mega2.X\dist\ATmega16\production\mega2.X.a(buffers.o)
                0x00003da2                getStruct
 .text.libgcc.div
                0x00003dec       0x18 c:/program files (x86)/atmel/studio/7.0/toolchain/avr8/avr8-gnu-toolchain/bin/../lib/gcc/avr/5.4.0/avr5\libgcc.a(_udivmodqi4.o)
                0x00003dec                __udivmodqi4
 .text.libgcc.div
                0x00003e04       0x28 c:/program files (x86)/atmel/studio/7.0/toolchain/avr8/avr8-gnu-toolchain/bin/../lib/gcc/avr/5.4.0/avr5\libgcc.a(_udivmodhi4.o)
                0x00003e04                __udivmodhi4
 .text.libgcc.div
                0x00003e2c       0x28 c:/program files (x86)/atmel/studio/7.0/toolchain/avr8/avr8-gnu-toolchain/bin/../lib/gcc/avr/5.4.0/avr5\libgcc.a(_divmodhi4.o)
                0x00003e2c                _div
                0x00003e2c                __divmodhi4
 .text.libgcc.div
                0x00003e54       0x44 c:/program files (x86)/atmel/studio/7.0/toolchain/avr8/avr8-gnu-toolchain/bin/../lib/gcc/avr/5.4.0/avr5\libgcc.a(_udivmodsi4.o)
                0x00003e54                __udivmodsi4
 .text.libgcc   0x00003e98        0xc c:/program files (x86)/atmel/studio/7.0/toolchain/avr8/avr8-gnu-toolchain/bin/../lib/gcc/avr/5.4.0/avr5\libgcc.a(_tablejump2.o)
                0x00003e98                __tablejump2__
 .text.libgcc.mul
                0x00003ea4       0x1e c:/program files (x86)/atmel/studio/7.0/toolchain/avr8/avr8-gnu-toolchain/bin/../lib/gcc/avr/5.4.0/avr5\libgcc.a(_umulhisi3.o)
                0x00003ea4                __umulhisi3
 .text.libgcc.mul
                0x00003ec2       0x16 c:/program files (x86)/atmel/studio/7.0/toolchain/avr8/avr8-gnu-toolchain/bin/../lib/gcc/avr/5.4.0/avr5\libgcc.a(_muluhisi3.o)
                0x00003ec2                __muluhisi3
 .text.avr-libc
                0x00003ed8       0x12 c:/program files (x86)/atmel/studio/7.0/toolchain/avr8/avr8-gnu-toolchain/bin/../lib/gcc/avr/5.4.0/../../../../avr/lib/avr5\libc.a(memcpy_P.o)
                0x00003ed8                memcpy_P
 .text.avr-libc
                0x00003eea       0x12 c:/program files (x86)/atmel/studio/7.0/toolchain/avr8/avr8-gnu-toolchain/bin/../lib/gcc/avr/5.4.0/../../../../avr/lib/avr5\libc.a(strlen_P.o)
                0x00003eea                __strlen_P
                0x00003efc                . = ALIGN (0x2)
 *(.fini9)
 .fini9         0x00003efc        0x0 c:/program files (x86)/atmel/studio/7.0/toolchain/avr8/avr8-gnu-toolchain/bin/../lib/gcc/avr/5.4.0/avr5\libgcc.a(_exit.o)
                0x00003efc                _exit
                0x00003efc                exit
 *(.fini9)
 *(.fini8)
 *(.fini8)
 *(.fini7)
 *(.fini7)
 *(.fini6)
 *(.fini6)
 *(.fini5)
 *(.fini5)
 *(.fini4)
 *(.fini4)
 *(.fini3)
 *(.fini3)
 *(.fini2)
 *(.fini2)
 *(.fini1)
 *(.fini1)
 *(.fini0)
 .fini0         0x00003efc        0x4 c:/program files (x86)/atmel/studio/7.0/toolchain/avr8/avr8-gnu-toolchain/bin/../lib/gcc/avr/5.4.0/avr5\libgcc.a(_exit.o)
 *(.fini0)
                0x00003f00                _etext = .

.data           0x00800060       0x2e load address 0x00003f00
                0x00800060                PROVIDE (__data_start, .)
 *(.data)
 *(.data*)
 .data.gu8LCDBuffer
                0x00800060       0x20 ..\mega2.X\dist\ATmega16\production\mega2.X.a(lcd.o)
 *(.gnu.linkonce.d*)
 *(.rodata)
 *(.rodata*)
 .rodata.DateTimeIndexValid
                0x00800080        0x7 build/ATmega16A/production/src/SystemTime.o
 .rodata.gbufLCDIndexed
                0x00800087        0x7 build/ATmega16A/production/src/SystemTime.o
 *(.gnu.linkonce.r*)
                0x0080008e                . = ALIGN (0x2)
                0x0080008e                _edata = .
                0x0080008e                PROVIDE (__data_end, .)

.bss            0x0080008e      0x23c
                0x0080008e                PROVIDE (__bss_start, .)
 *(.bss)
 *(.bss*)
 .bss.gu8LCDBlink
                0x0080008e        0x1 build/ATmega16A/production/src/SystemTime.o
 .bss.gu8SystemTimeState
                0x0080008f        0x1 build/ATmega16A/production/src/SystemTime.o
 .bss.gu8TimeIndexValue
                0x00800090        0x1 build/ATmega16A/production/src/SystemTime.o
 .bss.gstDataTime
                0x00800091        0x7 build/ATmega16A/production/src/SystemTime.o
 .bss.gpF_Action
                0x00800098        0x2 build/ATmega16A/production/src/EventsHandles.o
 .bss.gu8ByteValueNumber
                0x0080009a        0x1 build/ATmega16A/production/src/EventsHandles.o
 .bss.gpCencelAction
                0x0080009b        0x2 build/ATmega16A/production/src/EventsHandles.o
 .bss.gpEnterAction
                0x0080009d        0x2 build/ATmega16A/production/src/EventsHandles.o
 .bss.gpF3_Action
                0x0080009f        0x2 build/ATmega16A/production/src/EventsHandles.o
 .bss.gpF2_Action
                0x008000a1        0x2 build/ATmega16A/production/src/EventsHandles.o
 .bss.gpF1_Action
                0x008000a3        0x2 build/ATmega16A/production/src/EventsHandles.o
 .bss.gpkeyNumberEventValue
                0x008000a5        0x2 build/ATmega16A/production/src/EventsHandles.o
 .bss.gsProductstrings
                0x008000a7       0x2c build/ATmega16A/production/src/CreateProduct.o
 .bss.gu8StringLength
                0x008000d3        0x1 build/ATmega16A/production/src/CreateProduct.o
 .bss.gu8ModelSave
                0x008000d4        0x1 build/ATmega16A/production/src/CreateProduct.o
 .bss.gu8TypingChar
                0x008000d5        0x5 build/ATmega16A/production/src/CreateProduct.o
 .bss.gu8TypingIndex
                0x008000da        0x1 build/ATmega16A/production/src/CreateProduct.o
 .bss.gu8CreateProductState
                0x008000db        0x1 build/ATmega16A/production/src/CreateProduct.o
 .bss.gu8LastProuct
                0x008000dc        0x1 build/ATmega16A/production/src/CreateProduct.o
 .bss.gpProuctString
                0x008000dd        0x2 build/ATmega16A/production/src/CreateProduct.o
 .bss.gu8ProductLCDScoller
                0x008000df       0x10 build/ATmega16A/production/inc/ProductSelect.o
 .bss.gsCurrentProduct
                0x008000ef       0x34 build/ATmega16A/production/inc/ProductSelect.o
 .bss.gu8CurrentProductIndex
                0x00800123        0x1 build/ATmega16A/production/inc/ProductSelect.o
 .bss.gu8SelectProductState
                0x00800124        0x1 build/ATmega16A/production/inc/ProductSelect.o
 .bss.gu8showTimeState
                0x00800125        0x1 build/ATmega16A/production/src/PrintLable.o
 .bss.gu8MEMBuffer
                0x00800126       0x34 build/ATmega16A/production/src/PrintLable.o
 .bss.gu8MemWriteState
                0x0080015a        0x1 build/ATmega16A/production/src/PrintLable.o
 .bss.gu8MemReadState
                0x0080015b        0x1 build/ATmega16A/production/src/PrintLable.o
 .bss.gu8LogData
                0x0080015c        0x1 build/ATmega16A/production/src/PrintLable.o
 .bss.gstProductF1Print
                0x0080015d        0x8 build/ATmega16A/production/src/PrintLable.o
 .bss.gu8PrintF2Toggle
                0x00800165        0x1 build/ATmega16A/production/src/PrintLable.o
 .bss.gu8PrintF2State
                0x00800166        0x1 build/ATmega16A/production/src/PrintLable.o
 .bss.gu8PrintF1State
                0x00800167        0x1 build/ATmega16A/production/src/PrintLable.o
 .bss.gu8PrintLable
                0x00800168        0x1 build/ATmega16A/production/src/PrintLable.o
 .bss.gu8MemPowerOn
                0x00800169        0x1 build/ATmega16A/production/src/PrintLable.o
 .bss.gu8MemInitMem
                0x0080016a        0x1 build/ATmega16A/production/src/PrintLable.o
 .bss.gu8LogoData
                0x0080016b        0x1 build/ATmega16A/production/src/PrintAction.o
 .bss.gpPrintActionProduct
                0x0080016c        0x2 build/ATmega16A/production/src/PrintAction.o
 .bss.gu8PrintActionState
                0x0080016e        0x1 build/ATmega16A/production/src/PrintAction.o
 .bss.gu8WorkingTimeState
                0x0080016f        0x1 build/ATmega16A/production/src/WorkingTime.o
 .bss.gsEditWorkingTime
                0x00800170        0x2 build/ATmega16A/production/src/WorkingTime.o
 .bss.guMoveHour
                0x00800172        0x1 build/ATmega16A/production/src/WorkingTime.o
 .bss.gu8ReceiveLength
                0x00800173        0x1 build/ATmega16A/production/src/AddressableDevice.o
 .bss.gu8SendFlag
                0x00800174        0x1 build/ATmega16A/production/src/AddressableDevice.o
 .bss.gu8ReveiveBuffer
                0x00800175        0x4 build/ATmega16A/production/src/AddressableDevice.o
 .bss.gu8ConnectionState
                0x00800179        0x1 build/ATmega16A/production/src/AddressableDevice.o
 .bss.gpstProductPrint
                0x0080017a        0x2 build/ATmega16A/production/src/AddressableDevice.o
 .bss.gu8DecviceTypeValue
                0x0080017c        0x1 build/ATmega16A/production/src/AddressableDevice.o
 .bss.gu8DecviceTypeState
                0x0080017d        0x1 build/ATmega16A/production/src/AddressableDevice.o
 .bss.gu8SendIndex
                0x0080017e        0x1 build/ATmega16A/production/src/AddressableDevice.o
 .bss.gu8SendBuffer
                0x0080017f        0xa build/ATmega16A/production/src/AddressableDevice.o
 .bss.gu8DeviceState
                0x00800189        0x1 build/ATmega16A/production/src/AddressableDevice.o
 .bss.gstConnectedDeviceTimeOut
                0x0080018a        0x4 build/ATmega16A/production/src/AddressableDevice.o
 .bss.gstDs1307TwiPag
                0x0080018e        0x9 ..\mega2.X\dist\ATmega16\production\mega2.X.a(ds1307.o)
 .bss.gsDs1307TimeOut
                0x00800197        0x4 ..\mega2.X\dist\ATmega16\production\mega2.X.a(ds1307.o)
 .bss.gu8ds1307Buffer
                0x0080019b        0x7 ..\mega2.X\dist\ATmega16\production\mega2.X.a(ds1307.o)
 .bss.gu8UserState
                0x008001a2        0x1 ..\mega2.X\dist\ATmega16\production\mega2.X.a(ds1307.o)
 .bss.gu8ds1307States
                0x008001a3        0x1 ..\mega2.X\dist\ATmega16\production\mega2.X.a(ds1307.o)
 .bss.exEEPROM_desc
                0x008001a4        0xb ..\mega2.X\dist\ATmega16\production\mega2.X.a(exEprom.o)
 .bss.exeeprom_read_buf
                0x008001af       0x34 ..\mega2.X\dist\ATmega16\production\mega2.X.a(exEprom.o)
 .bss.exeepromTwiPackage
                0x008001e3        0x9 ..\mega2.X\dist\ATmega16\production\mega2.X.a(exEprom.o)
 .bss.gpFunKeyEvent
                0x008001ec        0x2 ..\mega2.X\dist\ATmega16\production\mega2.X.a(keypad.o)
 .bss.gGetKey   0x008001ee        0x3 ..\mega2.X\dist\ATmega16\production\mega2.X.a(keypad.o)
 .bss.gpcKeyEvents
                0x008001f1        0x2 ..\mega2.X\dist\ATmega16\production\mega2.X.a(keypad.o)
 .bss.guKeypadFlags
                0x008001f3        0x1 ..\mega2.X\dist\ATmega16\production\mega2.X.a(keypad.o)
 .bss.gstKeyMultiTabTimeOut
                0x008001f4        0x4 ..\mega2.X\dist\ATmega16\production\mega2.X.a(keypad.o)
 .bss.gstKeyLongPreeTimeOut
                0x008001f8        0x4 ..\mega2.X\dist\ATmega16\production\mega2.X.a(keypad.o)
 .bss.gstKeyQueueStructDescriptor
                0x008001fc        0x7 ..\mega2.X\dist\ATmega16\production\mega2.X.a(keypad.o)
 .bss.gKeyEventQueue
                0x00800203        0xc ..\mega2.X\dist\ATmega16\production\mega2.X.a(keypad.o)
 .bss.gpFunKeyEvents
                0x0080020f       0x20 ..\mega2.X\dist\ATmega16\production\mega2.X.a(keypad.o)
 .bss.gu8KeyDounceCounter
                0x0080022f        0x1 ..\mega2.X\dist\ATmega16\production\mega2.X.a(keypad.o)
 .bss.gu8BeforeLastCode
                0x00800230        0x1 ..\mega2.X\dist\ATmega16\production\mega2.X.a(keypad.o)
 .bss.gu8LastCode
                0x00800231        0x1 ..\mega2.X\dist\ATmega16\production\mega2.X.a(keypad.o)
 .bss.gu8CurrentCode
                0x00800232        0x1 ..\mega2.X\dist\ATmega16\production\mega2.X.a(keypad.o)
 .bss.gu8KeyCode
                0x00800233        0x1 ..\mega2.X\dist\ATmega16\production\mega2.X.a(keypad.o)
 .bss.guKeyScanCOL
                0x00800234        0x1 ..\mega2.X\dist\ATmega16\production\mega2.X.a(keypad.o)
 .bss.guKeyScanRow
                0x00800235        0x1 ..\mega2.X\dist\ATmega16\production\mega2.X.a(keypad.o)
 .bss.gpFunKeyScan
                0x00800236        0x2 ..\mega2.X\dist\ATmega16\production\mega2.X.a(keypad.o)
 .bss.gu8LCDPosition
                0x00800238        0x1 ..\mega2.X\dist\ATmega16\production\mega2.X.a(lcd.o)
 .bss.gu8LCDFlags
                0x00800239        0x1 ..\mega2.X\dist\ATmega16\production\mega2.X.a(lcd.o)
 .bss.gu8LcdBufferIndex
                0x0080023a        0x1 ..\mega2.X\dist\ATmega16\production\mega2.X.a(lcd.o)
 .bss.gu8LcdOPtion
                0x0080023b        0x1 ..\mega2.X\dist\ATmega16\production\mega2.X.a(lcd.o)
 .bss.gu8OPenMenueFlag
                0x0080023c        0x1 ..\mega2.X\dist\ATmega16\production\mega2.X.a(lcdmnue.o)
 .bss.gpCurrentMenuItem
                0x0080023d        0x2 ..\mega2.X\dist\ATmega16\production\mega2.X.a(lcdmnue.o)
 .bss.gu8halfSecondEvent
                0x0080023f        0x1 ..\mega2.X\dist\ATmega16\production\mega2.X.a(system.o)
 .bss.gu8SecondEventFlag
                0x00800240        0x1 ..\mega2.X\dist\ATmega16\production\mega2.X.a(system.o)
 .bss.gu16SecondEvent
                0x00800241        0x2 ..\mega2.X\dist\ATmega16\production\mega2.X.a(system.o)
 .bss.gu8NumberOFusPerMs
                0x00800243        0x1 ..\mega2.X\dist\ATmega16\production\mega2.X.a(system.o)
 .bss.gu32SystemTime
                0x00800244        0x4 ..\mega2.X\dist\ATmega16\production\mega2.X.a(system.o)
 .bss.gu32TimeMs
                0x00800248        0x4 ..\mega2.X\dist\ATmega16\production\mega2.X.a(system.o)
 .bss.gu32SystemTick
                0x0080024c        0x4 ..\mega2.X\dist\ATmega16\production\mega2.X.a(system.o)
 .bss.gstTones  0x00800250        0xb ..\mega2.X\dist\ATmega16\production\mega2.X.a(tone.o)
 .bss.master_transfer
                0x0080025b        0x6 ..\mega2.X\dist\ATmega16\production\mega2.X.a(twi.o)
 .bss.twi_mode  0x00800261        0x1 ..\mega2.X\dist\ATmega16\production\mega2.X.a(twi.o)
 .bss.twi_master_busy
                0x00800262        0x1 ..\mega2.X\dist\ATmega16\production\mega2.X.a(twi.o)
 .bss.position  0x00800263        0x1 ..\mega2.X\dist\ATmega16\production\mega2.X.a(utility.o)
 .bss.gu8ZlpConigIndex
                0x00800264        0x1 ..\mega2.X\dist\ATmega16\production\mega2.X.a(ZLP.o)
 .bss.gu8ZlpState
                0x00800265        0x1 ..\mega2.X\dist\ATmega16\production\mega2.X.a(ZLP.o)
 .bss.gu8DataLength
                0x00800266        0x1 ..\mega2.X\dist\ATmega16\production\mega2.X.a(ZLP.o)
 .bss.gu8TextIndex
                0x00800267        0x1 ..\mega2.X\dist\ATmega16\production\mega2.X.a(ZLP.o)
 .bss.gu8ZLPTexbuffer
                0x00800268       0x36 ..\mega2.X\dist\ATmega16\production\mega2.X.a(ZLP.o)
 *(COMMON)
 COMMON         0x0080029e       0x20 build/ATmega16A/production/src/PrintAction.o
                0x0080029e                gu8PrintActionBuffer
 COMMON         0x008002be        0x8 build/ATmega16A/production/src/WorkingTime.o
                0x008002be                gstWorkingTime
 COMMON         0x008002c6        0x4 ..\mega2.X\dist\ATmega16\production\mega2.X.a(exEprom.o)
                0x008002c6                gstExeepromTimeOut
                0x008002ca                PROVIDE (__bss_end, .)
                0x00003f00                __data_load_start = LOADADDR (.data)
                0x00003f2e                __data_load_end = (__data_load_start + SIZEOF (.data))

.noinit         0x008002ca        0x0
                [!provide]                PROVIDE (__noinit_start, .)
 *(.noinit*)
                [!provide]                PROVIDE (__noinit_end, .)
                0x008002ca                _end = .
                [!provide]                PROVIDE (__heap_start, .)

.eeprom         0x00810000        0x0
 *(.eeprom*)
                0x00810000                __eeprom_end = .

.fuse
 *(.fuse)
 *(.lfuse)
 *(.hfuse)
 *(.efuse)

.lock
 *(.lock*)

.signature
 *(.signature*)

.user_signatures
 *(.user_signatures*)

.stab
 *(.stab)

.stabstr
 *(.stabstr)

.stab.excl
 *(.stab.excl)

.stab.exclstr
 *(.stab.exclstr)

.stab.index
 *(.stab.index)

.stab.indexstr
 *(.stab.indexstr)

.comment        0x00000000       0x30
 *(.comment)
 .comment       0x00000000       0x30 build/ATmega16A/production/src/app.o
                                 0x31 (size before relaxing)
 .comment       0x00000030       0x31 build/ATmega16A/production/src/SystemTime.o
 .comment       0x00000030       0x31 build/ATmega16A/production/src/EventsHandles.o
 .comment       0x00000030       0x31 build/ATmega16A/production/src/CreateProduct.o
 .comment       0x00000030       0x31 build/ATmega16A/production/src/message.o
 .comment       0x00000030       0x31 build/ATmega16A/production/inc/ProductSelect.o
 .comment       0x00000030       0x31 build/ATmega16A/production/src/PrintLable.o
 .comment       0x00000030       0x31 build/ATmega16A/production/src/PrintAction.o
 .comment       0x00000030       0x31 build/ATmega16A/production/src/WorkingTime.o
 .comment       0x00000030       0x31 build/ATmega16A/production/src/AddressableDevice.o
 .comment       0x00000030       0x31 ..\mega2.X\dist\ATmega16\production\mega2.X.a(ds1307.o)
 .comment       0x00000030       0x31 ..\mega2.X\dist\ATmega16\production\mega2.X.a(exEprom.o)
 .comment       0x00000030       0x31 ..\mega2.X\dist\ATmega16\production\mega2.X.a(keypad.o)
 .comment       0x00000030       0x31 ..\mega2.X\dist\ATmega16\production\mega2.X.a(lcd.o)
 .comment       0x00000030       0x31 ..\mega2.X\dist\ATmega16\production\mega2.X.a(lcdmnue.o)
 .comment       0x00000030       0x31 ..\mega2.X\dist\ATmega16\production\mega2.X.a(system.o)
 .comment       0x00000030       0x31 ..\mega2.X\dist\ATmega16\production\mega2.X.a(time.o)
 .comment       0x00000030       0x31 ..\mega2.X\dist\ATmega16\production\mega2.X.a(tone.o)
 .comment       0x00000030       0x31 ..\mega2.X\dist\ATmega16\production\mega2.X.a(twi.o)
 .comment       0x00000030       0x31 ..\mega2.X\dist\ATmega16\production\mega2.X.a(usart.o)
 .comment       0x00000030       0x31 ..\mega2.X\dist\ATmega16\production\mega2.X.a(utility.o)
 .comment       0x00000030       0x31 ..\mega2.X\dist\ATmega16\production\mega2.X.a(ZLP.o)
 .comment       0x00000030       0x31 ..\mega2.X\dist\ATmega16\production\mega2.X.a(mega.o)
 .comment       0x00000030       0x31 ..\mega2.X\dist\ATmega16\production\mega2.X.a(buffers.o)

.note.gnu.avr.deviceinfo
                0x00000000       0x3c
 .note.gnu.avr.deviceinfo
                0x00000000       0x3c C:/Program Files/Microchip/MPLABX/v6.05/packs/Microchip/ATmega_DFP/3.0.158/gcc/dev/atmega16a/avr5/crtatmega16a.o

.note.gnu.build-id
 *(.note.gnu.build-id)

.debug
 *(.debug)

.line
 *(.line)

.debug_srcinfo
 *(.debug_srcinfo)

.debug_sfnames
 *(.debug_sfnames)

.debug_aranges
 *(.debug_aranges)

.debug_pubnames
 *(.debug_pubnames)

.debug_info     0x00000000      0x52e
 *(.debug_info .gnu.linkonce.wi.*)
 .debug_info    0x00000000      0x52e C:/Program Files/Microchip/MPLABX/v6.05/packs/Microchip/ATmega_DFP/3.0.158/gcc/dev/atmega16a/avr5/crtatmega16a.o

.debug_abbrev   0x00000000      0x4e7
 *(.debug_abbrev)
 .debug_abbrev  0x00000000      0x4e7 C:/Program Files/Microchip/MPLABX/v6.05/packs/Microchip/ATmega_DFP/3.0.158/gcc/dev/atmega16a/avr5/crtatmega16a.o

.debug_line     0x00000000      0x115
 *(.debug_line .debug_line.* .debug_line_end)
 .debug_line    0x00000000      0x115 C:/Program Files/Microchip/MPLABX/v6.05/packs/Microchip/ATmega_DFP/3.0.158/gcc/dev/atmega16a/avr5/crtatmega16a.o

.debug_frame
 *(.debug_frame)

.debug_str      0x00000000      0x1af
 *(.debug_str)
 .debug_str     0x00000000      0x1af C:/Program Files/Microchip/MPLABX/v6.05/packs/Microchip/ATmega_DFP/3.0.158/gcc/dev/atmega16a/avr5/crtatmega16a.o

.debug_loc
 *(.debug_loc)

.debug_macinfo
 *(.debug_macinfo)

.debug_weaknames
 *(.debug_weaknames)

.debug_funcnames
 *(.debug_funcnames)

.debug_typenames
 *(.debug_typenames)

.debug_varnames
 *(.debug_varnames)

.debug_pubtypes
 *(.debug_pubtypes)

.debug_ranges
 *(.debug_ranges)

.debug_macro
 *(.debug_macro)
OUTPUT(dist/ATmega16A/production/SerialTools2.X.production.elf elf32-avr)
LOAD linker stubs
