Archive member included to satisfy reference by file (symbol)

..\mega2.X\dist\ATmega8\production\mega2.X.a(button.o)
                              build/ATmega8/production/src/app.o (NullIButton)
..\mega2.X\dist\ATmega8\production\mega2.X.a(eeprom.o)
                              build/ATmega8/production/src/resepassword.o (eepromWriteBuf)
..\mega2.X\dist\ATmega8\production\mega2.X.a(keypad.o)
                              build/ATmega8/production/src/events.o (keypadGetEvent)
..\mega2.X\dist\ATmega8\production\mega2.X.a(signalGenertor.o)
                              build/ATmega8/production/src/Indicator.o (SignalStart)
..\mega2.X\dist\ATmega8\production\mega2.X.a(system.o)
                              ..\mega2.X\dist\ATmega8\production\mega2.X.a(eeprom.o) (systemMillis)
..\mega2.X\dist\ATmega8\production\mega2.X.a(mega.o)
                              C:/Program Files/Microchip/MPLABX/v6.05/packs/Microchip/ATmega_DFP/3.0.158/gcc/dev/atmega8a/avr4/crtatmega8a.o (main)
..\mega2.X\dist\ATmega8\production\mega2.X.a(buffers.o)
                              ..\mega2.X\dist\ATmega8\production\mega2.X.a(button.o) (byteBufferInit)
c:/program files (x86)/atmel/studio/7.0/toolchain/avr8/avr8-gnu-toolchain/bin/../lib/gcc/avr/5.4.0/avr4\libgcc.a(_udivmodqi4.o)
                              ..\mega2.X\dist\ATmega8\production\mega2.X.a(buffers.o) (__udivmodqi4)
c:/program files (x86)/atmel/studio/7.0/toolchain/avr8/avr8-gnu-toolchain/bin/../lib/gcc/avr/5.4.0/avr4\libgcc.a(_udivmodhi4.o)
                              ..\mega2.X\dist\ATmega8\production\mega2.X.a(signalGenertor.o) (__udivmodhi4)
c:/program files (x86)/atmel/studio/7.0/toolchain/avr8/avr8-gnu-toolchain/bin/../lib/gcc/avr/5.4.0/avr4\libgcc.a(_udivmodsi4.o)
                              ..\mega2.X\dist\ATmega8\production\mega2.X.a(signalGenertor.o) (__udivmodsi4)
c:/program files (x86)/atmel/studio/7.0/toolchain/avr8/avr8-gnu-toolchain/bin/../lib/gcc/avr/5.4.0/avr4\libgcc.a(_exit.o)
                              C:/Program Files/Microchip/MPLABX/v6.05/packs/Microchip/ATmega_DFP/3.0.158/gcc/dev/atmega8a/avr4/crtatmega8a.o (exit)
c:/program files (x86)/atmel/studio/7.0/toolchain/avr8/avr8-gnu-toolchain/bin/../lib/gcc/avr/5.4.0/avr4\libgcc.a(_clear_bss.o)
                              build/ATmega8/production/src/events.o (__do_clear_bss)
c:/program files (x86)/atmel/studio/7.0/toolchain/avr8/avr8-gnu-toolchain/bin/../lib/gcc/avr/5.4.0/avr4\libgcc.a(_umulhisi3.o)
                              ..\mega2.X\dist\ATmega8\production\mega2.X.a(signalGenertor.o) (__umulhisi3)
c:/program files (x86)/atmel/studio/7.0/toolchain/avr8/avr8-gnu-toolchain/bin/../lib/gcc/avr/5.4.0/avr4\libgcc.a(_muluhisi3.o)
                              ..\mega2.X\dist\ATmega8\production\mega2.X.a(system.o) (__muluhisi3)

Allocating common symbols
Common symbol       size              file

gSignalsArray       0x1e              ..\mega2.X\dist\ATmega8\production\mega2.X.a(signalGenertor.o)
gstEepromTimeOut    0x4               ..\mega2.X\dist\ATmega8\production\mega2.X.a(eeprom.o)

Discarded input sections

 .data          0x00000000        0x0 C:/Program Files/Microchip/MPLABX/v6.05/packs/Microchip/ATmega_DFP/3.0.158/gcc/dev/atmega8a/avr4/crtatmega8a.o
 .bss           0x00000000        0x0 C:/Program Files/Microchip/MPLABX/v6.05/packs/Microchip/ATmega_DFP/3.0.158/gcc/dev/atmega8a/avr4/crtatmega8a.o
 .data          0x00000000        0x0 build/ATmega8/production/src/app.o
 .bss           0x00000000        0x0 build/ATmega8/production/src/app.o
 .data          0x00000000        0x0 build/ATmega8/production/src/events.o
 .bss           0x00000000        0x0 build/ATmega8/production/src/events.o
 .data          0x00000000        0x0 build/ATmega8/production/src/resepassword.o
 .bss           0x00000000        0x0 build/ATmega8/production/src/resepassword.o
 .data          0x00000000        0x0 build/ATmega8/production/src/Indicator.o
 .bss           0x00000000        0x0 build/ATmega8/production/src/Indicator.o
 .data          0x00000000        0x0 build/ATmega8/production/src/defalut.o
 .bss           0x00000000        0x0 build/ATmega8/production/src/defalut.o
 .data          0x00000000        0x0 build/ATmega8/production/src/user.o
 .bss           0x00000000        0x0 build/ATmega8/production/src/user.o
 .text          0x00000000        0x0 ..\mega2.X\dist\ATmega8\production\mega2.X.a(button.o)
 .data          0x00000000        0x0 ..\mega2.X\dist\ATmega8\production\mega2.X.a(button.o)
 .bss           0x00000000        0x0 ..\mega2.X\dist\ATmega8\production\mega2.X.a(button.o)
 .text          0x00000000        0x0 ..\mega2.X\dist\ATmega8\production\mega2.X.a(eeprom.o)
 .data          0x00000000        0x0 ..\mega2.X\dist\ATmega8\production\mega2.X.a(eeprom.o)
 .bss           0x00000000        0x0 ..\mega2.X\dist\ATmega8\production\mega2.X.a(eeprom.o)
 .text.eepromRequestByte
                0x00000000       0x44 ..\mega2.X\dist\ATmega8\production\mega2.X.a(eeprom.o)
 .text          0x00000000        0x0 ..\mega2.X\dist\ATmega8\production\mega2.X.a(keypad.o)
 .data          0x00000000        0x0 ..\mega2.X\dist\ATmega8\production\mega2.X.a(keypad.o)
 .bss           0x00000000        0x0 ..\mega2.X\dist\ATmega8\production\mega2.X.a(keypad.o)
 .text          0x00000000        0x0 ..\mega2.X\dist\ATmega8\production\mega2.X.a(signalGenertor.o)
 .data          0x00000000        0x0 ..\mega2.X\dist\ATmega8\production\mega2.X.a(signalGenertor.o)
 .bss           0x00000000        0x0 ..\mega2.X\dist\ATmega8\production\mega2.X.a(signalGenertor.o)
 .text.SignalsState
                0x00000000       0x18 ..\mega2.X\dist\ATmega8\production\mega2.X.a(signalGenertor.o)
 .text          0x00000000        0x0 ..\mega2.X\dist\ATmega8\production\mega2.X.a(system.o)
 .data          0x00000000        0x0 ..\mega2.X\dist\ATmega8\production\mega2.X.a(system.o)
 .bss           0x00000000        0x0 ..\mega2.X\dist\ATmega8\production\mega2.X.a(system.o)
 .text.sysUpdateNow
                0x00000000       0x18 ..\mega2.X\dist\ATmega8\production\mega2.X.a(system.o)
 .text.sysTimerInitMS
                0x00000000       0x96 ..\mega2.X\dist\ATmega8\production\mega2.X.a(system.o)
 .text.sysTimerResetMS
                0x00000000       0x42 ..\mega2.X\dist\ATmega8\production\mega2.X.a(system.o)
 .text.sysTimerCheckMs
                0x00000000       0x94 ..\mega2.X\dist\ATmega8\production\mega2.X.a(system.o)
 .text.systemMicros
                0x00000000       0x40 ..\mega2.X\dist\ATmega8\production\mega2.X.a(system.o)
 .text.sysTimerInitUs
                0x00000000       0x96 ..\mega2.X\dist\ATmega8\production\mega2.X.a(system.o)
 .text.sysIsTimeoutUs
                0x00000000       0x4a ..\mega2.X\dist\ATmega8\production\mega2.X.a(system.o)
 .text.sysTimerResetUS
                0x00000000       0x42 ..\mega2.X\dist\ATmega8\production\mega2.X.a(system.o)
 .text.sysTimerCheckUs
                0x00000000       0x94 ..\mega2.X\dist\ATmega8\production\mega2.X.a(system.o)
 .text.sysTimerInitS
                0x00000000       0x76 ..\mega2.X\dist\ATmega8\production\mega2.X.a(system.o)
 .text.sysTimerResetS
                0x00000000       0x42 ..\mega2.X\dist\ATmega8\production\mega2.X.a(system.o)
 .text.sysTimerCheckS
                0x00000000       0x72 ..\mega2.X\dist\ATmega8\production\mega2.X.a(system.o)
 .text          0x00000000        0x0 ..\mega2.X\dist\ATmega8\production\mega2.X.a(mega.o)
 .data          0x00000000        0x0 ..\mega2.X\dist\ATmega8\production\mega2.X.a(mega.o)
 .bss           0x00000000        0x0 ..\mega2.X\dist\ATmega8\production\mega2.X.a(mega.o)
 .text          0x00000000        0x0 ..\mega2.X\dist\ATmega8\production\mega2.X.a(buffers.o)
 .data          0x00000000        0x0 ..\mega2.X\dist\ATmega8\production\mega2.X.a(buffers.o)
 .bss           0x00000000        0x0 ..\mega2.X\dist\ATmega8\production\mega2.X.a(buffers.o)
 .text.structBufferInit
                0x00000000       0x12 ..\mega2.X\dist\ATmega8\production\mega2.X.a(buffers.o)
 .text.TLVBufferInit
                0x00000000       0x12 ..\mega2.X\dist\ATmega8\production\mega2.X.a(buffers.o)
 .text.getExistingLength
                0x00000000        0x6 ..\mega2.X\dist\ATmega8\production\mega2.X.a(buffers.o)
 .text.getTlvCount
                0x00000000        0x6 ..\mega2.X\dist\ATmega8\production\mega2.X.a(buffers.o)
 .text.getStructCount
                0x00000000        0xa ..\mega2.X\dist\ATmega8\production\mega2.X.a(buffers.o)
 .text.putStruct
                0x00000000       0x62 ..\mega2.X\dist\ATmega8\production\mega2.X.a(buffers.o)
 .text.getStruct
                0x00000000       0x48 ..\mega2.X\dist\ATmega8\production\mega2.X.a(buffers.o)
 .text.putTLV   0x00000000       0x7e ..\mega2.X\dist\ATmega8\production\mega2.X.a(buffers.o)
 .text.getTLV   0x00000000       0x56 ..\mega2.X\dist\ATmega8\production\mega2.X.a(buffers.o)
 .text          0x00000000        0x0 c:/program files (x86)/atmel/studio/7.0/toolchain/avr8/avr8-gnu-toolchain/bin/../lib/gcc/avr/5.4.0/avr4\libgcc.a(_udivmodqi4.o)
 .data          0x00000000        0x0 c:/program files (x86)/atmel/studio/7.0/toolchain/avr8/avr8-gnu-toolchain/bin/../lib/gcc/avr/5.4.0/avr4\libgcc.a(_udivmodqi4.o)
 .bss           0x00000000        0x0 c:/program files (x86)/atmel/studio/7.0/toolchain/avr8/avr8-gnu-toolchain/bin/../lib/gcc/avr/5.4.0/avr4\libgcc.a(_udivmodqi4.o)
 .text.libgcc.mul
                0x00000000        0x0 c:/program files (x86)/atmel/studio/7.0/toolchain/avr8/avr8-gnu-toolchain/bin/../lib/gcc/avr/5.4.0/avr4\libgcc.a(_udivmodqi4.o)
 .text.libgcc.div
                0x00000000       0x18 c:/program files (x86)/atmel/studio/7.0/toolchain/avr8/avr8-gnu-toolchain/bin/../lib/gcc/avr/5.4.0/avr4\libgcc.a(_udivmodqi4.o)
 .text.libgcc   0x00000000        0x0 c:/program files (x86)/atmel/studio/7.0/toolchain/avr8/avr8-gnu-toolchain/bin/../lib/gcc/avr/5.4.0/avr4\libgcc.a(_udivmodqi4.o)
 .text.libgcc.prologue
                0x00000000        0x0 c:/program files (x86)/atmel/studio/7.0/toolchain/avr8/avr8-gnu-toolchain/bin/../lib/gcc/avr/5.4.0/avr4\libgcc.a(_udivmodqi4.o)
 .text.libgcc.builtins
                0x00000000        0x0 c:/program files (x86)/atmel/studio/7.0/toolchain/avr8/avr8-gnu-toolchain/bin/../lib/gcc/avr/5.4.0/avr4\libgcc.a(_udivmodqi4.o)
 .text.libgcc.fmul
                0x00000000        0x0 c:/program files (x86)/atmel/studio/7.0/toolchain/avr8/avr8-gnu-toolchain/bin/../lib/gcc/avr/5.4.0/avr4\libgcc.a(_udivmodqi4.o)
 .text.libgcc.fixed
                0x00000000        0x0 c:/program files (x86)/atmel/studio/7.0/toolchain/avr8/avr8-gnu-toolchain/bin/../lib/gcc/avr/5.4.0/avr4\libgcc.a(_udivmodqi4.o)
 .text          0x00000000        0x0 c:/program files (x86)/atmel/studio/7.0/toolchain/avr8/avr8-gnu-toolchain/bin/../lib/gcc/avr/5.4.0/avr4\libgcc.a(_udivmodhi4.o)
 .data          0x00000000        0x0 c:/program files (x86)/atmel/studio/7.0/toolchain/avr8/avr8-gnu-toolchain/bin/../lib/gcc/avr/5.4.0/avr4\libgcc.a(_udivmodhi4.o)
 .bss           0x00000000        0x0 c:/program files (x86)/atmel/studio/7.0/toolchain/avr8/avr8-gnu-toolchain/bin/../lib/gcc/avr/5.4.0/avr4\libgcc.a(_udivmodhi4.o)
 .text.libgcc.mul
                0x00000000        0x0 c:/program files (x86)/atmel/studio/7.0/toolchain/avr8/avr8-gnu-toolchain/bin/../lib/gcc/avr/5.4.0/avr4\libgcc.a(_udivmodhi4.o)
 .text.libgcc   0x00000000        0x0 c:/program files (x86)/atmel/studio/7.0/toolchain/avr8/avr8-gnu-toolchain/bin/../lib/gcc/avr/5.4.0/avr4\libgcc.a(_udivmodhi4.o)
 .text.libgcc.prologue
                0x00000000        0x0 c:/program files (x86)/atmel/studio/7.0/toolchain/avr8/avr8-gnu-toolchain/bin/../lib/gcc/avr/5.4.0/avr4\libgcc.a(_udivmodhi4.o)
 .text.libgcc.builtins
                0x00000000        0x0 c:/program files (x86)/atmel/studio/7.0/toolchain/avr8/avr8-gnu-toolchain/bin/../lib/gcc/avr/5.4.0/avr4\libgcc.a(_udivmodhi4.o)
 .text.libgcc.fmul
                0x00000000        0x0 c:/program files (x86)/atmel/studio/7.0/toolchain/avr8/avr8-gnu-toolchain/bin/../lib/gcc/avr/5.4.0/avr4\libgcc.a(_udivmodhi4.o)
 .text.libgcc.fixed
                0x00000000        0x0 c:/program files (x86)/atmel/studio/7.0/toolchain/avr8/avr8-gnu-toolchain/bin/../lib/gcc/avr/5.4.0/avr4\libgcc.a(_udivmodhi4.o)
 .text          0x00000000        0x0 c:/program files (x86)/atmel/studio/7.0/toolchain/avr8/avr8-gnu-toolchain/bin/../lib/gcc/avr/5.4.0/avr4\libgcc.a(_udivmodsi4.o)
 .data          0x00000000        0x0 c:/program files (x86)/atmel/studio/7.0/toolchain/avr8/avr8-gnu-toolchain/bin/../lib/gcc/avr/5.4.0/avr4\libgcc.a(_udivmodsi4.o)
 .bss           0x00000000        0x0 c:/program files (x86)/atmel/studio/7.0/toolchain/avr8/avr8-gnu-toolchain/bin/../lib/gcc/avr/5.4.0/avr4\libgcc.a(_udivmodsi4.o)
 .text.libgcc.mul
                0x00000000        0x0 c:/program files (x86)/atmel/studio/7.0/toolchain/avr8/avr8-gnu-toolchain/bin/../lib/gcc/avr/5.4.0/avr4\libgcc.a(_udivmodsi4.o)
 .text.libgcc   0x00000000        0x0 c:/program files (x86)/atmel/studio/7.0/toolchain/avr8/avr8-gnu-toolchain/bin/../lib/gcc/avr/5.4.0/avr4\libgcc.a(_udivmodsi4.o)
 .text.libgcc.prologue
                0x00000000        0x0 c:/program files (x86)/atmel/studio/7.0/toolchain/avr8/avr8-gnu-toolchain/bin/../lib/gcc/avr/5.4.0/avr4\libgcc.a(_udivmodsi4.o)
 .text.libgcc.builtins
                0x00000000        0x0 c:/program files (x86)/atmel/studio/7.0/toolchain/avr8/avr8-gnu-toolchain/bin/../lib/gcc/avr/5.4.0/avr4\libgcc.a(_udivmodsi4.o)
 .text.libgcc.fmul
                0x00000000        0x0 c:/program files (x86)/atmel/studio/7.0/toolchain/avr8/avr8-gnu-toolchain/bin/../lib/gcc/avr/5.4.0/avr4\libgcc.a(_udivmodsi4.o)
 .text.libgcc.fixed
                0x00000000        0x0 c:/program files (x86)/atmel/studio/7.0/toolchain/avr8/avr8-gnu-toolchain/bin/../lib/gcc/avr/5.4.0/avr4\libgcc.a(_udivmodsi4.o)
 .text          0x00000000        0x0 c:/program files (x86)/atmel/studio/7.0/toolchain/avr8/avr8-gnu-toolchain/bin/../lib/gcc/avr/5.4.0/avr4\libgcc.a(_exit.o)
 .data          0x00000000        0x0 c:/program files (x86)/atmel/studio/7.0/toolchain/avr8/avr8-gnu-toolchain/bin/../lib/gcc/avr/5.4.0/avr4\libgcc.a(_exit.o)
 .bss           0x00000000        0x0 c:/program files (x86)/atmel/studio/7.0/toolchain/avr8/avr8-gnu-toolchain/bin/../lib/gcc/avr/5.4.0/avr4\libgcc.a(_exit.o)
 .text.libgcc.mul
                0x00000000        0x0 c:/program files (x86)/atmel/studio/7.0/toolchain/avr8/avr8-gnu-toolchain/bin/../lib/gcc/avr/5.4.0/avr4\libgcc.a(_exit.o)
 .text.libgcc.div
                0x00000000        0x0 c:/program files (x86)/atmel/studio/7.0/toolchain/avr8/avr8-gnu-toolchain/bin/../lib/gcc/avr/5.4.0/avr4\libgcc.a(_exit.o)
 .text.libgcc   0x00000000        0x0 c:/program files (x86)/atmel/studio/7.0/toolchain/avr8/avr8-gnu-toolchain/bin/../lib/gcc/avr/5.4.0/avr4\libgcc.a(_exit.o)
 .text.libgcc.prologue
                0x00000000        0x0 c:/program files (x86)/atmel/studio/7.0/toolchain/avr8/avr8-gnu-toolchain/bin/../lib/gcc/avr/5.4.0/avr4\libgcc.a(_exit.o)
 .text.libgcc.builtins
                0x00000000        0x0 c:/program files (x86)/atmel/studio/7.0/toolchain/avr8/avr8-gnu-toolchain/bin/../lib/gcc/avr/5.4.0/avr4\libgcc.a(_exit.o)
 .text.libgcc.fmul
                0x00000000        0x0 c:/program files (x86)/atmel/studio/7.0/toolchain/avr8/avr8-gnu-toolchain/bin/../lib/gcc/avr/5.4.0/avr4\libgcc.a(_exit.o)
 .text.libgcc.fixed
                0x00000000        0x0 c:/program files (x86)/atmel/studio/7.0/toolchain/avr8/avr8-gnu-toolchain/bin/../lib/gcc/avr/5.4.0/avr4\libgcc.a(_exit.o)
 .text          0x00000000        0x0 c:/program files (x86)/atmel/studio/7.0/toolchain/avr8/avr8-gnu-toolchain/bin/../lib/gcc/avr/5.4.0/avr4\libgcc.a(_clear_bss.o)
 .data          0x00000000        0x0 c:/program files (x86)/atmel/studio/7.0/toolchain/avr8/avr8-gnu-toolchain/bin/../lib/gcc/avr/5.4.0/avr4\libgcc.a(_clear_bss.o)
 .bss           0x00000000        0x0 c:/program files (x86)/atmel/studio/7.0/toolchain/avr8/avr8-gnu-toolchain/bin/../lib/gcc/avr/5.4.0/avr4\libgcc.a(_clear_bss.o)
 .text.libgcc.mul
                0x00000000        0x0 c:/program files (x86)/atmel/studio/7.0/toolchain/avr8/avr8-gnu-toolchain/bin/../lib/gcc/avr/5.4.0/avr4\libgcc.a(_clear_bss.o)
 .text.libgcc.div
                0x00000000        0x0 c:/program files (x86)/atmel/studio/7.0/toolchain/avr8/avr8-gnu-toolchain/bin/../lib/gcc/avr/5.4.0/avr4\libgcc.a(_clear_bss.o)
 .text.libgcc   0x00000000        0x0 c:/program files (x86)/atmel/studio/7.0/toolchain/avr8/avr8-gnu-toolchain/bin/../lib/gcc/avr/5.4.0/avr4\libgcc.a(_clear_bss.o)
 .text.libgcc.prologue
                0x00000000        0x0 c:/program files (x86)/atmel/studio/7.0/toolchain/avr8/avr8-gnu-toolchain/bin/../lib/gcc/avr/5.4.0/avr4\libgcc.a(_clear_bss.o)
 .text.libgcc.builtins
                0x00000000        0x0 c:/program files (x86)/atmel/studio/7.0/toolchain/avr8/avr8-gnu-toolchain/bin/../lib/gcc/avr/5.4.0/avr4\libgcc.a(_clear_bss.o)
 .text.libgcc.fmul
                0x00000000        0x0 c:/program files (x86)/atmel/studio/7.0/toolchain/avr8/avr8-gnu-toolchain/bin/../lib/gcc/avr/5.4.0/avr4\libgcc.a(_clear_bss.o)
 .text.libgcc.fixed
                0x00000000        0x0 c:/program files (x86)/atmel/studio/7.0/toolchain/avr8/avr8-gnu-toolchain/bin/../lib/gcc/avr/5.4.0/avr4\libgcc.a(_clear_bss.o)
 .text          0x00000000        0x0 c:/program files (x86)/atmel/studio/7.0/toolchain/avr8/avr8-gnu-toolchain/bin/../lib/gcc/avr/5.4.0/avr4\libgcc.a(_umulhisi3.o)
 .data          0x00000000        0x0 c:/program files (x86)/atmel/studio/7.0/toolchain/avr8/avr8-gnu-toolchain/bin/../lib/gcc/avr/5.4.0/avr4\libgcc.a(_umulhisi3.o)
 .bss           0x00000000        0x0 c:/program files (x86)/atmel/studio/7.0/toolchain/avr8/avr8-gnu-toolchain/bin/../lib/gcc/avr/5.4.0/avr4\libgcc.a(_umulhisi3.o)
 .text.libgcc.div
                0x00000000        0x0 c:/program files (x86)/atmel/studio/7.0/toolchain/avr8/avr8-gnu-toolchain/bin/../lib/gcc/avr/5.4.0/avr4\libgcc.a(_umulhisi3.o)
 .text.libgcc   0x00000000        0x0 c:/program files (x86)/atmel/studio/7.0/toolchain/avr8/avr8-gnu-toolchain/bin/../lib/gcc/avr/5.4.0/avr4\libgcc.a(_umulhisi3.o)
 .text.libgcc.prologue
                0x00000000        0x0 c:/program files (x86)/atmel/studio/7.0/toolchain/avr8/avr8-gnu-toolchain/bin/../lib/gcc/avr/5.4.0/avr4\libgcc.a(_umulhisi3.o)
 .text.libgcc.builtins
                0x00000000        0x0 c:/program files (x86)/atmel/studio/7.0/toolchain/avr8/avr8-gnu-toolchain/bin/../lib/gcc/avr/5.4.0/avr4\libgcc.a(_umulhisi3.o)
 .text.libgcc.fmul
                0x00000000        0x0 c:/program files (x86)/atmel/studio/7.0/toolchain/avr8/avr8-gnu-toolchain/bin/../lib/gcc/avr/5.4.0/avr4\libgcc.a(_umulhisi3.o)
 .text.libgcc.fixed
                0x00000000        0x0 c:/program files (x86)/atmel/studio/7.0/toolchain/avr8/avr8-gnu-toolchain/bin/../lib/gcc/avr/5.4.0/avr4\libgcc.a(_umulhisi3.o)
 .text          0x00000000        0x0 c:/program files (x86)/atmel/studio/7.0/toolchain/avr8/avr8-gnu-toolchain/bin/../lib/gcc/avr/5.4.0/avr4\libgcc.a(_muluhisi3.o)
 .data          0x00000000        0x0 c:/program files (x86)/atmel/studio/7.0/toolchain/avr8/avr8-gnu-toolchain/bin/../lib/gcc/avr/5.4.0/avr4\libgcc.a(_muluhisi3.o)
 .bss           0x00000000        0x0 c:/program files (x86)/atmel/studio/7.0/toolchain/avr8/avr8-gnu-toolchain/bin/../lib/gcc/avr/5.4.0/avr4\libgcc.a(_muluhisi3.o)
 .text.libgcc.mul
                0x00000000       0x14 c:/program files (x86)/atmel/studio/7.0/toolchain/avr8/avr8-gnu-toolchain/bin/../lib/gcc/avr/5.4.0/avr4\libgcc.a(_muluhisi3.o)
 .text.libgcc.div
                0x00000000        0x0 c:/program files (x86)/atmel/studio/7.0/toolchain/avr8/avr8-gnu-toolchain/bin/../lib/gcc/avr/5.4.0/avr4\libgcc.a(_muluhisi3.o)
 .text.libgcc   0x00000000        0x0 c:/program files (x86)/atmel/studio/7.0/toolchain/avr8/avr8-gnu-toolchain/bin/../lib/gcc/avr/5.4.0/avr4\libgcc.a(_muluhisi3.o)
 .text.libgcc.prologue
                0x00000000        0x0 c:/program files (x86)/atmel/studio/7.0/toolchain/avr8/avr8-gnu-toolchain/bin/../lib/gcc/avr/5.4.0/avr4\libgcc.a(_muluhisi3.o)
 .text.libgcc.builtins
                0x00000000        0x0 c:/program files (x86)/atmel/studio/7.0/toolchain/avr8/avr8-gnu-toolchain/bin/../lib/gcc/avr/5.4.0/avr4\libgcc.a(_muluhisi3.o)
 .text.libgcc.fmul
                0x00000000        0x0 c:/program files (x86)/atmel/studio/7.0/toolchain/avr8/avr8-gnu-toolchain/bin/../lib/gcc/avr/5.4.0/avr4\libgcc.a(_muluhisi3.o)
 .text.libgcc.fixed
                0x00000000        0x0 c:/program files (x86)/atmel/studio/7.0/toolchain/avr8/avr8-gnu-toolchain/bin/../lib/gcc/avr/5.4.0/avr4\libgcc.a(_muluhisi3.o)

Memory Configuration

Name             Origin             Length             Attributes
text             0x00000000         0x00002000         xr
data             0x00800060         0x00000400         rw !x
eeprom           0x00810000         0x00000200         rw !x
fuse             0x00820000         0x00000002         rw !x
lock             0x00830000         0x00000400         rw !x
signature        0x00840000         0x00000400         rw !x
user_signatures  0x00850000         0x00000400         rw !x
*default*        0x00000000         0xffffffff

Linker script and memory map

LOAD C:/Program Files/Microchip/MPLABX/v6.05/packs/Microchip/ATmega_DFP/3.0.158/gcc/dev/atmega8a/avr4/crtatmega8a.o
LOAD build/ATmega8/production/src/app.o
LOAD build/ATmega8/production/src/events.o
LOAD build/ATmega8/production/src/resepassword.o
LOAD build/ATmega8/production/src/Indicator.o
LOAD build/ATmega8/production/src/defalut.o
LOAD build/ATmega8/production/src/user.o
LOAD ..\mega2.X\dist\ATmega8\production\mega2.X.a
                0x00000001                __MPLAB_BUILD = 0x1
START GROUP
LOAD c:/program files (x86)/atmel/studio/7.0/toolchain/avr8/avr8-gnu-toolchain/bin/../lib/gcc/avr/5.4.0/../../../../avr/lib/avr4\libm.a
END GROUP
START GROUP
LOAD c:/program files (x86)/atmel/studio/7.0/toolchain/avr8/avr8-gnu-toolchain/bin/../lib/gcc/avr/5.4.0/avr4\libgcc.a
LOAD c:/program files (x86)/atmel/studio/7.0/toolchain/avr8/avr8-gnu-toolchain/bin/../lib/gcc/avr/5.4.0/../../../../avr/lib/avr4\libm.a
LOAD c:/program files (x86)/atmel/studio/7.0/toolchain/avr8/avr8-gnu-toolchain/bin/../lib/gcc/avr/5.4.0/../../../../avr/lib/avr4\libc.a
LOAD C:/Program Files/Microchip/MPLABX/v6.05/packs/Microchip/ATmega_DFP/3.0.158/gcc/dev/atmega8a/avr4\libatmega8a.a
END GROUP
                [0x00000000]                __TEXT_REGION_ORIGIN__ = DEFINED (__TEXT_REGION_ORIGIN__)?__TEXT_REGION_ORIGIN__:0x0
                [0x00800060]                __DATA_REGION_ORIGIN__ = DEFINED (__DATA_REGION_ORIGIN__)?__DATA_REGION_ORIGIN__:0x800060
                [0x00002000]                __TEXT_REGION_LENGTH__ = DEFINED (__TEXT_REGION_LENGTH__)?__TEXT_REGION_LENGTH__:0x2000
                [0x00000400]                __DATA_REGION_LENGTH__ = DEFINED (__DATA_REGION_LENGTH__)?__DATA_REGION_LENGTH__:0xffa0
                [0x00000200]                __EEPROM_REGION_LENGTH__ = DEFINED (__EEPROM_REGION_LENGTH__)?__EEPROM_REGION_LENGTH__:0x10000
                [0x00000002]                __FUSE_REGION_LENGTH__ = DEFINED (__FUSE_REGION_LENGTH__)?__FUSE_REGION_LENGTH__:0x400
                0x00000400                __LOCK_REGION_LENGTH__ = DEFINED (__LOCK_REGION_LENGTH__)?__LOCK_REGION_LENGTH__:0x400
                0x00000400                __SIGNATURE_REGION_LENGTH__ = DEFINED (__SIGNATURE_REGION_LENGTH__)?__SIGNATURE_REGION_LENGTH__:0x400
                0x00000400                __USER_SIGNATURE_REGION_LENGTH__ = DEFINED (__USER_SIGNATURE_REGION_LENGTH__)?__USER_SIGNATURE_REGION_LENGTH__:0x400

.hash
 *(.hash)

.dynsym
 *(.dynsym)

.dynstr
 *(.dynstr)

.gnu.version
 *(.gnu.version)

.gnu.version_d
 *(.gnu.version_d)

.gnu.version_r
 *(.gnu.version_r)

.rel.init
 *(.rel.init)

.rela.init
 *(.rela.init)

.rel.text
 *(.rel.text)
 *(.rel.text.*)
 *(.rel.gnu.linkonce.t*)

.rela.text
 *(.rela.text)
 *(.rela.text.*)
 *(.rela.gnu.linkonce.t*)

.rel.fini
 *(.rel.fini)

.rela.fini
 *(.rela.fini)

.rel.rodata
 *(.rel.rodata)
 *(.rel.rodata.*)
 *(.rel.gnu.linkonce.r*)

.rela.rodata
 *(.rela.rodata)
 *(.rela.rodata.*)
 *(.rela.gnu.linkonce.r*)

.rel.data
 *(.rel.data)
 *(.rel.data.*)
 *(.rel.gnu.linkonce.d*)

.rela.data
 *(.rela.data)
 *(.rela.data.*)
 *(.rela.gnu.linkonce.d*)

.rel.ctors
 *(.rel.ctors)

.rela.ctors
 *(.rela.ctors)

.rel.dtors
 *(.rel.dtors)

.rela.dtors
 *(.rela.dtors)

.rel.got
 *(.rel.got)

.rela.got
 *(.rela.got)

.rel.bss
 *(.rel.bss)

.rela.bss
 *(.rela.bss)

.rel.plt
 *(.rel.plt)

.rela.plt
 *(.rela.plt)

.text           0x00000000     0x1574
 *(.vectors)
 .vectors       0x00000000       0x26 C:/Program Files/Microchip/MPLABX/v6.05/packs/Microchip/ATmega_DFP/3.0.158/gcc/dev/atmega8a/avr4/crtatmega8a.o
                0x00000000                __vector_default
                0x00000000                __vectors
 *(.vectors)
 *(.progmem.gcc*)
                0x00000026                . = ALIGN (0x2)
                0x00000026                __trampolines_start = .
 *(.trampolines)
 .trampolines   0x00000026        0x0 linker stubs
 *(.trampolines*)
                0x00000026                __trampolines_end = .
 *libprintf_flt.a:*(.progmem.data)
 *libc.a:*(.progmem.data)
 *(.progmem*)
 .progmem.data.ResetButton
                0x00000026        0x5 build/ATmega8/production/src/app.o
                0x00000026                ResetButton
 .progmem.data.LED_G
                0x0000002b        0x5 build/ATmega8/production/src/Indicator.o
                0x0000002b                LED_G
 .progmem.data.LED_R
                0x00000030        0x5 build/ATmega8/production/src/Indicator.o
                0x00000030                LED_R
 .progmem.data.BUZ
                0x00000035        0x5 build/ATmega8/production/src/Indicator.o
                0x00000035                BUZ
 .progmem.data.NullIButton
                0x0000003a        0x5 ..\mega2.X\dist\ATmega8\production\mega2.X.a(button.o)
                0x0000003a                NullIButton
 .progmem.data.keyRows
                0x0000003f        0x8 ..\mega2.X\dist\ATmega8\production\mega2.X.a(keypad.o)
 .progmem.data.keyCloumn
                0x00000047        0x6 ..\mega2.X\dist\ATmega8\production\mega2.X.a(keypad.o)
 .progmem.data.NullISignal
                0x0000004d        0x5 ..\mega2.X\dist\ATmega8\production\mega2.X.a(signalGenertor.o)
                0x0000004d                NullISignal
                0x00000052                . = ALIGN (0x2)
 *(.jumptables)
 *(.jumptables*)
 *(.lowtext)
 *(.lowtext*)
                0x00000052                __ctors_start = .
 *(.ctors)
                0x00000052                __ctors_end = .
                0x00000052                __dtors_start = .
 *(.dtors)
                0x00000052                __dtors_end = .
 SORT(*)(.ctors)
 SORT(*)(.dtors)
 *(.init0)
 .init0         0x00000052        0x0 C:/Program Files/Microchip/MPLABX/v6.05/packs/Microchip/ATmega_DFP/3.0.158/gcc/dev/atmega8a/avr4/crtatmega8a.o
                0x00000052                __init
 *(.init0)
 *(.init1)
 *(.init1)
 *(.init2)
 .init2         0x00000052        0xc C:/Program Files/Microchip/MPLABX/v6.05/packs/Microchip/ATmega_DFP/3.0.158/gcc/dev/atmega8a/avr4/crtatmega8a.o
 *(.init2)
 *(.init3)
 *(.init3)
 *(.init4)
 .init4         0x0000005e       0x10 c:/program files (x86)/atmel/studio/7.0/toolchain/avr8/avr8-gnu-toolchain/bin/../lib/gcc/avr/5.4.0/avr4\libgcc.a(_clear_bss.o)
                0x0000005e                __do_clear_bss
 *(.init4)
 *(.init5)
 *(.init5)
 *(.init6)
 *(.init6)
 *(.init7)
 *(.init7)
 *(.init8)
 *(.init8)
 *(.init9)
 .init9         0x0000006e        0x4 C:/Program Files/Microchip/MPLABX/v6.05/packs/Microchip/ATmega_DFP/3.0.158/gcc/dev/atmega8a/avr4/crtatmega8a.o
 *(.init9)
 *(.text)
 .text          0x00000072        0x2 C:/Program Files/Microchip/MPLABX/v6.05/packs/Microchip/ATmega_DFP/3.0.158/gcc/dev/atmega8a/avr4/crtatmega8a.o
                0x00000072                __vector_1
                0x00000072                __vector_12
                0x00000072                __bad_interrupt
                0x00000072                __vector_6
                0x00000072                __vector_3
                0x00000072                __vector_11
                0x00000072                __vector_13
                0x00000072                __vector_17
                0x00000072                __vector_7
                0x00000072                __vector_5
                0x00000072                __vector_4
                0x00000072                __vector_2
                0x00000072                __vector_15
                0x00000072                __vector_8
                0x00000072                __vector_14
                0x00000072                __vector_10
                0x00000072                __vector_16
                0x00000072                __vector_18
 .text          0x00000074       0x14 build/ATmega8/production/src/app.o
                0x00000074                appBoot
                0x0000007e                appInit
                0x00000082                appSync
                0x00000084                appMain
 .text          0x00000088       0xa0 build/ATmega8/production/src/events.o
                0x00000088                appEventsInit
                0x00000094                appEvents
                0x000000de                appEventsGetCode
 .text          0x00000128      0x13a build/ATmega8/production/src/resepassword.o
                0x00000128                appResetPassword
                0x00000238                appResetPasswordInit
                0x0000024c                appResetPasswordState
                0x00000256                appResetPasswordResetState
 .text          0x00000262       0xb0 build/ATmega8/production/src/Indicator.o
                0x00000262                Inicator
                0x00000274                InicatorSuccess
                0x000002aa                InicatorError
                0x000002e0                InicatorIDLE
                0x000002ec                InicatorWhenWriteData
 .text          0x00000312       0x4e build/ATmega8/production/src/defalut.o
                0x00000312                appDefaultInit
                0x0000031a                appDefault
 .text          0x00000360      0x206 build/ATmega8/production/src/user.o
                0x00000360                appUser
                0x0000052a                appUserState
                0x00000532                appUserResetState
                0x0000053e                appUserInit
                0x00000566                . = ALIGN (0x2)
 *(.text.*)
 .text.buttonScan
                0x00000566      0x158 ..\mega2.X\dist\ATmega8\production\mega2.X.a(button.o)
                0x00000566                buttonScan
 .text.buttonInit
                0x000006be       0xd0 ..\mega2.X\dist\ATmega8\production\mega2.X.a(button.o)
                0x000006be                buttonInit
 .text.buttonGetEvent
                0x0000078e       0x22 ..\mega2.X\dist\ATmega8\production\mega2.X.a(button.o)
                0x0000078e                buttonGetEvent
 .text.FirstButton
                0x000007b0       0x16 ..\mega2.X\dist\ATmega8\production\mega2.X.a(button.o)
                0x000007b0                FirstButton
 .text.buttonSignal
                0x000007c6       0x16 ..\mega2.X\dist\ATmega8\production\mega2.X.a(button.o)
                0x000007c6                buttonSignal
 .text.eepromInit
                0x000007dc       0x14 ..\mega2.X\dist\ATmega8\production\mega2.X.a(eeprom.o)
                0x000007dc                eepromInit
 .text.eepromDriver
                0x000007f0      0x284 ..\mega2.X\dist\ATmega8\production\mega2.X.a(eeprom.o)
                0x000007f0                eepromDriver
 .text.eepromWriteBuf
                0x00000a74       0x54 ..\mega2.X\dist\ATmega8\production\mega2.X.a(eeprom.o)
                0x00000a74                eepromWriteBuf
 .text.eepromRequestSterm
                0x00000ac8       0x4c ..\mega2.X\dist\ATmega8\production\mega2.X.a(eeprom.o)
                0x00000ac8                eepromRequestSterm
 .text.eepromIsBusy
                0x00000b14        0xa ..\mega2.X\dist\ATmega8\production\mega2.X.a(eeprom.o)
                0x00000b14                eepromIsBusy
 .text.eepromRead
                0x00000b1e       0x2e ..\mega2.X\dist\ATmega8\production\mega2.X.a(eeprom.o)
                0x00000b1e                eepromRead
 .text.keyInit  0x00000b4c       0xd0 ..\mega2.X\dist\ATmega8\production\mega2.X.a(keypad.o)
                0x00000b4c                keyInit
 .text.keyscan  0x00000c1c      0x1f4 ..\mega2.X\dist\ATmega8\production\mega2.X.a(keypad.o)
                0x00000c1c                keyscan
 .text.keypadGetEvent
                0x00000e10       0x22 ..\mega2.X\dist\ATmega8\production\mega2.X.a(keypad.o)
                0x00000e10                keypadGetEvent
 .text.keypadSignal
                0x00000e32       0x16 ..\mega2.X\dist\ATmega8\production\mega2.X.a(keypad.o)
                0x00000e32                keypadSignal
 .text.SignalStart
                0x00000e48       0xe6 ..\mega2.X\dist\ATmega8\production\mega2.X.a(signalGenertor.o)
                0x00000e48                SignalStart
 .text.SignalStop
                0x00000f2e       0x3c ..\mega2.X\dist\ATmega8\production\mega2.X.a(signalGenertor.o)
                0x00000f2e                SignalStop
 .text.FirstSignal
                0x00000f6a        0xe ..\mega2.X\dist\ATmega8\production\mega2.X.a(signalGenertor.o)
                0x00000f6a                FirstSignal
 .text.SignalsTask
                0x00000f78      0x254 ..\mega2.X\dist\ATmega8\production\mega2.X.a(signalGenertor.o)
                0x00000f78                SignalsTask
 .text.SignalsInit
                0x000011cc       0x44 ..\mega2.X\dist\ATmega8\production\mega2.X.a(signalGenertor.o)
                0x000011cc                SignalsInit
 .text.__vector_9
                0x00001210      0x158 ..\mega2.X\dist\ATmega8\production\mega2.X.a(system.o)
                0x00001210                __vector_9
 .text.systemInit
                0x00001368       0x36 ..\mega2.X\dist\ATmega8\production\mega2.X.a(system.o)
                0x00001368                systemInit
 .text.systemMillis
                0x0000139e       0x18 ..\mega2.X\dist\ATmega8\production\mega2.X.a(system.o)
                0x0000139e                systemMillis
 .text.sysIsTimeoutMs
                0x000013b6       0x4a ..\mega2.X\dist\ATmega8\production\mega2.X.a(system.o)
                0x000013b6                sysIsTimeoutMs
 .text.systemNow
                0x00001400       0x18 ..\mega2.X\dist\ATmega8\production\mega2.X.a(system.o)
                0x00001400                systemNow
 .text.sysIsTimeoutS
                0x00001418       0x32 ..\mega2.X\dist\ATmega8\production\mega2.X.a(system.o)
                0x00001418                sysIsTimeoutS
 .text.setupHwTimer0
                0x0000144a       0x12 ..\mega2.X\dist\ATmega8\production\mega2.X.a(system.o)
                0x0000144a                setupHwTimer0
 .text.startup.main
                0x0000145c       0x1e ..\mega2.X\dist\ATmega8\production\mega2.X.a(mega.o)
                0x0000145c                main
 .text.byteBufferInit
                0x0000147a       0x10 ..\mega2.X\dist\ATmega8\production\mega2.X.a(buffers.o)
                0x0000147a                byteBufferInit
 .text.getByte  0x0000148a       0x30 ..\mega2.X\dist\ATmega8\production\mega2.X.a(buffers.o)
                0x0000148a                getByte
 .text.putByte  0x000014ba       0x32 ..\mega2.X\dist\ATmega8\production\mega2.X.a(buffers.o)
                0x000014ba                putByte
 .text.libgcc.div
                0x000014ec       0x28 c:/program files (x86)/atmel/studio/7.0/toolchain/avr8/avr8-gnu-toolchain/bin/../lib/gcc/avr/5.4.0/avr4\libgcc.a(_udivmodhi4.o)
                0x000014ec                __udivmodhi4
 .text.libgcc.div
                0x00001514       0x44 c:/program files (x86)/atmel/studio/7.0/toolchain/avr8/avr8-gnu-toolchain/bin/../lib/gcc/avr/5.4.0/avr4\libgcc.a(_udivmodsi4.o)
                0x00001514                __udivmodsi4
 .text.libgcc.mul
                0x00001558       0x18 c:/program files (x86)/atmel/studio/7.0/toolchain/avr8/avr8-gnu-toolchain/bin/../lib/gcc/avr/5.4.0/avr4\libgcc.a(_umulhisi3.o)
                0x00001558                __umulhisi3
                0x00001570                . = ALIGN (0x2)
 *(.fini9)
 .fini9         0x00001570        0x0 c:/program files (x86)/atmel/studio/7.0/toolchain/avr8/avr8-gnu-toolchain/bin/../lib/gcc/avr/5.4.0/avr4\libgcc.a(_exit.o)
                0x00001570                _exit
                0x00001570                exit
 *(.fini9)
 *(.fini8)
 *(.fini8)
 *(.fini7)
 *(.fini7)
 *(.fini6)
 *(.fini6)
 *(.fini5)
 *(.fini5)
 *(.fini4)
 *(.fini4)
 *(.fini3)
 *(.fini3)
 *(.fini2)
 *(.fini2)
 *(.fini1)
 *(.fini1)
 *(.fini0)
 .fini0         0x00001570        0x4 c:/program files (x86)/atmel/studio/7.0/toolchain/avr8/avr8-gnu-toolchain/bin/../lib/gcc/avr/5.4.0/avr4\libgcc.a(_exit.o)
 *(.fini0)
                0x00001574                _etext = .

.data           0x00800060        0x0 load address 0x00001574
                [!provide]                PROVIDE (__data_start, .)
 *(.data)
 *(.data*)
 *(.gnu.linkonce.d*)
 *(.rodata)
 *(.rodata*)
 *(.gnu.linkonce.r*)
                0x00800060                . = ALIGN (0x2)
                0x00800060                _edata = .
                [!provide]                PROVIDE (__data_end, .)

.bss            0x00800060       0x9e
                0x00800060                PROVIDE (__bss_start, .)
 *(.bss)
 *(.bss*)
 .bss.gu8EventListeners
                0x00800060        0x1 build/ATmega8/production/src/events.o
 .bss.gu8EventCode
                0x00800061        0x1 build/ATmega8/production/src/events.o
 .bss.gu8RestPasswordState
                0x00800062        0x1 build/ATmega8/production/src/resepassword.o
 .bss.gu8RestPasswordIndex
                0x00800063        0x1 build/ATmega8/production/src/resepassword.o
 .bss.gu8ResetPasswordBuf
                0x00800064        0xa build/ATmega8/production/src/resepassword.o
 .bss.gu8DefaultState
                0x0080006e        0x1 build/ATmega8/production/src/defalut.o
 .bss.gsSolSignalTimeOut
                0x0080006f        0x4 build/ATmega8/production/src/user.o
 .bss.gu8EventState
                0x00800073        0x1 build/ATmega8/production/src/user.o
 .bss.gu8MaxPasswordLength
                0x00800074        0x1 build/ATmega8/production/src/user.o
 .bss.gu8UserState
                0x00800075        0x1 build/ATmega8/production/src/user.o
 .bss.gu8UserPasswordIndex
                0x00800076        0x1 build/ATmega8/production/src/user.o
 .bss.gu8UserBufRead
                0x00800077        0xa build/ATmega8/production/src/user.o
 .bss.gu8DefaultPassword
                0x00800081        0x5 build/ATmega8/production/src/user.o
 .bss.gu8UserBuf
                0x00800086        0xa build/ATmega8/production/src/user.o
 .bss.gpSignalActionATPressButton
                0x00800090        0x2 ..\mega2.X\dist\ATmega8\production\mega2.X.a(button.o)
 .bss.gstButtonDescriptor
                0x00800092        0x6 ..\mega2.X\dist\ATmega8\production\mega2.X.a(button.o)
 .bss.gu8ButtonBufferEvents
                0x00800098        0x4 ..\mega2.X\dist\ATmega8\production\mega2.X.a(button.o)
 .bss.gu8ButtonRepeatCounter
                0x0080009c        0x1 ..\mega2.X\dist\ATmega8\production\mega2.X.a(button.o)
 .bss.gu8ButtonLastKey
                0x0080009d        0x1 ..\mega2.X\dist\ATmega8\production\mega2.X.a(button.o)
 .bss.gu8ButtonCounters
                0x0080009e        0x1 ..\mega2.X\dist\ATmega8\production\mega2.X.a(button.o)
 .bss.gpFirstButton
                0x0080009f        0x2 ..\mega2.X\dist\ATmega8\production\mega2.X.a(button.o)
 .bss.gEepromDescriptor
                0x008000a1        0x7 ..\mega2.X\dist\ATmega8\production\mega2.X.a(eeprom.o)
 .bss.gu8eeprom_read_buf
                0x008000a8        0xa ..\mega2.X\dist\ATmega8\production\mega2.X.a(eeprom.o)
 .bss.gpSignalActionATPressSw
                0x008000b2        0x2 ..\mega2.X\dist\ATmega8\production\mega2.X.a(keypad.o)
 .bss.gu8KeypadRepeatCounter
                0x008000b4        0x1 ..\mega2.X\dist\ATmega8\production\mega2.X.a(keypad.o)
 .bss.gu8KeypadLastKey
                0x008000b5        0x1 ..\mega2.X\dist\ATmega8\production\mega2.X.a(keypad.o)
 .bss.gu8keypadCounters
                0x008000b6        0xc ..\mega2.X\dist\ATmega8\production\mega2.X.a(keypad.o)
 .bss.gstKeypadDescriptor
                0x008000c2        0x6 ..\mega2.X\dist\ATmega8\production\mega2.X.a(keypad.o)
 .bss.gu8KeypadBufferEvents
                0x008000c8        0x4 ..\mega2.X\dist\ATmega8\production\mega2.X.a(keypad.o)
 .bss.gpFirstSignal
                0x008000cc        0x2 ..\mega2.X\dist\ATmega8\production\mega2.X.a(signalGenertor.o)
 .bss.gu8PerdiocTasks
                0x008000ce        0x1 ..\mega2.X\dist\ATmega8\production\mega2.X.a(system.o)
 .bss.gu8NumberOFusPerMs
                0x008000cf        0x1 ..\mega2.X\dist\ATmega8\production\mega2.X.a(system.o)
 .bss.gu32SystemTime
                0x008000d0        0x4 ..\mega2.X\dist\ATmega8\production\mega2.X.a(system.o)
 .bss.gu32TimeMs
                0x008000d4        0x4 ..\mega2.X\dist\ATmega8\production\mega2.X.a(system.o)
 .bss.gu32SystemTick
                0x008000d8        0x4 ..\mega2.X\dist\ATmega8\production\mega2.X.a(system.o)
 *(COMMON)
 COMMON         0x008000dc        0x4 ..\mega2.X\dist\ATmega8\production\mega2.X.a(eeprom.o)
                0x008000dc                gstEepromTimeOut
 COMMON         0x008000e0       0x1e ..\mega2.X\dist\ATmega8\production\mega2.X.a(signalGenertor.o)
                0x008000e0                gSignalsArray
                0x008000fe                PROVIDE (__bss_end, .)
                0x00001574                __data_load_start = LOADADDR (.data)
                0x00001574                __data_load_end = (__data_load_start + SIZEOF (.data))

.noinit         0x008000fe        0x0
                [!provide]                PROVIDE (__noinit_start, .)
 *(.noinit*)
                [!provide]                PROVIDE (__noinit_end, .)
                0x008000fe                _end = .
                [!provide]                PROVIDE (__heap_start, .)

.eeprom         0x00810000        0x0
 *(.eeprom*)
                0x00810000                __eeprom_end = .

.fuse
 *(.fuse)
 *(.lfuse)
 *(.hfuse)
 *(.efuse)

.lock
 *(.lock*)

.signature
 *(.signature*)

.user_signatures
 *(.user_signatures*)

.stab
 *(.stab)

.stabstr
 *(.stabstr)

.stab.excl
 *(.stab.excl)

.stab.exclstr
 *(.stab.exclstr)

.stab.index
 *(.stab.index)

.stab.indexstr
 *(.stab.indexstr)

.comment        0x00000000       0x30
 *(.comment)
 .comment       0x00000000       0x30 build/ATmega8/production/src/app.o
                                 0x31 (size before relaxing)
 .comment       0x00000030       0x31 build/ATmega8/production/src/events.o
 .comment       0x00000030       0x31 build/ATmega8/production/src/resepassword.o
 .comment       0x00000030       0x31 build/ATmega8/production/src/Indicator.o
 .comment       0x00000030       0x31 build/ATmega8/production/src/defalut.o
 .comment       0x00000030       0x31 build/ATmega8/production/src/user.o
 .comment       0x00000030       0x31 ..\mega2.X\dist\ATmega8\production\mega2.X.a(button.o)
 .comment       0x00000030       0x31 ..\mega2.X\dist\ATmega8\production\mega2.X.a(eeprom.o)
 .comment       0x00000030       0x31 ..\mega2.X\dist\ATmega8\production\mega2.X.a(keypad.o)
 .comment       0x00000030       0x31 ..\mega2.X\dist\ATmega8\production\mega2.X.a(signalGenertor.o)
 .comment       0x00000030       0x31 ..\mega2.X\dist\ATmega8\production\mega2.X.a(system.o)
 .comment       0x00000030       0x31 ..\mega2.X\dist\ATmega8\production\mega2.X.a(mega.o)
 .comment       0x00000030       0x31 ..\mega2.X\dist\ATmega8\production\mega2.X.a(buffers.o)

.note.gnu.avr.deviceinfo
                0x00000000       0x3c
 .note.gnu.avr.deviceinfo
                0x00000000       0x3c C:/Program Files/Microchip/MPLABX/v6.05/packs/Microchip/ATmega_DFP/3.0.158/gcc/dev/atmega8a/avr4/crtatmega8a.o

.note.gnu.build-id
 *(.note.gnu.build-id)

.debug
 *(.debug)

.line
 *(.line)

.debug_srcinfo
 *(.debug_srcinfo)

.debug_sfnames
 *(.debug_sfnames)

.debug_aranges
 *(.debug_aranges)

.debug_pubnames
 *(.debug_pubnames)

.debug_info     0x00000000      0x48c
 *(.debug_info .gnu.linkonce.wi.*)
 .debug_info    0x00000000      0x48c C:/Program Files/Microchip/MPLABX/v6.05/packs/Microchip/ATmega_DFP/3.0.158/gcc/dev/atmega8a/avr4/crtatmega8a.o

.debug_abbrev   0x00000000      0x44e
 *(.debug_abbrev)
 .debug_abbrev  0x00000000      0x44e C:/Program Files/Microchip/MPLABX/v6.05/packs/Microchip/ATmega_DFP/3.0.158/gcc/dev/atmega8a/avr4/crtatmega8a.o

.debug_line     0x00000000      0x10a
 *(.debug_line .debug_line.* .debug_line_end)
 .debug_line    0x00000000      0x10a C:/Program Files/Microchip/MPLABX/v6.05/packs/Microchip/ATmega_DFP/3.0.158/gcc/dev/atmega8a/avr4/crtatmega8a.o

.debug_frame
 *(.debug_frame)

.debug_str      0x00000000      0x17a
 *(.debug_str)
 .debug_str     0x00000000      0x17a C:/Program Files/Microchip/MPLABX/v6.05/packs/Microchip/ATmega_DFP/3.0.158/gcc/dev/atmega8a/avr4/crtatmega8a.o

.debug_loc
 *(.debug_loc)

.debug_macinfo
 *(.debug_macinfo)

.debug_weaknames
 *(.debug_weaknames)

.debug_funcnames
 *(.debug_funcnames)

.debug_typenames
 *(.debug_typenames)

.debug_varnames
 *(.debug_varnames)

.debug_pubtypes
 *(.debug_pubtypes)

.debug_ranges
 *(.debug_ranges)

.debug_macro
 *(.debug_macro)
OUTPUT(dist/ATmega8/production/ElectronicSafe.X.production.elf elf32-avr)
LOAD linker stubs
