Archive member included to satisfy reference by file (symbol)

..\mega2.X\dist\Atmega128A\production\mega2.X.a(eeprom.o)
                              build/ATmega128/production/src/resepassword.o (eepromWriteBuf)
..\mega2.X\dist\Atmega128A\production\mega2.X.a(keypad.o)
                              build/ATmega128/production/src/events.o (keypadGetEvent)
..\mega2.X\dist\Atmega128A\production\mega2.X.a(system.o)
                              ..\mega2.X\dist\Atmega128A\production\mega2.X.a(eeprom.o) (systemMillis)
..\mega2.X\dist\Atmega128A\production\mega2.X.a(mega.o)
                              C:/Program Files/Microchip/MPLABX/v6.05/packs/Microchip/ATmega_DFP/3.0.158/gcc/dev/atmega8a/avr4/crtatmega8a.o (main)
..\mega2.X\dist\Atmega128A\production\mega2.X.a(buffers.o)
                              ..\mega2.X\dist\Atmega128A\production\mega2.X.a(keypad.o) (byteBufferInit)
..\mega2.X\dist\Atmega128A\production\mega2.X.a(button.o)
                              ..\mega2.X\dist\Atmega128A\production\mega2.X.a(system.o) (buttonScan)
c:/program files (x86)/atmel/studio/7.0/toolchain/avr8/avr8-gnu-toolchain/bin/../lib/gcc/avr/5.4.0/avr4\libgcc.a(_udivmodqi4.o)
                              ..\mega2.X\dist\Atmega128A\production\mega2.X.a(buffers.o) (__udivmodqi4)
c:/program files (x86)/atmel/studio/7.0/toolchain/avr8/avr8-gnu-toolchain/bin/../lib/gcc/avr/5.4.0/avr4\libgcc.a(_udivmodsi4.o)
                              ..\mega2.X\dist\Atmega128A\production\mega2.X.a(system.o) (__udivmodsi4)
c:/program files (x86)/atmel/studio/7.0/toolchain/avr8/avr8-gnu-toolchain/bin/../lib/gcc/avr/5.4.0/avr4\libgcc.a(_exit.o)
                              C:/Program Files/Microchip/MPLABX/v6.05/packs/Microchip/ATmega_DFP/3.0.158/gcc/dev/atmega8a/avr4/crtatmega8a.o (exit)
c:/program files (x86)/atmel/studio/7.0/toolchain/avr8/avr8-gnu-toolchain/bin/../lib/gcc/avr/5.4.0/avr4\libgcc.a(_clear_bss.o)
                              build/ATmega128/production/src/events.o (__do_clear_bss)
c:/program files (x86)/atmel/studio/7.0/toolchain/avr8/avr8-gnu-toolchain/bin/../lib/gcc/avr/5.4.0/avr4\libgcc.a(_muluhisi3.o)
                              ..\mega2.X\dist\Atmega128A\production\mega2.X.a(system.o) (__muluhisi3)
c:/program files (x86)/atmel/studio/7.0/toolchain/avr8/avr8-gnu-toolchain/bin/../lib/gcc/avr/5.4.0/avr4\libgcc.a(_umulhisi3.o)
                              c:/program files (x86)/atmel/studio/7.0/toolchain/avr8/avr8-gnu-toolchain/bin/../lib/gcc/avr/5.4.0/avr4\libgcc.a(_muluhisi3.o) (__umulhisi3)

Allocating common symbols
Common symbol       size              file

gstEepromTimeOut    0x4               ..\mega2.X\dist\Atmega128A\production\mega2.X.a(eeprom.o)

Discarded input sections

 .data          0x00000000        0x0 C:/Program Files/Microchip/MPLABX/v6.05/packs/Microchip/ATmega_DFP/3.0.158/gcc/dev/atmega8a/avr4/crtatmega8a.o
 .bss           0x00000000        0x0 C:/Program Files/Microchip/MPLABX/v6.05/packs/Microchip/ATmega_DFP/3.0.158/gcc/dev/atmega8a/avr4/crtatmega8a.o
 .text          0x00000000        0x0 build/ATmega128/production/src/app.o
 .data          0x00000000        0x0 build/ATmega128/production/src/app.o
 .bss           0x00000000        0x0 build/ATmega128/production/src/app.o
 .text.appSync  0x00000000        0x2 build/ATmega128/production/src/app.o
 .text          0x00000000        0x0 build/ATmega128/production/src/events.o
 .data          0x00000000        0x0 build/ATmega128/production/src/events.o
 .bss           0x00000000        0x0 build/ATmega128/production/src/events.o
 .text.appEventsInit
                0x00000000        0xc build/ATmega128/production/src/events.o
 .text.appEvents
                0x00000000       0xe8 build/ATmega128/production/src/events.o
 .text.appEventsGetCode
                0x00000000       0x6a build/ATmega128/production/src/events.o
 .bss.gu8EventListeners
                0x00000000        0x1 build/ATmega128/production/src/events.o
 .bss.gu8EventCode
                0x00000000        0x1 build/ATmega128/production/src/events.o
 .comment       0x00000000       0x31 build/ATmega128/production/src/events.o
 .text          0x00000000        0x0 build/ATmega128/production/src/resepassword.o
 .data          0x00000000        0x0 build/ATmega128/production/src/resepassword.o
 .bss           0x00000000        0x0 build/ATmega128/production/src/resepassword.o
 .text.appResetPassword
                0x00000000      0x110 build/ATmega128/production/src/resepassword.o
 .text.appResetPasswordInit
                0x00000000       0x14 build/ATmega128/production/src/resepassword.o
 .bss.gu8RestPasswordState
                0x00000000        0x1 build/ATmega128/production/src/resepassword.o
 .bss.gu8RestPasswordIndex
                0x00000000        0x1 build/ATmega128/production/src/resepassword.o
 .bss.gu8ResetPasswordBuf
                0x00000000        0xa build/ATmega128/production/src/resepassword.o
 .comment       0x00000000       0x31 build/ATmega128/production/src/resepassword.o
 .text          0x00000000        0x0 build/ATmega128/production/src/Indicator.o
 .data          0x00000000        0x0 build/ATmega128/production/src/Indicator.o
 .bss           0x00000000        0x0 build/ATmega128/production/src/Indicator.o
 .comment       0x00000000       0x31 build/ATmega128/production/src/Indicator.o
 .text          0x00000000        0x0 ..\mega2.X\dist\Atmega128A\production\mega2.X.a(eeprom.o)
 .data          0x00000000        0x0 ..\mega2.X\dist\Atmega128A\production\mega2.X.a(eeprom.o)
 .bss           0x00000000        0x0 ..\mega2.X\dist\Atmega128A\production\mega2.X.a(eeprom.o)
 .text.eepromWriteBuf
                0x00000000       0x56 ..\mega2.X\dist\Atmega128A\production\mega2.X.a(eeprom.o)
 .text.eepromWriteByte
                0x00000000       0x64 ..\mega2.X\dist\Atmega128A\production\mega2.X.a(eeprom.o)
 .text.eepromRequestSterm
                0x00000000       0x4e ..\mega2.X\dist\Atmega128A\production\mega2.X.a(eeprom.o)
 .text.eepromRequestByte
                0x00000000       0x46 ..\mega2.X\dist\Atmega128A\production\mega2.X.a(eeprom.o)
 .text.eepromIsBusy
                0x00000000        0xa ..\mega2.X\dist\Atmega128A\production\mega2.X.a(eeprom.o)
 .text.eepromRead
                0x00000000       0x2e ..\mega2.X\dist\Atmega128A\production\mega2.X.a(eeprom.o)
 .text          0x00000000        0x0 ..\mega2.X\dist\Atmega128A\production\mega2.X.a(keypad.o)
 .data          0x00000000        0x0 ..\mega2.X\dist\Atmega128A\production\mega2.X.a(keypad.o)
 .bss           0x00000000        0x0 ..\mega2.X\dist\Atmega128A\production\mega2.X.a(keypad.o)
 .text.keypadGetEvent
                0x00000000       0x24 ..\mega2.X\dist\Atmega128A\production\mega2.X.a(keypad.o)
 .text          0x00000000        0x0 ..\mega2.X\dist\Atmega128A\production\mega2.X.a(system.o)
 .data          0x00000000        0x0 ..\mega2.X\dist\Atmega128A\production\mega2.X.a(system.o)
 .bss           0x00000000        0x0 ..\mega2.X\dist\Atmega128A\production\mega2.X.a(system.o)
 .text.sysUpdateNow
                0x00000000       0x18 ..\mega2.X\dist\Atmega128A\production\mega2.X.a(system.o)
 .text.sysTimerInitMS
                0x00000000       0x98 ..\mega2.X\dist\Atmega128A\production\mega2.X.a(system.o)
 .text.sysTimerResetMS
                0x00000000       0x44 ..\mega2.X\dist\Atmega128A\production\mega2.X.a(system.o)
 .text.sysTimerCheckMs
                0x00000000       0x96 ..\mega2.X\dist\Atmega128A\production\mega2.X.a(system.o)
 .text.systemMicros
                0x00000000       0x4a ..\mega2.X\dist\Atmega128A\production\mega2.X.a(system.o)
 .text.sysTimerInitUs
                0x00000000       0x98 ..\mega2.X\dist\Atmega128A\production\mega2.X.a(system.o)
 .text.sysIsTimeoutUs
                0x00000000       0x4c ..\mega2.X\dist\Atmega128A\production\mega2.X.a(system.o)
 .text.sysTimerResetUS
                0x00000000       0x44 ..\mega2.X\dist\Atmega128A\production\mega2.X.a(system.o)
 .text.sysTimerCheckUs
                0x00000000       0x96 ..\mega2.X\dist\Atmega128A\production\mega2.X.a(system.o)
 .text.systemNow
                0x00000000       0x18 ..\mega2.X\dist\Atmega128A\production\mega2.X.a(system.o)
 .text.sysTimerInitS
                0x00000000       0x78 ..\mega2.X\dist\Atmega128A\production\mega2.X.a(system.o)
 .text.sysIsTimeoutS
                0x00000000       0x34 ..\mega2.X\dist\Atmega128A\production\mega2.X.a(system.o)
 .text.sysTimerResetS
                0x00000000       0x44 ..\mega2.X\dist\Atmega128A\production\mega2.X.a(system.o)
 .text.sysTimerCheckS
                0x00000000       0x74 ..\mega2.X\dist\Atmega128A\production\mega2.X.a(system.o)
 .text          0x00000000        0x0 ..\mega2.X\dist\Atmega128A\production\mega2.X.a(mega.o)
 .data          0x00000000        0x0 ..\mega2.X\dist\Atmega128A\production\mega2.X.a(mega.o)
 .bss           0x00000000        0x0 ..\mega2.X\dist\Atmega128A\production\mega2.X.a(mega.o)
 .text          0x00000000        0x0 ..\mega2.X\dist\Atmega128A\production\mega2.X.a(buffers.o)
 .data          0x00000000        0x0 ..\mega2.X\dist\Atmega128A\production\mega2.X.a(buffers.o)
 .bss           0x00000000        0x0 ..\mega2.X\dist\Atmega128A\production\mega2.X.a(buffers.o)
 .text.structBufferInit
                0x00000000       0x12 ..\mega2.X\dist\Atmega128A\production\mega2.X.a(buffers.o)
 .text.TLVBufferInit
                0x00000000       0x12 ..\mega2.X\dist\Atmega128A\production\mega2.X.a(buffers.o)
 .text.getByte  0x00000000       0x30 ..\mega2.X\dist\Atmega128A\production\mega2.X.a(buffers.o)
 .text.getExistingLength
                0x00000000        0x6 ..\mega2.X\dist\Atmega128A\production\mega2.X.a(buffers.o)
 .text.getTlvCount
                0x00000000        0x6 ..\mega2.X\dist\Atmega128A\production\mega2.X.a(buffers.o)
 .text.getStructCount
                0x00000000        0xc ..\mega2.X\dist\Atmega128A\production\mega2.X.a(buffers.o)
 .text.putStruct
                0x00000000       0x64 ..\mega2.X\dist\Atmega128A\production\mega2.X.a(buffers.o)
 .text.getStruct
                0x00000000       0x4a ..\mega2.X\dist\Atmega128A\production\mega2.X.a(buffers.o)
 .text.putTLV   0x00000000       0x80 ..\mega2.X\dist\Atmega128A\production\mega2.X.a(buffers.o)
 .text.getTLV   0x00000000       0x58 ..\mega2.X\dist\Atmega128A\production\mega2.X.a(buffers.o)
 .text          0x00000000        0x0 ..\mega2.X\dist\Atmega128A\production\mega2.X.a(button.o)
 .data          0x00000000        0x0 ..\mega2.X\dist\Atmega128A\production\mega2.X.a(button.o)
 .bss           0x00000000        0x0 ..\mega2.X\dist\Atmega128A\production\mega2.X.a(button.o)
 .text.buttonGetEvent
                0x00000000       0x24 ..\mega2.X\dist\Atmega128A\production\mega2.X.a(button.o)
 .text.FirstButton
                0x00000000       0x16 ..\mega2.X\dist\Atmega128A\production\mega2.X.a(button.o)
 .text          0x00000000        0x0 c:/program files (x86)/atmel/studio/7.0/toolchain/avr8/avr8-gnu-toolchain/bin/../lib/gcc/avr/5.4.0/avr4\libgcc.a(_udivmodqi4.o)
 .data          0x00000000        0x0 c:/program files (x86)/atmel/studio/7.0/toolchain/avr8/avr8-gnu-toolchain/bin/../lib/gcc/avr/5.4.0/avr4\libgcc.a(_udivmodqi4.o)
 .bss           0x00000000        0x0 c:/program files (x86)/atmel/studio/7.0/toolchain/avr8/avr8-gnu-toolchain/bin/../lib/gcc/avr/5.4.0/avr4\libgcc.a(_udivmodqi4.o)
 .text.libgcc.mul
                0x00000000        0x0 c:/program files (x86)/atmel/studio/7.0/toolchain/avr8/avr8-gnu-toolchain/bin/../lib/gcc/avr/5.4.0/avr4\libgcc.a(_udivmodqi4.o)
 .text.libgcc.div
                0x00000000       0x18 c:/program files (x86)/atmel/studio/7.0/toolchain/avr8/avr8-gnu-toolchain/bin/../lib/gcc/avr/5.4.0/avr4\libgcc.a(_udivmodqi4.o)
 .text.libgcc   0x00000000        0x0 c:/program files (x86)/atmel/studio/7.0/toolchain/avr8/avr8-gnu-toolchain/bin/../lib/gcc/avr/5.4.0/avr4\libgcc.a(_udivmodqi4.o)
 .text.libgcc.prologue
                0x00000000        0x0 c:/program files (x86)/atmel/studio/7.0/toolchain/avr8/avr8-gnu-toolchain/bin/../lib/gcc/avr/5.4.0/avr4\libgcc.a(_udivmodqi4.o)
 .text.libgcc.builtins
                0x00000000        0x0 c:/program files (x86)/atmel/studio/7.0/toolchain/avr8/avr8-gnu-toolchain/bin/../lib/gcc/avr/5.4.0/avr4\libgcc.a(_udivmodqi4.o)
 .text.libgcc.fmul
                0x00000000        0x0 c:/program files (x86)/atmel/studio/7.0/toolchain/avr8/avr8-gnu-toolchain/bin/../lib/gcc/avr/5.4.0/avr4\libgcc.a(_udivmodqi4.o)
 .text.libgcc.fixed
                0x00000000        0x0 c:/program files (x86)/atmel/studio/7.0/toolchain/avr8/avr8-gnu-toolchain/bin/../lib/gcc/avr/5.4.0/avr4\libgcc.a(_udivmodqi4.o)
 .text          0x00000000        0x0 c:/program files (x86)/atmel/studio/7.0/toolchain/avr8/avr8-gnu-toolchain/bin/../lib/gcc/avr/5.4.0/avr4\libgcc.a(_udivmodsi4.o)
 .data          0x00000000        0x0 c:/program files (x86)/atmel/studio/7.0/toolchain/avr8/avr8-gnu-toolchain/bin/../lib/gcc/avr/5.4.0/avr4\libgcc.a(_udivmodsi4.o)
 .bss           0x00000000        0x0 c:/program files (x86)/atmel/studio/7.0/toolchain/avr8/avr8-gnu-toolchain/bin/../lib/gcc/avr/5.4.0/avr4\libgcc.a(_udivmodsi4.o)
 .text.libgcc.mul
                0x00000000        0x0 c:/program files (x86)/atmel/studio/7.0/toolchain/avr8/avr8-gnu-toolchain/bin/../lib/gcc/avr/5.4.0/avr4\libgcc.a(_udivmodsi4.o)
 .text.libgcc   0x00000000        0x0 c:/program files (x86)/atmel/studio/7.0/toolchain/avr8/avr8-gnu-toolchain/bin/../lib/gcc/avr/5.4.0/avr4\libgcc.a(_udivmodsi4.o)
 .text.libgcc.prologue
                0x00000000        0x0 c:/program files (x86)/atmel/studio/7.0/toolchain/avr8/avr8-gnu-toolchain/bin/../lib/gcc/avr/5.4.0/avr4\libgcc.a(_udivmodsi4.o)
 .text.libgcc.builtins
                0x00000000        0x0 c:/program files (x86)/atmel/studio/7.0/toolchain/avr8/avr8-gnu-toolchain/bin/../lib/gcc/avr/5.4.0/avr4\libgcc.a(_udivmodsi4.o)
 .text.libgcc.fmul
                0x00000000        0x0 c:/program files (x86)/atmel/studio/7.0/toolchain/avr8/avr8-gnu-toolchain/bin/../lib/gcc/avr/5.4.0/avr4\libgcc.a(_udivmodsi4.o)
 .text.libgcc.fixed
                0x00000000        0x0 c:/program files (x86)/atmel/studio/7.0/toolchain/avr8/avr8-gnu-toolchain/bin/../lib/gcc/avr/5.4.0/avr4\libgcc.a(_udivmodsi4.o)
 .text          0x00000000        0x0 c:/program files (x86)/atmel/studio/7.0/toolchain/avr8/avr8-gnu-toolchain/bin/../lib/gcc/avr/5.4.0/avr4\libgcc.a(_exit.o)
 .data          0x00000000        0x0 c:/program files (x86)/atmel/studio/7.0/toolchain/avr8/avr8-gnu-toolchain/bin/../lib/gcc/avr/5.4.0/avr4\libgcc.a(_exit.o)
 .bss           0x00000000        0x0 c:/program files (x86)/atmel/studio/7.0/toolchain/avr8/avr8-gnu-toolchain/bin/../lib/gcc/avr/5.4.0/avr4\libgcc.a(_exit.o)
 .text.libgcc.mul
                0x00000000        0x0 c:/program files (x86)/atmel/studio/7.0/toolchain/avr8/avr8-gnu-toolchain/bin/../lib/gcc/avr/5.4.0/avr4\libgcc.a(_exit.o)
 .text.libgcc.div
                0x00000000        0x0 c:/program files (x86)/atmel/studio/7.0/toolchain/avr8/avr8-gnu-toolchain/bin/../lib/gcc/avr/5.4.0/avr4\libgcc.a(_exit.o)
 .text.libgcc   0x00000000        0x0 c:/program files (x86)/atmel/studio/7.0/toolchain/avr8/avr8-gnu-toolchain/bin/../lib/gcc/avr/5.4.0/avr4\libgcc.a(_exit.o)
 .text.libgcc.prologue
                0x00000000        0x0 c:/program files (x86)/atmel/studio/7.0/toolchain/avr8/avr8-gnu-toolchain/bin/../lib/gcc/avr/5.4.0/avr4\libgcc.a(_exit.o)
 .text.libgcc.builtins
                0x00000000        0x0 c:/program files (x86)/atmel/studio/7.0/toolchain/avr8/avr8-gnu-toolchain/bin/../lib/gcc/avr/5.4.0/avr4\libgcc.a(_exit.o)
 .text.libgcc.fmul
                0x00000000        0x0 c:/program files (x86)/atmel/studio/7.0/toolchain/avr8/avr8-gnu-toolchain/bin/../lib/gcc/avr/5.4.0/avr4\libgcc.a(_exit.o)
 .text.libgcc.fixed
                0x00000000        0x0 c:/program files (x86)/atmel/studio/7.0/toolchain/avr8/avr8-gnu-toolchain/bin/../lib/gcc/avr/5.4.0/avr4\libgcc.a(_exit.o)
 .text          0x00000000        0x0 c:/program files (x86)/atmel/studio/7.0/toolchain/avr8/avr8-gnu-toolchain/bin/../lib/gcc/avr/5.4.0/avr4\libgcc.a(_clear_bss.o)
 .data          0x00000000        0x0 c:/program files (x86)/atmel/studio/7.0/toolchain/avr8/avr8-gnu-toolchain/bin/../lib/gcc/avr/5.4.0/avr4\libgcc.a(_clear_bss.o)
 .bss           0x00000000        0x0 c:/program files (x86)/atmel/studio/7.0/toolchain/avr8/avr8-gnu-toolchain/bin/../lib/gcc/avr/5.4.0/avr4\libgcc.a(_clear_bss.o)
 .text.libgcc.mul
                0x00000000        0x0 c:/program files (x86)/atmel/studio/7.0/toolchain/avr8/avr8-gnu-toolchain/bin/../lib/gcc/avr/5.4.0/avr4\libgcc.a(_clear_bss.o)
 .text.libgcc.div
                0x00000000        0x0 c:/program files (x86)/atmel/studio/7.0/toolchain/avr8/avr8-gnu-toolchain/bin/../lib/gcc/avr/5.4.0/avr4\libgcc.a(_clear_bss.o)
 .text.libgcc   0x00000000        0x0 c:/program files (x86)/atmel/studio/7.0/toolchain/avr8/avr8-gnu-toolchain/bin/../lib/gcc/avr/5.4.0/avr4\libgcc.a(_clear_bss.o)
 .text.libgcc.prologue
                0x00000000        0x0 c:/program files (x86)/atmel/studio/7.0/toolchain/avr8/avr8-gnu-toolchain/bin/../lib/gcc/avr/5.4.0/avr4\libgcc.a(_clear_bss.o)
 .text.libgcc.builtins
                0x00000000        0x0 c:/program files (x86)/atmel/studio/7.0/toolchain/avr8/avr8-gnu-toolchain/bin/../lib/gcc/avr/5.4.0/avr4\libgcc.a(_clear_bss.o)
 .text.libgcc.fmul
                0x00000000        0x0 c:/program files (x86)/atmel/studio/7.0/toolchain/avr8/avr8-gnu-toolchain/bin/../lib/gcc/avr/5.4.0/avr4\libgcc.a(_clear_bss.o)
 .text.libgcc.fixed
                0x00000000        0x0 c:/program files (x86)/atmel/studio/7.0/toolchain/avr8/avr8-gnu-toolchain/bin/../lib/gcc/avr/5.4.0/avr4\libgcc.a(_clear_bss.o)
 .text          0x00000000        0x0 c:/program files (x86)/atmel/studio/7.0/toolchain/avr8/avr8-gnu-toolchain/bin/../lib/gcc/avr/5.4.0/avr4\libgcc.a(_muluhisi3.o)
 .data          0x00000000        0x0 c:/program files (x86)/atmel/studio/7.0/toolchain/avr8/avr8-gnu-toolchain/bin/../lib/gcc/avr/5.4.0/avr4\libgcc.a(_muluhisi3.o)
 .bss           0x00000000        0x0 c:/program files (x86)/atmel/studio/7.0/toolchain/avr8/avr8-gnu-toolchain/bin/../lib/gcc/avr/5.4.0/avr4\libgcc.a(_muluhisi3.o)
 .text.libgcc.mul
                0x00000000       0x14 c:/program files (x86)/atmel/studio/7.0/toolchain/avr8/avr8-gnu-toolchain/bin/../lib/gcc/avr/5.4.0/avr4\libgcc.a(_muluhisi3.o)
 .text.libgcc.div
                0x00000000        0x0 c:/program files (x86)/atmel/studio/7.0/toolchain/avr8/avr8-gnu-toolchain/bin/../lib/gcc/avr/5.4.0/avr4\libgcc.a(_muluhisi3.o)
 .text.libgcc   0x00000000        0x0 c:/program files (x86)/atmel/studio/7.0/toolchain/avr8/avr8-gnu-toolchain/bin/../lib/gcc/avr/5.4.0/avr4\libgcc.a(_muluhisi3.o)
 .text.libgcc.prologue
                0x00000000        0x0 c:/program files (x86)/atmel/studio/7.0/toolchain/avr8/avr8-gnu-toolchain/bin/../lib/gcc/avr/5.4.0/avr4\libgcc.a(_muluhisi3.o)
 .text.libgcc.builtins
                0x00000000        0x0 c:/program files (x86)/atmel/studio/7.0/toolchain/avr8/avr8-gnu-toolchain/bin/../lib/gcc/avr/5.4.0/avr4\libgcc.a(_muluhisi3.o)
 .text.libgcc.fmul
                0x00000000        0x0 c:/program files (x86)/atmel/studio/7.0/toolchain/avr8/avr8-gnu-toolchain/bin/../lib/gcc/avr/5.4.0/avr4\libgcc.a(_muluhisi3.o)
 .text.libgcc.fixed
                0x00000000        0x0 c:/program files (x86)/atmel/studio/7.0/toolchain/avr8/avr8-gnu-toolchain/bin/../lib/gcc/avr/5.4.0/avr4\libgcc.a(_muluhisi3.o)
 .text          0x00000000        0x0 c:/program files (x86)/atmel/studio/7.0/toolchain/avr8/avr8-gnu-toolchain/bin/../lib/gcc/avr/5.4.0/avr4\libgcc.a(_umulhisi3.o)
 .data          0x00000000        0x0 c:/program files (x86)/atmel/studio/7.0/toolchain/avr8/avr8-gnu-toolchain/bin/../lib/gcc/avr/5.4.0/avr4\libgcc.a(_umulhisi3.o)
 .bss           0x00000000        0x0 c:/program files (x86)/atmel/studio/7.0/toolchain/avr8/avr8-gnu-toolchain/bin/../lib/gcc/avr/5.4.0/avr4\libgcc.a(_umulhisi3.o)
 .text.libgcc.mul
                0x00000000       0x18 c:/program files (x86)/atmel/studio/7.0/toolchain/avr8/avr8-gnu-toolchain/bin/../lib/gcc/avr/5.4.0/avr4\libgcc.a(_umulhisi3.o)
 .text.libgcc.div
                0x00000000        0x0 c:/program files (x86)/atmel/studio/7.0/toolchain/avr8/avr8-gnu-toolchain/bin/../lib/gcc/avr/5.4.0/avr4\libgcc.a(_umulhisi3.o)
 .text.libgcc   0x00000000        0x0 c:/program files (x86)/atmel/studio/7.0/toolchain/avr8/avr8-gnu-toolchain/bin/../lib/gcc/avr/5.4.0/avr4\libgcc.a(_umulhisi3.o)
 .text.libgcc.prologue
                0x00000000        0x0 c:/program files (x86)/atmel/studio/7.0/toolchain/avr8/avr8-gnu-toolchain/bin/../lib/gcc/avr/5.4.0/avr4\libgcc.a(_umulhisi3.o)
 .text.libgcc.builtins
                0x00000000        0x0 c:/program files (x86)/atmel/studio/7.0/toolchain/avr8/avr8-gnu-toolchain/bin/../lib/gcc/avr/5.4.0/avr4\libgcc.a(_umulhisi3.o)
 .text.libgcc.fmul
                0x00000000        0x0 c:/program files (x86)/atmel/studio/7.0/toolchain/avr8/avr8-gnu-toolchain/bin/../lib/gcc/avr/5.4.0/avr4\libgcc.a(_umulhisi3.o)
 .text.libgcc.fixed
                0x00000000        0x0 c:/program files (x86)/atmel/studio/7.0/toolchain/avr8/avr8-gnu-toolchain/bin/../lib/gcc/avr/5.4.0/avr4\libgcc.a(_umulhisi3.o)

Memory Configuration

Name             Origin             Length             Attributes
text             0x00000000         0x00002000         xr
data             0x00800060         0x00000400         rw !x
eeprom           0x00810000         0x00000200         rw !x
fuse             0x00820000         0x00000002         rw !x
lock             0x00830000         0x00000400         rw !x
signature        0x00840000         0x00000400         rw !x
user_signatures  0x00850000         0x00000400         rw !x
*default*        0x00000000         0xffffffff

Linker script and memory map

LOAD C:/Program Files/Microchip/MPLABX/v6.05/packs/Microchip/ATmega_DFP/3.0.158/gcc/dev/atmega8a/avr4/crtatmega8a.o
LOAD build/ATmega128/production/src/app.o
LOAD build/ATmega128/production/src/events.o
LOAD build/ATmega128/production/src/resepassword.o
LOAD build/ATmega128/production/src/Indicator.o
LOAD ..\mega2.X\dist\Atmega128A\production\mega2.X.a
                0x00000001                __MPLAB_BUILD = 0x1
START GROUP
LOAD c:/program files (x86)/atmel/studio/7.0/toolchain/avr8/avr8-gnu-toolchain/bin/../lib/gcc/avr/5.4.0/../../../../avr/lib/avr4\libm.a
END GROUP
START GROUP
LOAD c:/program files (x86)/atmel/studio/7.0/toolchain/avr8/avr8-gnu-toolchain/bin/../lib/gcc/avr/5.4.0/avr4\libgcc.a
LOAD c:/program files (x86)/atmel/studio/7.0/toolchain/avr8/avr8-gnu-toolchain/bin/../lib/gcc/avr/5.4.0/../../../../avr/lib/avr4\libm.a
LOAD c:/program files (x86)/atmel/studio/7.0/toolchain/avr8/avr8-gnu-toolchain/bin/../lib/gcc/avr/5.4.0/../../../../avr/lib/avr4\libc.a
LOAD C:/Program Files/Microchip/MPLABX/v6.05/packs/Microchip/ATmega_DFP/3.0.158/gcc/dev/atmega8a/avr4\libatmega8a.a
END GROUP
                [0x00000000]                __TEXT_REGION_ORIGIN__ = DEFINED (__TEXT_REGION_ORIGIN__)?__TEXT_REGION_ORIGIN__:0x0
                [0x00800060]                __DATA_REGION_ORIGIN__ = DEFINED (__DATA_REGION_ORIGIN__)?__DATA_REGION_ORIGIN__:0x800060
                [0x00002000]                __TEXT_REGION_LENGTH__ = DEFINED (__TEXT_REGION_LENGTH__)?__TEXT_REGION_LENGTH__:0x2000
                [0x00000400]                __DATA_REGION_LENGTH__ = DEFINED (__DATA_REGION_LENGTH__)?__DATA_REGION_LENGTH__:0xffa0
                [0x00000200]                __EEPROM_REGION_LENGTH__ = DEFINED (__EEPROM_REGION_LENGTH__)?__EEPROM_REGION_LENGTH__:0x10000
                [0x00000002]                __FUSE_REGION_LENGTH__ = DEFINED (__FUSE_REGION_LENGTH__)?__FUSE_REGION_LENGTH__:0x400
                0x00000400                __LOCK_REGION_LENGTH__ = DEFINED (__LOCK_REGION_LENGTH__)?__LOCK_REGION_LENGTH__:0x400
                0x00000400                __SIGNATURE_REGION_LENGTH__ = DEFINED (__SIGNATURE_REGION_LENGTH__)?__SIGNATURE_REGION_LENGTH__:0x400
                0x00000400                __USER_SIGNATURE_REGION_LENGTH__ = DEFINED (__USER_SIGNATURE_REGION_LENGTH__)?__USER_SIGNATURE_REGION_LENGTH__:0x400

.hash
 *(.hash)

.dynsym
 *(.dynsym)

.dynstr
 *(.dynstr)

.gnu.version
 *(.gnu.version)

.gnu.version_d
 *(.gnu.version_d)

.gnu.version_r
 *(.gnu.version_r)

.rel.init
 *(.rel.init)

.rela.init
 *(.rela.init)

.rel.text
 *(.rel.text)
 *(.rel.text.*)
 *(.rel.gnu.linkonce.t*)

.rela.text
 *(.rela.text)
 *(.rela.text.*)
 *(.rela.gnu.linkonce.t*)

.rel.fini
 *(.rel.fini)

.rela.fini
 *(.rela.fini)

.rel.rodata
 *(.rel.rodata)
 *(.rel.rodata.*)
 *(.rel.gnu.linkonce.r*)

.rela.rodata
 *(.rela.rodata)
 *(.rela.rodata.*)
 *(.rela.gnu.linkonce.r*)

.rel.data
 *(.rel.data)
 *(.rel.data.*)
 *(.rel.gnu.linkonce.d*)

.rela.data
 *(.rela.data)
 *(.rela.data.*)
 *(.rela.gnu.linkonce.d*)

.rel.ctors
 *(.rel.ctors)

.rela.ctors
 *(.rela.ctors)

.rel.dtors
 *(.rel.dtors)

.rela.dtors
 *(.rela.dtors)

.rel.got
 *(.rel.got)

.rela.got
 *(.rela.got)

.rel.bss
 *(.rel.bss)

.rela.bss
 *(.rela.bss)

.rel.plt
 *(.rel.plt)

.rela.plt
 *(.rela.plt)

.text           0x00000000      0xaba
 *(.vectors)
 .vectors       0x00000000       0x26 C:/Program Files/Microchip/MPLABX/v6.05/packs/Microchip/ATmega_DFP/3.0.158/gcc/dev/atmega8a/avr4/crtatmega8a.o
                0x00000000                __vector_default
                0x00000000                __vectors
 *(.vectors)
 *(.progmem.gcc*)
                0x00000026                . = ALIGN (0x2)
                0x00000026                __trampolines_start = .
 *(.trampolines)
 .trampolines   0x00000026        0x0 linker stubs
 *(.trampolines*)
                0x00000026                __trampolines_end = .
 *libprintf_flt.a:*(.progmem.data)
 *libc.a:*(.progmem.data)
 *(.progmem*)
 .progmem.data.keyRows
                0x00000026        0x8 ..\mega2.X\dist\Atmega128A\production\mega2.X.a(keypad.o)
 .progmem.data.keyCloumn
                0x0000002e        0x6 ..\mega2.X\dist\Atmega128A\production\mega2.X.a(keypad.o)
 .progmem.data.NullIButton
                0x00000034        0x5 ..\mega2.X\dist\Atmega128A\production\mega2.X.a(button.o)
                0x00000034                NullIButton
                0x0000003a                . = ALIGN (0x2)
 *fill*         0x00000039        0x1 
 *(.jumptables)
 *(.jumptables*)
 *(.lowtext)
 *(.lowtext*)
                0x0000003a                __ctors_start = .
 *(.ctors)
                0x0000003a                __ctors_end = .
                0x0000003a                __dtors_start = .
 *(.dtors)
                0x0000003a                __dtors_end = .
 SORT(*)(.ctors)
 SORT(*)(.dtors)
 *(.init0)
 .init0         0x0000003a        0x0 C:/Program Files/Microchip/MPLABX/v6.05/packs/Microchip/ATmega_DFP/3.0.158/gcc/dev/atmega8a/avr4/crtatmega8a.o
                0x0000003a                __init
 *(.init0)
 *(.init1)
 *(.init1)
 *(.init2)
 .init2         0x0000003a        0xc C:/Program Files/Microchip/MPLABX/v6.05/packs/Microchip/ATmega_DFP/3.0.158/gcc/dev/atmega8a/avr4/crtatmega8a.o
 *(.init2)
 *(.init3)
 *(.init3)
 *(.init4)
 .init4         0x00000046       0x10 c:/program files (x86)/atmel/studio/7.0/toolchain/avr8/avr8-gnu-toolchain/bin/../lib/gcc/avr/5.4.0/avr4\libgcc.a(_clear_bss.o)
                0x00000046                __do_clear_bss
 *(.init4)
 *(.init5)
 *(.init5)
 *(.init6)
 *(.init6)
 *(.init7)
 *(.init7)
 *(.init8)
 *(.init8)
 *(.init9)
 .init9         0x00000056        0x4 C:/Program Files/Microchip/MPLABX/v6.05/packs/Microchip/ATmega_DFP/3.0.158/gcc/dev/atmega8a/avr4/crtatmega8a.o
 *(.init9)
 *(.text)
 .text          0x0000005a        0x2 C:/Program Files/Microchip/MPLABX/v6.05/packs/Microchip/ATmega_DFP/3.0.158/gcc/dev/atmega8a/avr4/crtatmega8a.o
                0x0000005a                __vector_1
                0x0000005a                __vector_12
                0x0000005a                __bad_interrupt
                0x0000005a                __vector_6
                0x0000005a                __vector_3
                0x0000005a                __vector_11
                0x0000005a                __vector_13
                0x0000005a                __vector_17
                0x0000005a                __vector_7
                0x0000005a                __vector_5
                0x0000005a                __vector_4
                0x0000005a                __vector_9
                0x0000005a                __vector_2
                0x0000005a                __vector_8
                0x0000005a                __vector_14
                0x0000005a                __vector_10
                0x0000005a                __vector_16
                0x0000005a                __vector_18
                0x0000005c                . = ALIGN (0x2)
 *(.text.*)
 .text.appBoot  0x0000005c        0x2 build/ATmega128/production/src/app.o
                0x0000005c                appBoot
 .text.appInit  0x0000005e        0x2 build/ATmega128/production/src/app.o
                0x0000005e                appInit
 .text.appMain  0x00000060        0x2 build/ATmega128/production/src/app.o
                0x00000060                appMain
 .text.eepromInit
                0x00000062       0x14 ..\mega2.X\dist\Atmega128A\production\mega2.X.a(eeprom.o)
                0x00000062                eepromInit
 .text.eepromDriver
                0x00000076      0x28a ..\mega2.X\dist\Atmega128A\production\mega2.X.a(eeprom.o)
                0x00000076                eepromDriver
 .text.keyInit  0x00000300      0x128 ..\mega2.X\dist\Atmega128A\production\mega2.X.a(keypad.o)
                0x00000300                keyInit
 .text.keyscan  0x00000428      0x1b0 ..\mega2.X\dist\Atmega128A\production\mega2.X.a(keypad.o)
                0x00000428                keyscan
 .text.__vector_15
                0x000005d8      0x160 ..\mega2.X\dist\Atmega128A\production\mega2.X.a(system.o)
                0x000005d8                __vector_15
 .text.systemInit
                0x00000738       0x36 ..\mega2.X\dist\Atmega128A\production\mega2.X.a(system.o)
                0x00000738                systemInit
 .text.systemMillis
                0x0000076e       0x18 ..\mega2.X\dist\Atmega128A\production\mega2.X.a(system.o)
                0x0000076e                systemMillis
 .text.sysIsTimeoutMs
                0x00000786       0x4c ..\mega2.X\dist\Atmega128A\production\mega2.X.a(system.o)
                0x00000786                sysIsTimeoutMs
 .text.setupHwTimer0
                0x000007d2       0x18 ..\mega2.X\dist\Atmega128A\production\mega2.X.a(system.o)
                0x000007d2                setupHwTimer0
 .text.startup.main
                0x000007ea       0x2e ..\mega2.X\dist\Atmega128A\production\mega2.X.a(mega.o)
                0x000007ea                main
 .text.byteBufferInit
                0x00000818       0x10 ..\mega2.X\dist\Atmega128A\production\mega2.X.a(buffers.o)
                0x00000818                byteBufferInit
 .text.putByte  0x00000828       0x32 ..\mega2.X\dist\Atmega128A\production\mega2.X.a(buffers.o)
                0x00000828                putByte
 .text.buttonScan
                0x0000085a       0xf6 ..\mega2.X\dist\Atmega128A\production\mega2.X.a(button.o)
                0x0000085a                buttonScan
 .text.buttonInit
                0x00000950      0x122 ..\mega2.X\dist\Atmega128A\production\mega2.X.a(button.o)
                0x00000950                buttonInit
 .text.libgcc.div
                0x00000a72       0x44 c:/program files (x86)/atmel/studio/7.0/toolchain/avr8/avr8-gnu-toolchain/bin/../lib/gcc/avr/5.4.0/avr4\libgcc.a(_udivmodsi4.o)
                0x00000a72                __udivmodsi4
                0x00000ab6                . = ALIGN (0x2)
 *(.fini9)
 .fini9         0x00000ab6        0x0 c:/program files (x86)/atmel/studio/7.0/toolchain/avr8/avr8-gnu-toolchain/bin/../lib/gcc/avr/5.4.0/avr4\libgcc.a(_exit.o)
                0x00000ab6                _exit
                0x00000ab6                exit
 *(.fini9)
 *(.fini8)
 *(.fini8)
 *(.fini7)
 *(.fini7)
 *(.fini6)
 *(.fini6)
 *(.fini5)
 *(.fini5)
 *(.fini4)
 *(.fini4)
 *(.fini3)
 *(.fini3)
 *(.fini2)
 *(.fini2)
 *(.fini1)
 *(.fini1)
 *(.fini0)
 .fini0         0x00000ab6        0x4 c:/program files (x86)/atmel/studio/7.0/toolchain/avr8/avr8-gnu-toolchain/bin/../lib/gcc/avr/5.4.0/avr4\libgcc.a(_exit.o)
 *(.fini0)
                0x00000aba                _etext = .

.data           0x00800060        0x0 load address 0x00000aba
                [!provide]                PROVIDE (__data_start, .)
 *(.data)
 *(.data*)
 *(.gnu.linkonce.d*)
 *(.rodata)
 *(.rodata*)
 *(.gnu.linkonce.r*)
                0x00800060                . = ALIGN (0x2)
                0x00800060                _edata = .
                [!provide]                PROVIDE (__data_end, .)

.bss            0x00800060       0x4a
                0x00800060                PROVIDE (__bss_start, .)
 *(.bss)
 *(.bss*)
 .bss.gEepromDescriptor
                0x00800060        0x7 ..\mega2.X\dist\Atmega128A\production\mega2.X.a(eeprom.o)
 .bss.gu8eeprom_read_buf
                0x00800067        0xa ..\mega2.X\dist\Atmega128A\production\mega2.X.a(eeprom.o)
 .bss.gu8KeypadRepeatCounter
                0x00800071        0x1 ..\mega2.X\dist\Atmega128A\production\mega2.X.a(keypad.o)
 .bss.gu8KeypadLastKey
                0x00800072        0x1 ..\mega2.X\dist\Atmega128A\production\mega2.X.a(keypad.o)
 .bss.gu8keypadCounters
                0x00800073        0xc ..\mega2.X\dist\Atmega128A\production\mega2.X.a(keypad.o)
 .bss.gstKeypadDescriptor
                0x0080007f        0x6 ..\mega2.X\dist\Atmega128A\production\mega2.X.a(keypad.o)
 .bss.gu8KeypadBufferEvents
                0x00800085        0x4 ..\mega2.X\dist\Atmega128A\production\mega2.X.a(keypad.o)
 .bss.gu8PerdiocTasks
                0x00800089        0x1 ..\mega2.X\dist\Atmega128A\production\mega2.X.a(system.o)
 .bss.gu8NumberOFusPerMs
                0x0080008a        0x1 ..\mega2.X\dist\Atmega128A\production\mega2.X.a(system.o)
 .bss.gu32SystemTime
                0x0080008b        0x4 ..\mega2.X\dist\Atmega128A\production\mega2.X.a(system.o)
 .bss.gu32TimeMs
                0x0080008f        0x4 ..\mega2.X\dist\Atmega128A\production\mega2.X.a(system.o)
 .bss.gu32SystemTick
                0x00800093        0x4 ..\mega2.X\dist\Atmega128A\production\mega2.X.a(system.o)
 .bss.gstButtonDescriptor
                0x00800097        0x6 ..\mega2.X\dist\Atmega128A\production\mega2.X.a(button.o)
 .bss.gu8ButtonBufferEvents
                0x0080009d        0x4 ..\mega2.X\dist\Atmega128A\production\mega2.X.a(button.o)
 .bss.gu8ButtonRepeatCounter
                0x008000a1        0x1 ..\mega2.X\dist\Atmega128A\production\mega2.X.a(button.o)
 .bss.gu8ButtonLastKey
                0x008000a2        0x1 ..\mega2.X\dist\Atmega128A\production\mega2.X.a(button.o)
 .bss.gu8ButtonCounters
                0x008000a3        0x1 ..\mega2.X\dist\Atmega128A\production\mega2.X.a(button.o)
 .bss.gpFirstButton
                0x008000a4        0x2 ..\mega2.X\dist\Atmega128A\production\mega2.X.a(button.o)
 *(COMMON)
 COMMON         0x008000a6        0x4 ..\mega2.X\dist\Atmega128A\production\mega2.X.a(eeprom.o)
                0x008000a6                gstEepromTimeOut
                0x008000aa                PROVIDE (__bss_end, .)
                0x00000aba                __data_load_start = LOADADDR (.data)
                0x00000aba                __data_load_end = (__data_load_start + SIZEOF (.data))

.noinit         0x008000aa        0x0
                [!provide]                PROVIDE (__noinit_start, .)
 *(.noinit*)
                [!provide]                PROVIDE (__noinit_end, .)
                0x008000aa                _end = .
                [!provide]                PROVIDE (__heap_start, .)

.eeprom         0x00810000        0x0
 *(.eeprom*)
                0x00810000                __eeprom_end = .

.fuse
 *(.fuse)
 *(.lfuse)
 *(.hfuse)
 *(.efuse)

.lock
 *(.lock*)

.signature
 *(.signature*)

.user_signatures
 *(.user_signatures*)

.stab
 *(.stab)

.stabstr
 *(.stabstr)

.stab.excl
 *(.stab.excl)

.stab.exclstr
 *(.stab.exclstr)

.stab.index
 *(.stab.index)

.stab.indexstr
 *(.stab.indexstr)

.comment        0x00000000       0x30
 *(.comment)
 .comment       0x00000000       0x30 build/ATmega128/production/src/app.o
                                 0x31 (size before relaxing)
 .comment       0x00000030       0x31 ..\mega2.X\dist\Atmega128A\production\mega2.X.a(eeprom.o)
 .comment       0x00000030       0x31 ..\mega2.X\dist\Atmega128A\production\mega2.X.a(keypad.o)
 .comment       0x00000030       0x31 ..\mega2.X\dist\Atmega128A\production\mega2.X.a(system.o)
 .comment       0x00000030       0x31 ..\mega2.X\dist\Atmega128A\production\mega2.X.a(mega.o)
 .comment       0x00000030       0x31 ..\mega2.X\dist\Atmega128A\production\mega2.X.a(buffers.o)
 .comment       0x00000030       0x31 ..\mega2.X\dist\Atmega128A\production\mega2.X.a(button.o)

.note.gnu.avr.deviceinfo
                0x00000000       0x3c
 .note.gnu.avr.deviceinfo
                0x00000000       0x3c C:/Program Files/Microchip/MPLABX/v6.05/packs/Microchip/ATmega_DFP/3.0.158/gcc/dev/atmega8a/avr4/crtatmega8a.o

.note.gnu.build-id
 *(.note.gnu.build-id)

.debug
 *(.debug)

.line
 *(.line)

.debug_srcinfo
 *(.debug_srcinfo)

.debug_sfnames
 *(.debug_sfnames)

.debug_aranges
 *(.debug_aranges)

.debug_pubnames
 *(.debug_pubnames)

.debug_info     0x00000000      0x48c
 *(.debug_info .gnu.linkonce.wi.*)
 .debug_info    0x00000000      0x48c C:/Program Files/Microchip/MPLABX/v6.05/packs/Microchip/ATmega_DFP/3.0.158/gcc/dev/atmega8a/avr4/crtatmega8a.o

.debug_abbrev   0x00000000      0x44e
 *(.debug_abbrev)
 .debug_abbrev  0x00000000      0x44e C:/Program Files/Microchip/MPLABX/v6.05/packs/Microchip/ATmega_DFP/3.0.158/gcc/dev/atmega8a/avr4/crtatmega8a.o

.debug_line     0x00000000      0x10a
 *(.debug_line .debug_line.* .debug_line_end)
 .debug_line    0x00000000      0x10a C:/Program Files/Microchip/MPLABX/v6.05/packs/Microchip/ATmega_DFP/3.0.158/gcc/dev/atmega8a/avr4/crtatmega8a.o

.debug_frame
 *(.debug_frame)

.debug_str      0x00000000      0x17a
 *(.debug_str)
 .debug_str     0x00000000      0x17a C:/Program Files/Microchip/MPLABX/v6.05/packs/Microchip/ATmega_DFP/3.0.158/gcc/dev/atmega8a/avr4/crtatmega8a.o

.debug_loc
 *(.debug_loc)

.debug_macinfo
 *(.debug_macinfo)

.debug_weaknames
 *(.debug_weaknames)

.debug_funcnames
 *(.debug_funcnames)

.debug_typenames
 *(.debug_typenames)

.debug_varnames
 *(.debug_varnames)

.debug_pubtypes
 *(.debug_pubtypes)

.debug_ranges
 *(.debug_ranges)

.debug_macro
 *(.debug_macro)
OUTPUT(dist/ATmega128/production/ElectronicSafe.X.production.elf elf32-avr)
LOAD linker stubs
