Archive member included to satisfy reference by file (symbol)

..\..\..\..\..\dist\Atmega128A\production\mega2.X.a(button.o)
                              build/ATmega128/production/src/app.o (NullIButton)
..\..\..\..\..\dist\Atmega128A\production\mega2.X.a(signalGenertor.o)
                              ..\..\..\..\..\dist\Atmega128A\production\mega2.X.a(button.o) (SignalStart)
..\..\..\..\..\dist\Atmega128A\production\mega2.X.a(mega.o)
                              C:/Program Files/Microchip/MPLABX/v6.05/packs/Microchip/ATmega_DFP/3.0.158/gcc/dev/atmega128a/avr51/crtatmega128a.o (main)
..\..\..\..\..\dist\Atmega128A\production\mega2.X.a(buffers.o)
                              ..\..\..\..\..\dist\Atmega128A\production\mega2.X.a(button.o) (byteBufferInit)
..\..\..\..\..\dist\Atmega128A\production\mega2.X.a(system.o)
                              ..\..\..\..\..\dist\Atmega128A\production\mega2.X.a(mega.o) (systemInit)
c:/program files (x86)/atmel/studio/7.0/toolchain/avr8/avr8-gnu-toolchain/bin/../lib/gcc/avr/5.4.0/avr51\libgcc.a(_udivmodqi4.o)
                              ..\..\..\..\..\dist\Atmega128A\production\mega2.X.a(buffers.o) (__udivmodqi4)
c:/program files (x86)/atmel/studio/7.0/toolchain/avr8/avr8-gnu-toolchain/bin/../lib/gcc/avr/5.4.0/avr51\libgcc.a(_udivmodhi4.o)
                              ..\..\..\..\..\dist\Atmega128A\production\mega2.X.a(signalGenertor.o) (__udivmodhi4)
c:/program files (x86)/atmel/studio/7.0/toolchain/avr8/avr8-gnu-toolchain/bin/../lib/gcc/avr/5.4.0/avr51\libgcc.a(_udivmodsi4.o)
                              ..\..\..\..\..\dist\Atmega128A\production\mega2.X.a(signalGenertor.o) (__udivmodsi4)
c:/program files (x86)/atmel/studio/7.0/toolchain/avr8/avr8-gnu-toolchain/bin/../lib/gcc/avr/5.4.0/avr51\libgcc.a(_exit.o)
                              C:/Program Files/Microchip/MPLABX/v6.05/packs/Microchip/ATmega_DFP/3.0.158/gcc/dev/atmega128a/avr51/crtatmega128a.o (exit)
c:/program files (x86)/atmel/studio/7.0/toolchain/avr8/avr8-gnu-toolchain/bin/../lib/gcc/avr/5.4.0/avr51\libgcc.a(_clear_bss.o)
                              ..\..\..\..\..\dist\Atmega128A\production\mega2.X.a(button.o) (__do_clear_bss)
c:/program files (x86)/atmel/studio/7.0/toolchain/avr8/avr8-gnu-toolchain/bin/../lib/gcc/avr/5.4.0/avr51\libgcc.a(_umulhisi3.o)
                              ..\..\..\..\..\dist\Atmega128A\production\mega2.X.a(signalGenertor.o) (__umulhisi3)
c:/program files (x86)/atmel/studio/7.0/toolchain/avr8/avr8-gnu-toolchain/bin/../lib/gcc/avr/5.4.0/avr51\libgcc.a(_muluhisi3.o)
                              ..\..\..\..\..\dist\Atmega128A\production\mega2.X.a(system.o) (__muluhisi3)

Allocating common symbols
Common symbol       size              file

gSignalsArray       0xa               ..\..\..\..\..\dist\Atmega128A\production\mega2.X.a(signalGenertor.o)

Discarded input sections

 .data          0x00000000        0x0 C:/Program Files/Microchip/MPLABX/v6.05/packs/Microchip/ATmega_DFP/3.0.158/gcc/dev/atmega128a/avr51/crtatmega128a.o
 .bss           0x00000000        0x0 C:/Program Files/Microchip/MPLABX/v6.05/packs/Microchip/ATmega_DFP/3.0.158/gcc/dev/atmega128a/avr51/crtatmega128a.o
 .text          0x00000000        0x0 build/ATmega128/production/src/app.o
 .data          0x00000000        0x0 build/ATmega128/production/src/app.o
 .bss           0x00000000        0x0 build/ATmega128/production/src/app.o
 .text.appSync  0x00000000        0x2 build/ATmega128/production/src/app.o
 .text          0x00000000        0x0 ..\..\..\..\..\dist\Atmega128A\production\mega2.X.a(button.o)
 .data          0x00000000        0x0 ..\..\..\..\..\dist\Atmega128A\production\mega2.X.a(button.o)
 .bss           0x00000000        0x0 ..\..\..\..\..\dist\Atmega128A\production\mega2.X.a(button.o)
 .text          0x00000000        0x0 ..\..\..\..\..\dist\Atmega128A\production\mega2.X.a(signalGenertor.o)
 .data          0x00000000        0x0 ..\..\..\..\..\dist\Atmega128A\production\mega2.X.a(signalGenertor.o)
 .bss           0x00000000        0x0 ..\..\..\..\..\dist\Atmega128A\production\mega2.X.a(signalGenertor.o)
 .text.SignalsState
                0x00000000       0x18 ..\..\..\..\..\dist\Atmega128A\production\mega2.X.a(signalGenertor.o)
 .text          0x00000000        0x0 ..\..\..\..\..\dist\Atmega128A\production\mega2.X.a(mega.o)
 .data          0x00000000        0x0 ..\..\..\..\..\dist\Atmega128A\production\mega2.X.a(mega.o)
 .bss           0x00000000        0x0 ..\..\..\..\..\dist\Atmega128A\production\mega2.X.a(mega.o)
 .text          0x00000000        0x0 ..\..\..\..\..\dist\Atmega128A\production\mega2.X.a(buffers.o)
 .data          0x00000000        0x0 ..\..\..\..\..\dist\Atmega128A\production\mega2.X.a(buffers.o)
 .bss           0x00000000        0x0 ..\..\..\..\..\dist\Atmega128A\production\mega2.X.a(buffers.o)
 .text.structBufferInit
                0x00000000       0x12 ..\..\..\..\..\dist\Atmega128A\production\mega2.X.a(buffers.o)
 .text.TLVBufferInit
                0x00000000       0x12 ..\..\..\..\..\dist\Atmega128A\production\mega2.X.a(buffers.o)
 .text.getExistingLength
                0x00000000        0x6 ..\..\..\..\..\dist\Atmega128A\production\mega2.X.a(buffers.o)
 .text.getTlvCount
                0x00000000        0x6 ..\..\..\..\..\dist\Atmega128A\production\mega2.X.a(buffers.o)
 .text.getStructCount
                0x00000000        0xc ..\..\..\..\..\dist\Atmega128A\production\mega2.X.a(buffers.o)
 .text.putStruct
                0x00000000       0x64 ..\..\..\..\..\dist\Atmega128A\production\mega2.X.a(buffers.o)
 .text.getStruct
                0x00000000       0x4a ..\..\..\..\..\dist\Atmega128A\production\mega2.X.a(buffers.o)
 .text.putTLV   0x00000000       0x80 ..\..\..\..\..\dist\Atmega128A\production\mega2.X.a(buffers.o)
 .text.getTLV   0x00000000       0x58 ..\..\..\..\..\dist\Atmega128A\production\mega2.X.a(buffers.o)
 .text          0x00000000        0x0 ..\..\..\..\..\dist\Atmega128A\production\mega2.X.a(system.o)
 .data          0x00000000        0x0 ..\..\..\..\..\dist\Atmega128A\production\mega2.X.a(system.o)
 .bss           0x00000000        0x0 ..\..\..\..\..\dist\Atmega128A\production\mega2.X.a(system.o)
 .text.sysUpdateNow
                0x00000000       0x18 ..\..\..\..\..\dist\Atmega128A\production\mega2.X.a(system.o)
 .text.systemMillis
                0x00000000       0x18 ..\..\..\..\..\dist\Atmega128A\production\mega2.X.a(system.o)
 .text.sysTimerInitMS
                0x00000000       0x98 ..\..\..\..\..\dist\Atmega128A\production\mega2.X.a(system.o)
 .text.sysIsTimeoutMs
                0x00000000       0x4c ..\..\..\..\..\dist\Atmega128A\production\mega2.X.a(system.o)
 .text.sysTimerResetMS
                0x00000000       0x44 ..\..\..\..\..\dist\Atmega128A\production\mega2.X.a(system.o)
 .text.sysTimerCheckMs
                0x00000000       0x96 ..\..\..\..\..\dist\Atmega128A\production\mega2.X.a(system.o)
 .text.systemMicros
                0x00000000       0x4a ..\..\..\..\..\dist\Atmega128A\production\mega2.X.a(system.o)
 .text.sysTimerInitUs
                0x00000000       0x98 ..\..\..\..\..\dist\Atmega128A\production\mega2.X.a(system.o)
 .text.sysIsTimeoutUs
                0x00000000       0x4c ..\..\..\..\..\dist\Atmega128A\production\mega2.X.a(system.o)
 .text.sysTimerResetUS
                0x00000000       0x44 ..\..\..\..\..\dist\Atmega128A\production\mega2.X.a(system.o)
 .text.sysTimerCheckUs
                0x00000000       0x96 ..\..\..\..\..\dist\Atmega128A\production\mega2.X.a(system.o)
 .text.systemNow
                0x00000000       0x18 ..\..\..\..\..\dist\Atmega128A\production\mega2.X.a(system.o)
 .text.sysTimerInitS
                0x00000000       0x78 ..\..\..\..\..\dist\Atmega128A\production\mega2.X.a(system.o)
 .text.sysIsTimeoutS
                0x00000000       0x34 ..\..\..\..\..\dist\Atmega128A\production\mega2.X.a(system.o)
 .text.sysTimerResetS
                0x00000000       0x44 ..\..\..\..\..\dist\Atmega128A\production\mega2.X.a(system.o)
 .text.sysTimerCheckS
                0x00000000       0x74 ..\..\..\..\..\dist\Atmega128A\production\mega2.X.a(system.o)
 .text          0x00000000        0x0 c:/program files (x86)/atmel/studio/7.0/toolchain/avr8/avr8-gnu-toolchain/bin/../lib/gcc/avr/5.4.0/avr51\libgcc.a(_udivmodqi4.o)
 .data          0x00000000        0x0 c:/program files (x86)/atmel/studio/7.0/toolchain/avr8/avr8-gnu-toolchain/bin/../lib/gcc/avr/5.4.0/avr51\libgcc.a(_udivmodqi4.o)
 .bss           0x00000000        0x0 c:/program files (x86)/atmel/studio/7.0/toolchain/avr8/avr8-gnu-toolchain/bin/../lib/gcc/avr/5.4.0/avr51\libgcc.a(_udivmodqi4.o)
 .text.libgcc.mul
                0x00000000        0x0 c:/program files (x86)/atmel/studio/7.0/toolchain/avr8/avr8-gnu-toolchain/bin/../lib/gcc/avr/5.4.0/avr51\libgcc.a(_udivmodqi4.o)
 .text.libgcc.div
                0x00000000       0x18 c:/program files (x86)/atmel/studio/7.0/toolchain/avr8/avr8-gnu-toolchain/bin/../lib/gcc/avr/5.4.0/avr51\libgcc.a(_udivmodqi4.o)
 .text.libgcc   0x00000000        0x0 c:/program files (x86)/atmel/studio/7.0/toolchain/avr8/avr8-gnu-toolchain/bin/../lib/gcc/avr/5.4.0/avr51\libgcc.a(_udivmodqi4.o)
 .text.libgcc.prologue
                0x00000000        0x0 c:/program files (x86)/atmel/studio/7.0/toolchain/avr8/avr8-gnu-toolchain/bin/../lib/gcc/avr/5.4.0/avr51\libgcc.a(_udivmodqi4.o)
 .text.libgcc.builtins
                0x00000000        0x0 c:/program files (x86)/atmel/studio/7.0/toolchain/avr8/avr8-gnu-toolchain/bin/../lib/gcc/avr/5.4.0/avr51\libgcc.a(_udivmodqi4.o)
 .text.libgcc.fmul
                0x00000000        0x0 c:/program files (x86)/atmel/studio/7.0/toolchain/avr8/avr8-gnu-toolchain/bin/../lib/gcc/avr/5.4.0/avr51\libgcc.a(_udivmodqi4.o)
 .text.libgcc.fixed
                0x00000000        0x0 c:/program files (x86)/atmel/studio/7.0/toolchain/avr8/avr8-gnu-toolchain/bin/../lib/gcc/avr/5.4.0/avr51\libgcc.a(_udivmodqi4.o)
 .text          0x00000000        0x0 c:/program files (x86)/atmel/studio/7.0/toolchain/avr8/avr8-gnu-toolchain/bin/../lib/gcc/avr/5.4.0/avr51\libgcc.a(_udivmodhi4.o)
 .data          0x00000000        0x0 c:/program files (x86)/atmel/studio/7.0/toolchain/avr8/avr8-gnu-toolchain/bin/../lib/gcc/avr/5.4.0/avr51\libgcc.a(_udivmodhi4.o)
 .bss           0x00000000        0x0 c:/program files (x86)/atmel/studio/7.0/toolchain/avr8/avr8-gnu-toolchain/bin/../lib/gcc/avr/5.4.0/avr51\libgcc.a(_udivmodhi4.o)
 .text.libgcc.mul
                0x00000000        0x0 c:/program files (x86)/atmel/studio/7.0/toolchain/avr8/avr8-gnu-toolchain/bin/../lib/gcc/avr/5.4.0/avr51\libgcc.a(_udivmodhi4.o)
 .text.libgcc   0x00000000        0x0 c:/program files (x86)/atmel/studio/7.0/toolchain/avr8/avr8-gnu-toolchain/bin/../lib/gcc/avr/5.4.0/avr51\libgcc.a(_udivmodhi4.o)
 .text.libgcc.prologue
                0x00000000        0x0 c:/program files (x86)/atmel/studio/7.0/toolchain/avr8/avr8-gnu-toolchain/bin/../lib/gcc/avr/5.4.0/avr51\libgcc.a(_udivmodhi4.o)
 .text.libgcc.builtins
                0x00000000        0x0 c:/program files (x86)/atmel/studio/7.0/toolchain/avr8/avr8-gnu-toolchain/bin/../lib/gcc/avr/5.4.0/avr51\libgcc.a(_udivmodhi4.o)
 .text.libgcc.fmul
                0x00000000        0x0 c:/program files (x86)/atmel/studio/7.0/toolchain/avr8/avr8-gnu-toolchain/bin/../lib/gcc/avr/5.4.0/avr51\libgcc.a(_udivmodhi4.o)
 .text.libgcc.fixed
                0x00000000        0x0 c:/program files (x86)/atmel/studio/7.0/toolchain/avr8/avr8-gnu-toolchain/bin/../lib/gcc/avr/5.4.0/avr51\libgcc.a(_udivmodhi4.o)
 .text          0x00000000        0x0 c:/program files (x86)/atmel/studio/7.0/toolchain/avr8/avr8-gnu-toolchain/bin/../lib/gcc/avr/5.4.0/avr51\libgcc.a(_udivmodsi4.o)
 .data          0x00000000        0x0 c:/program files (x86)/atmel/studio/7.0/toolchain/avr8/avr8-gnu-toolchain/bin/../lib/gcc/avr/5.4.0/avr51\libgcc.a(_udivmodsi4.o)
 .bss           0x00000000        0x0 c:/program files (x86)/atmel/studio/7.0/toolchain/avr8/avr8-gnu-toolchain/bin/../lib/gcc/avr/5.4.0/avr51\libgcc.a(_udivmodsi4.o)
 .text.libgcc.mul
                0x00000000        0x0 c:/program files (x86)/atmel/studio/7.0/toolchain/avr8/avr8-gnu-toolchain/bin/../lib/gcc/avr/5.4.0/avr51\libgcc.a(_udivmodsi4.o)
 .text.libgcc   0x00000000        0x0 c:/program files (x86)/atmel/studio/7.0/toolchain/avr8/avr8-gnu-toolchain/bin/../lib/gcc/avr/5.4.0/avr51\libgcc.a(_udivmodsi4.o)
 .text.libgcc.prologue
                0x00000000        0x0 c:/program files (x86)/atmel/studio/7.0/toolchain/avr8/avr8-gnu-toolchain/bin/../lib/gcc/avr/5.4.0/avr51\libgcc.a(_udivmodsi4.o)
 .text.libgcc.builtins
                0x00000000        0x0 c:/program files (x86)/atmel/studio/7.0/toolchain/avr8/avr8-gnu-toolchain/bin/../lib/gcc/avr/5.4.0/avr51\libgcc.a(_udivmodsi4.o)
 .text.libgcc.fmul
                0x00000000        0x0 c:/program files (x86)/atmel/studio/7.0/toolchain/avr8/avr8-gnu-toolchain/bin/../lib/gcc/avr/5.4.0/avr51\libgcc.a(_udivmodsi4.o)
 .text.libgcc.fixed
                0x00000000        0x0 c:/program files (x86)/atmel/studio/7.0/toolchain/avr8/avr8-gnu-toolchain/bin/../lib/gcc/avr/5.4.0/avr51\libgcc.a(_udivmodsi4.o)
 .text          0x00000000        0x0 c:/program files (x86)/atmel/studio/7.0/toolchain/avr8/avr8-gnu-toolchain/bin/../lib/gcc/avr/5.4.0/avr51\libgcc.a(_exit.o)
 .data          0x00000000        0x0 c:/program files (x86)/atmel/studio/7.0/toolchain/avr8/avr8-gnu-toolchain/bin/../lib/gcc/avr/5.4.0/avr51\libgcc.a(_exit.o)
 .bss           0x00000000        0x0 c:/program files (x86)/atmel/studio/7.0/toolchain/avr8/avr8-gnu-toolchain/bin/../lib/gcc/avr/5.4.0/avr51\libgcc.a(_exit.o)
 .text.libgcc.mul
                0x00000000        0x0 c:/program files (x86)/atmel/studio/7.0/toolchain/avr8/avr8-gnu-toolchain/bin/../lib/gcc/avr/5.4.0/avr51\libgcc.a(_exit.o)
 .text.libgcc.div
                0x00000000        0x0 c:/program files (x86)/atmel/studio/7.0/toolchain/avr8/avr8-gnu-toolchain/bin/../lib/gcc/avr/5.4.0/avr51\libgcc.a(_exit.o)
 .text.libgcc   0x00000000        0x0 c:/program files (x86)/atmel/studio/7.0/toolchain/avr8/avr8-gnu-toolchain/bin/../lib/gcc/avr/5.4.0/avr51\libgcc.a(_exit.o)
 .text.libgcc.prologue
                0x00000000        0x0 c:/program files (x86)/atmel/studio/7.0/toolchain/avr8/avr8-gnu-toolchain/bin/../lib/gcc/avr/5.4.0/avr51\libgcc.a(_exit.o)
 .text.libgcc.builtins
                0x00000000        0x0 c:/program files (x86)/atmel/studio/7.0/toolchain/avr8/avr8-gnu-toolchain/bin/../lib/gcc/avr/5.4.0/avr51\libgcc.a(_exit.o)
 .text.libgcc.fmul
                0x00000000        0x0 c:/program files (x86)/atmel/studio/7.0/toolchain/avr8/avr8-gnu-toolchain/bin/../lib/gcc/avr/5.4.0/avr51\libgcc.a(_exit.o)
 .text.libgcc.fixed
                0x00000000        0x0 c:/program files (x86)/atmel/studio/7.0/toolchain/avr8/avr8-gnu-toolchain/bin/../lib/gcc/avr/5.4.0/avr51\libgcc.a(_exit.o)
 .text          0x00000000        0x0 c:/program files (x86)/atmel/studio/7.0/toolchain/avr8/avr8-gnu-toolchain/bin/../lib/gcc/avr/5.4.0/avr51\libgcc.a(_clear_bss.o)
 .data          0x00000000        0x0 c:/program files (x86)/atmel/studio/7.0/toolchain/avr8/avr8-gnu-toolchain/bin/../lib/gcc/avr/5.4.0/avr51\libgcc.a(_clear_bss.o)
 .bss           0x00000000        0x0 c:/program files (x86)/atmel/studio/7.0/toolchain/avr8/avr8-gnu-toolchain/bin/../lib/gcc/avr/5.4.0/avr51\libgcc.a(_clear_bss.o)
 .text.libgcc.mul
                0x00000000        0x0 c:/program files (x86)/atmel/studio/7.0/toolchain/avr8/avr8-gnu-toolchain/bin/../lib/gcc/avr/5.4.0/avr51\libgcc.a(_clear_bss.o)
 .text.libgcc.div
                0x00000000        0x0 c:/program files (x86)/atmel/studio/7.0/toolchain/avr8/avr8-gnu-toolchain/bin/../lib/gcc/avr/5.4.0/avr51\libgcc.a(_clear_bss.o)
 .text.libgcc   0x00000000        0x0 c:/program files (x86)/atmel/studio/7.0/toolchain/avr8/avr8-gnu-toolchain/bin/../lib/gcc/avr/5.4.0/avr51\libgcc.a(_clear_bss.o)
 .text.libgcc.prologue
                0x00000000        0x0 c:/program files (x86)/atmel/studio/7.0/toolchain/avr8/avr8-gnu-toolchain/bin/../lib/gcc/avr/5.4.0/avr51\libgcc.a(_clear_bss.o)
 .text.libgcc.builtins
                0x00000000        0x0 c:/program files (x86)/atmel/studio/7.0/toolchain/avr8/avr8-gnu-toolchain/bin/../lib/gcc/avr/5.4.0/avr51\libgcc.a(_clear_bss.o)
 .text.libgcc.fmul
                0x00000000        0x0 c:/program files (x86)/atmel/studio/7.0/toolchain/avr8/avr8-gnu-toolchain/bin/../lib/gcc/avr/5.4.0/avr51\libgcc.a(_clear_bss.o)
 .text.libgcc.fixed
                0x00000000        0x0 c:/program files (x86)/atmel/studio/7.0/toolchain/avr8/avr8-gnu-toolchain/bin/../lib/gcc/avr/5.4.0/avr51\libgcc.a(_clear_bss.o)
 .text          0x00000000        0x0 c:/program files (x86)/atmel/studio/7.0/toolchain/avr8/avr8-gnu-toolchain/bin/../lib/gcc/avr/5.4.0/avr51\libgcc.a(_umulhisi3.o)
 .data          0x00000000        0x0 c:/program files (x86)/atmel/studio/7.0/toolchain/avr8/avr8-gnu-toolchain/bin/../lib/gcc/avr/5.4.0/avr51\libgcc.a(_umulhisi3.o)
 .bss           0x00000000        0x0 c:/program files (x86)/atmel/studio/7.0/toolchain/avr8/avr8-gnu-toolchain/bin/../lib/gcc/avr/5.4.0/avr51\libgcc.a(_umulhisi3.o)
 .text.libgcc.div
                0x00000000        0x0 c:/program files (x86)/atmel/studio/7.0/toolchain/avr8/avr8-gnu-toolchain/bin/../lib/gcc/avr/5.4.0/avr51\libgcc.a(_umulhisi3.o)
 .text.libgcc   0x00000000        0x0 c:/program files (x86)/atmel/studio/7.0/toolchain/avr8/avr8-gnu-toolchain/bin/../lib/gcc/avr/5.4.0/avr51\libgcc.a(_umulhisi3.o)
 .text.libgcc.prologue
                0x00000000        0x0 c:/program files (x86)/atmel/studio/7.0/toolchain/avr8/avr8-gnu-toolchain/bin/../lib/gcc/avr/5.4.0/avr51\libgcc.a(_umulhisi3.o)
 .text.libgcc.builtins
                0x00000000        0x0 c:/program files (x86)/atmel/studio/7.0/toolchain/avr8/avr8-gnu-toolchain/bin/../lib/gcc/avr/5.4.0/avr51\libgcc.a(_umulhisi3.o)
 .text.libgcc.fmul
                0x00000000        0x0 c:/program files (x86)/atmel/studio/7.0/toolchain/avr8/avr8-gnu-toolchain/bin/../lib/gcc/avr/5.4.0/avr51\libgcc.a(_umulhisi3.o)
 .text.libgcc.fixed
                0x00000000        0x0 c:/program files (x86)/atmel/studio/7.0/toolchain/avr8/avr8-gnu-toolchain/bin/../lib/gcc/avr/5.4.0/avr51\libgcc.a(_umulhisi3.o)
 .text          0x00000000        0x0 c:/program files (x86)/atmel/studio/7.0/toolchain/avr8/avr8-gnu-toolchain/bin/../lib/gcc/avr/5.4.0/avr51\libgcc.a(_muluhisi3.o)
 .data          0x00000000        0x0 c:/program files (x86)/atmel/studio/7.0/toolchain/avr8/avr8-gnu-toolchain/bin/../lib/gcc/avr/5.4.0/avr51\libgcc.a(_muluhisi3.o)
 .bss           0x00000000        0x0 c:/program files (x86)/atmel/studio/7.0/toolchain/avr8/avr8-gnu-toolchain/bin/../lib/gcc/avr/5.4.0/avr51\libgcc.a(_muluhisi3.o)
 .text.libgcc.mul
                0x00000000       0x16 c:/program files (x86)/atmel/studio/7.0/toolchain/avr8/avr8-gnu-toolchain/bin/../lib/gcc/avr/5.4.0/avr51\libgcc.a(_muluhisi3.o)
 .text.libgcc.div
                0x00000000        0x0 c:/program files (x86)/atmel/studio/7.0/toolchain/avr8/avr8-gnu-toolchain/bin/../lib/gcc/avr/5.4.0/avr51\libgcc.a(_muluhisi3.o)
 .text.libgcc   0x00000000        0x0 c:/program files (x86)/atmel/studio/7.0/toolchain/avr8/avr8-gnu-toolchain/bin/../lib/gcc/avr/5.4.0/avr51\libgcc.a(_muluhisi3.o)
 .text.libgcc.prologue
                0x00000000        0x0 c:/program files (x86)/atmel/studio/7.0/toolchain/avr8/avr8-gnu-toolchain/bin/../lib/gcc/avr/5.4.0/avr51\libgcc.a(_muluhisi3.o)
 .text.libgcc.builtins
                0x00000000        0x0 c:/program files (x86)/atmel/studio/7.0/toolchain/avr8/avr8-gnu-toolchain/bin/../lib/gcc/avr/5.4.0/avr51\libgcc.a(_muluhisi3.o)
 .text.libgcc.fmul
                0x00000000        0x0 c:/program files (x86)/atmel/studio/7.0/toolchain/avr8/avr8-gnu-toolchain/bin/../lib/gcc/avr/5.4.0/avr51\libgcc.a(_muluhisi3.o)
 .text.libgcc.fixed
                0x00000000        0x0 c:/program files (x86)/atmel/studio/7.0/toolchain/avr8/avr8-gnu-toolchain/bin/../lib/gcc/avr/5.4.0/avr51\libgcc.a(_muluhisi3.o)

Memory Configuration

Name             Origin             Length             Attributes
text             0x00000000         0x00020000         xr
data             0x00800100         0x00001000         rw !x
eeprom           0x00810000         0x00001000         rw !x
fuse             0x00820000         0x00000003         rw !x
lock             0x00830000         0x00000400         rw !x
signature        0x00840000         0x00000400         rw !x
user_signatures  0x00850000         0x00000400         rw !x
*default*        0x00000000         0xffffffff

Linker script and memory map

Address of section .data set to 0x800100
LOAD C:/Program Files/Microchip/MPLABX/v6.05/packs/Microchip/ATmega_DFP/3.0.158/gcc/dev/atmega128a/avr51/crtatmega128a.o
LOAD build/ATmega128/production/src/app.o
LOAD ..\..\..\..\..\dist\Atmega128A\production\mega2.X.a
                0x00000001                __MPLAB_BUILD = 0x1
START GROUP
LOAD c:/program files (x86)/atmel/studio/7.0/toolchain/avr8/avr8-gnu-toolchain/bin/../lib/gcc/avr/5.4.0/../../../../avr/lib/avr51\libm.a
END GROUP
START GROUP
LOAD c:/program files (x86)/atmel/studio/7.0/toolchain/avr8/avr8-gnu-toolchain/bin/../lib/gcc/avr/5.4.0/avr51\libgcc.a
LOAD c:/program files (x86)/atmel/studio/7.0/toolchain/avr8/avr8-gnu-toolchain/bin/../lib/gcc/avr/5.4.0/../../../../avr/lib/avr51\libm.a
LOAD c:/program files (x86)/atmel/studio/7.0/toolchain/avr8/avr8-gnu-toolchain/bin/../lib/gcc/avr/5.4.0/../../../../avr/lib/avr51\libc.a
LOAD C:/Program Files/Microchip/MPLABX/v6.05/packs/Microchip/ATmega_DFP/3.0.158/gcc/dev/atmega128a/avr51\libatmega128a.a
END GROUP
                [0x00000000]                __TEXT_REGION_ORIGIN__ = DEFINED (__TEXT_REGION_ORIGIN__)?__TEXT_REGION_ORIGIN__:0x0
                [0x00800100]                __DATA_REGION_ORIGIN__ = DEFINED (__DATA_REGION_ORIGIN__)?__DATA_REGION_ORIGIN__:0x800100
                [0x00020000]                __TEXT_REGION_LENGTH__ = DEFINED (__TEXT_REGION_LENGTH__)?__TEXT_REGION_LENGTH__:0x20000
                [0x00001000]                __DATA_REGION_LENGTH__ = DEFINED (__DATA_REGION_LENGTH__)?__DATA_REGION_LENGTH__:0xff00
                [0x00001000]                __EEPROM_REGION_LENGTH__ = DEFINED (__EEPROM_REGION_LENGTH__)?__EEPROM_REGION_LENGTH__:0x10000
                [0x00000003]                __FUSE_REGION_LENGTH__ = DEFINED (__FUSE_REGION_LENGTH__)?__FUSE_REGION_LENGTH__:0x400
                0x00000400                __LOCK_REGION_LENGTH__ = DEFINED (__LOCK_REGION_LENGTH__)?__LOCK_REGION_LENGTH__:0x400
                0x00000400                __SIGNATURE_REGION_LENGTH__ = DEFINED (__SIGNATURE_REGION_LENGTH__)?__SIGNATURE_REGION_LENGTH__:0x400
                0x00000400                __USER_SIGNATURE_REGION_LENGTH__ = DEFINED (__USER_SIGNATURE_REGION_LENGTH__)?__USER_SIGNATURE_REGION_LENGTH__:0x400

.hash
 *(.hash)

.dynsym
 *(.dynsym)

.dynstr
 *(.dynstr)

.gnu.version
 *(.gnu.version)

.gnu.version_d
 *(.gnu.version_d)

.gnu.version_r
 *(.gnu.version_r)

.rel.init
 *(.rel.init)

.rela.init
 *(.rela.init)

.rel.text
 *(.rel.text)
 *(.rel.text.*)
 *(.rel.gnu.linkonce.t*)

.rela.text
 *(.rela.text)
 *(.rela.text.*)
 *(.rela.gnu.linkonce.t*)

.rel.fini
 *(.rel.fini)

.rela.fini
 *(.rela.fini)

.rel.rodata
 *(.rel.rodata)
 *(.rel.rodata.*)
 *(.rel.gnu.linkonce.r*)

.rela.rodata
 *(.rela.rodata)
 *(.rela.rodata.*)
 *(.rela.gnu.linkonce.r*)

.rel.data
 *(.rel.data)
 *(.rel.data.*)
 *(.rel.gnu.linkonce.d*)

.rela.data
 *(.rela.data)
 *(.rela.data.*)
 *(.rela.gnu.linkonce.d*)

.rel.ctors
 *(.rel.ctors)

.rela.ctors
 *(.rela.ctors)

.rel.dtors
 *(.rel.dtors)

.rela.dtors
 *(.rela.dtors)

.rel.got
 *(.rel.got)

.rela.got
 *(.rela.got)

.rel.bss
 *(.rel.bss)

.rela.bss
 *(.rela.bss)

.rel.plt
 *(.rel.plt)

.rela.plt
 *(.rela.plt)

.text           0x00000000      0xae0
 *(.vectors)
 .vectors       0x00000000       0x8c C:/Program Files/Microchip/MPLABX/v6.05/packs/Microchip/ATmega_DFP/3.0.158/gcc/dev/atmega128a/avr51/crtatmega128a.o
                0x00000000                __vector_default
                0x00000000                __vectors
 *(.vectors)
 *(.progmem.gcc*)
                0x0000008c                . = ALIGN (0x2)
                0x0000008c                __trampolines_start = .
 *(.trampolines)
 .trampolines   0x0000008c        0x0 linker stubs
 *(.trampolines*)
                0x0000008c                __trampolines_end = .
 *libprintf_flt.a:*(.progmem.data)
 *libc.a:*(.progmem.data)
 *(.progmem*)
 .progmem.data.BUZ
                0x0000008c        0x5 build/ATmega128/production/src/app.o
                0x0000008c                BUZ
 .progmem.data.SW1
                0x00000091        0x5 build/ATmega128/production/src/app.o
                0x00000091                SW1
 .progmem.data.NullIButton
                0x00000096        0x5 ..\..\..\..\..\dist\Atmega128A\production\mega2.X.a(button.o)
                0x00000096                NullIButton
 .progmem.data.NullISignal
                0x0000009b        0x5 ..\..\..\..\..\dist\Atmega128A\production\mega2.X.a(signalGenertor.o)
                0x0000009b                NullISignal
                0x000000a0                . = ALIGN (0x2)
 *(.jumptables)
 *(.jumptables*)
 *(.lowtext)
 *(.lowtext*)
                0x000000a0                __ctors_start = .
 *(.ctors)
                0x000000a0                __ctors_end = .
                0x000000a0                __dtors_start = .
 *(.dtors)
                0x000000a0                __dtors_end = .
 SORT(*)(.ctors)
 SORT(*)(.dtors)
 *(.init0)
 .init0         0x000000a0        0x0 C:/Program Files/Microchip/MPLABX/v6.05/packs/Microchip/ATmega_DFP/3.0.158/gcc/dev/atmega128a/avr51/crtatmega128a.o
                0x000000a0                __init
 *(.init0)
 *(.init1)
 *(.init1)
 *(.init2)
 .init2         0x000000a0        0xc C:/Program Files/Microchip/MPLABX/v6.05/packs/Microchip/ATmega_DFP/3.0.158/gcc/dev/atmega128a/avr51/crtatmega128a.o
 *(.init2)
 *(.init3)
 *(.init3)
 *(.init4)
 .init4         0x000000ac       0x10 c:/program files (x86)/atmel/studio/7.0/toolchain/avr8/avr8-gnu-toolchain/bin/../lib/gcc/avr/5.4.0/avr51\libgcc.a(_clear_bss.o)
                0x000000ac                __do_clear_bss
 *(.init4)
 *(.init5)
 *(.init5)
 *(.init6)
 *(.init6)
 *(.init7)
 *(.init7)
 *(.init8)
 *(.init8)
 *(.init9)
 .init9         0x000000bc        0x8 C:/Program Files/Microchip/MPLABX/v6.05/packs/Microchip/ATmega_DFP/3.0.158/gcc/dev/atmega128a/avr51/crtatmega128a.o
 *(.init9)
 *(.text)
 .text          0x000000c4        0x4 C:/Program Files/Microchip/MPLABX/v6.05/packs/Microchip/ATmega_DFP/3.0.158/gcc/dev/atmega128a/avr51/crtatmega128a.o
                0x000000c4                __vector_22
                0x000000c4                __vector_28
                0x000000c4                __vector_1
                0x000000c4                __vector_32
                0x000000c4                __vector_34
                0x000000c4                __vector_24
                0x000000c4                __vector_12
                0x000000c4                __bad_interrupt
                0x000000c4                __vector_6
                0x000000c4                __vector_31
                0x000000c4                __vector_3
                0x000000c4                __vector_23
                0x000000c4                __vector_30
                0x000000c4                __vector_25
                0x000000c4                __vector_11
                0x000000c4                __vector_13
                0x000000c4                __vector_17
                0x000000c4                __vector_19
                0x000000c4                __vector_7
                0x000000c4                __vector_27
                0x000000c4                __vector_5
                0x000000c4                __vector_33
                0x000000c4                __vector_4
                0x000000c4                __vector_9
                0x000000c4                __vector_2
                0x000000c4                __vector_21
                0x000000c4                __vector_29
                0x000000c4                __vector_8
                0x000000c4                __vector_26
                0x000000c4                __vector_14
                0x000000c4                __vector_10
                0x000000c4                __vector_16
                0x000000c4                __vector_18
                0x000000c4                __vector_20
                0x000000c8                . = ALIGN (0x2)
 *(.text.*)
 .text.appBoot  0x000000c8       0x18 build/ATmega128/production/src/app.o
                0x000000c8                appBoot
 .text.appInit  0x000000e0        0x4 build/ATmega128/production/src/app.o
                0x000000e0                appInit
 .text.appMain  0x000000e4       0x20 build/ATmega128/production/src/app.o
                0x000000e4                appMain
 .text.buttonScan
                0x00000104      0x162 ..\..\..\..\..\dist\Atmega128A\production\mega2.X.a(button.o)
                0x00000104                buttonScan
 .text.buttonInit
                0x00000266      0x122 ..\..\..\..\..\dist\Atmega128A\production\mega2.X.a(button.o)
                0x00000266                buttonInit
 .text.buttonGetEvent
                0x00000388       0x24 ..\..\..\..\..\dist\Atmega128A\production\mega2.X.a(button.o)
                0x00000388                buttonGetEvent
 .text.FirstButton
                0x000003ac       0x16 ..\..\..\..\..\dist\Atmega128A\production\mega2.X.a(button.o)
                0x000003ac                FirstButton
 .text.buttonSignal
                0x000003c2       0x16 ..\..\..\..\..\dist\Atmega128A\production\mega2.X.a(button.o)
                0x000003c2                buttonSignal
 .text.SignalStart
                0x000003d8       0xec ..\..\..\..\..\dist\Atmega128A\production\mega2.X.a(signalGenertor.o)
                0x000003d8                SignalStart
 .text.SignalStop
                0x000004c4       0x52 ..\..\..\..\..\dist\Atmega128A\production\mega2.X.a(signalGenertor.o)
                0x000004c4                SignalStop
 .text.FirstSignal
                0x00000516        0xe ..\..\..\..\..\dist\Atmega128A\production\mega2.X.a(signalGenertor.o)
                0x00000516                FirstSignal
 .text.SignalsTask
                0x00000524      0x294 ..\..\..\..\..\dist\Atmega128A\production\mega2.X.a(signalGenertor.o)
                0x00000524                SignalsTask
 .text.SignalsInit
                0x000007b8       0x5c ..\..\..\..\..\dist\Atmega128A\production\mega2.X.a(signalGenertor.o)
                0x000007b8                SignalsInit
 .text.startup.main
                0x00000814       0x26 ..\..\..\..\..\dist\Atmega128A\production\mega2.X.a(mega.o)
                0x00000814                main
 .text.byteBufferInit
                0x0000083a       0x10 ..\..\..\..\..\dist\Atmega128A\production\mega2.X.a(buffers.o)
                0x0000083a                byteBufferInit
 .text.getByte  0x0000084a       0x30 ..\..\..\..\..\dist\Atmega128A\production\mega2.X.a(buffers.o)
                0x0000084a                getByte
 .text.putByte  0x0000087a       0x32 ..\..\..\..\..\dist\Atmega128A\production\mega2.X.a(buffers.o)
                0x0000087a                putByte
 .text.__vector_15
                0x000008ac      0x158 ..\..\..\..\..\dist\Atmega128A\production\mega2.X.a(system.o)
                0x000008ac                __vector_15
 .text.systemInit
                0x00000a04       0x36 ..\..\..\..\..\dist\Atmega128A\production\mega2.X.a(system.o)
                0x00000a04                systemInit
 .text.setupHwTimer0
                0x00000a3a       0x18 ..\..\..\..\..\dist\Atmega128A\production\mega2.X.a(system.o)
                0x00000a3a                setupHwTimer0
 .text.libgcc.div
                0x00000a52       0x28 c:/program files (x86)/atmel/studio/7.0/toolchain/avr8/avr8-gnu-toolchain/bin/../lib/gcc/avr/5.4.0/avr51\libgcc.a(_udivmodhi4.o)
                0x00000a52                __udivmodhi4
 .text.libgcc.div
                0x00000a7a       0x44 c:/program files (x86)/atmel/studio/7.0/toolchain/avr8/avr8-gnu-toolchain/bin/../lib/gcc/avr/5.4.0/avr51\libgcc.a(_udivmodsi4.o)
                0x00000a7a                __udivmodsi4
 .text.libgcc.mul
                0x00000abe       0x1e c:/program files (x86)/atmel/studio/7.0/toolchain/avr8/avr8-gnu-toolchain/bin/../lib/gcc/avr/5.4.0/avr51\libgcc.a(_umulhisi3.o)
                0x00000abe                __umulhisi3
                0x00000adc                . = ALIGN (0x2)
 *(.fini9)
 .fini9         0x00000adc        0x0 c:/program files (x86)/atmel/studio/7.0/toolchain/avr8/avr8-gnu-toolchain/bin/../lib/gcc/avr/5.4.0/avr51\libgcc.a(_exit.o)
                0x00000adc                _exit
                0x00000adc                exit
 *(.fini9)
 *(.fini8)
 *(.fini8)
 *(.fini7)
 *(.fini7)
 *(.fini6)
 *(.fini6)
 *(.fini5)
 *(.fini5)
 *(.fini4)
 *(.fini4)
 *(.fini3)
 *(.fini3)
 *(.fini2)
 *(.fini2)
 *(.fini1)
 *(.fini1)
 *(.fini0)
 .fini0         0x00000adc        0x4 c:/program files (x86)/atmel/studio/7.0/toolchain/avr8/avr8-gnu-toolchain/bin/../lib/gcc/avr/5.4.0/avr51\libgcc.a(_exit.o)
 *(.fini0)
                0x00000ae0                _etext = .

.data           0x00800100        0x0 load address 0x00000ae0
                [!provide]                PROVIDE (__data_start, .)
 *(.data)
 *(.data*)
 *(.gnu.linkonce.d*)
 *(.rodata)
 *(.rodata*)
 *(.gnu.linkonce.r*)
                0x00800100                . = ALIGN (0x2)
                0x00800100                _edata = .
                [!provide]                PROVIDE (__data_end, .)

.bss            0x00800100       0x2b
                0x00800100                PROVIDE (__bss_start, .)
 *(.bss)
 *(.bss*)
 .bss.gpSignalActionATPressButton
                0x00800100        0x2 ..\..\..\..\..\dist\Atmega128A\production\mega2.X.a(button.o)
 .bss.gstButtonDescriptor
                0x00800102        0x6 ..\..\..\..\..\dist\Atmega128A\production\mega2.X.a(button.o)
 .bss.gu8ButtonBufferEvents
                0x00800108        0x4 ..\..\..\..\..\dist\Atmega128A\production\mega2.X.a(button.o)
 .bss.gu8ButtonRepeatCounter
                0x0080010c        0x1 ..\..\..\..\..\dist\Atmega128A\production\mega2.X.a(button.o)
 .bss.gu8ButtonLastKey
                0x0080010d        0x1 ..\..\..\..\..\dist\Atmega128A\production\mega2.X.a(button.o)
 .bss.gu8ButtonCounters
                0x0080010e        0x1 ..\..\..\..\..\dist\Atmega128A\production\mega2.X.a(button.o)
 .bss.gpFirstButton
                0x0080010f        0x2 ..\..\..\..\..\dist\Atmega128A\production\mega2.X.a(button.o)
 .bss.gpFirstSignal
                0x00800111        0x2 ..\..\..\..\..\dist\Atmega128A\production\mega2.X.a(signalGenertor.o)
 .bss.gu8PerdiocTasks
                0x00800113        0x1 ..\..\..\..\..\dist\Atmega128A\production\mega2.X.a(system.o)
 .bss.gu8NumberOFusPerMs
                0x00800114        0x1 ..\..\..\..\..\dist\Atmega128A\production\mega2.X.a(system.o)
 .bss.gu32SystemTime
                0x00800115        0x4 ..\..\..\..\..\dist\Atmega128A\production\mega2.X.a(system.o)
 .bss.gu32TimeMs
                0x00800119        0x4 ..\..\..\..\..\dist\Atmega128A\production\mega2.X.a(system.o)
 .bss.gu32SystemTick
                0x0080011d        0x4 ..\..\..\..\..\dist\Atmega128A\production\mega2.X.a(system.o)
 *(COMMON)
 COMMON         0x00800121        0xa ..\..\..\..\..\dist\Atmega128A\production\mega2.X.a(signalGenertor.o)
                0x00800121                gSignalsArray
                0x0080012b                PROVIDE (__bss_end, .)
                0x00000ae0                __data_load_start = LOADADDR (.data)
                0x00000ae0                __data_load_end = (__data_load_start + SIZEOF (.data))

.noinit         0x0080012b        0x0
                [!provide]                PROVIDE (__noinit_start, .)
 *(.noinit*)
                [!provide]                PROVIDE (__noinit_end, .)
                0x0080012b                _end = .
                [!provide]                PROVIDE (__heap_start, .)

.eeprom         0x00810000        0x0
 *(.eeprom*)
                0x00810000                __eeprom_end = .

.fuse
 *(.fuse)
 *(.lfuse)
 *(.hfuse)
 *(.efuse)

.lock
 *(.lock*)

.signature
 *(.signature*)

.user_signatures
 *(.user_signatures*)

.stab
 *(.stab)

.stabstr
 *(.stabstr)

.stab.excl
 *(.stab.excl)

.stab.exclstr
 *(.stab.exclstr)

.stab.index
 *(.stab.index)

.stab.indexstr
 *(.stab.indexstr)

.comment        0x00000000       0x30
 *(.comment)
 .comment       0x00000000       0x30 build/ATmega128/production/src/app.o
                                 0x31 (size before relaxing)
 .comment       0x00000030       0x31 ..\..\..\..\..\dist\Atmega128A\production\mega2.X.a(button.o)
 .comment       0x00000030       0x31 ..\..\..\..\..\dist\Atmega128A\production\mega2.X.a(signalGenertor.o)
 .comment       0x00000030       0x31 ..\..\..\..\..\dist\Atmega128A\production\mega2.X.a(mega.o)
 .comment       0x00000030       0x31 ..\..\..\..\..\dist\Atmega128A\production\mega2.X.a(buffers.o)
 .comment       0x00000030       0x31 ..\..\..\..\..\dist\Atmega128A\production\mega2.X.a(system.o)

.note.gnu.avr.deviceinfo
                0x00000000       0x40
 .note.gnu.avr.deviceinfo
                0x00000000       0x40 C:/Program Files/Microchip/MPLABX/v6.05/packs/Microchip/ATmega_DFP/3.0.158/gcc/dev/atmega128a/avr51/crtatmega128a.o

.note.gnu.build-id
 *(.note.gnu.build-id)

.debug
 *(.debug)

.line
 *(.line)

.debug_srcinfo
 *(.debug_srcinfo)

.debug_sfnames
 *(.debug_sfnames)

.debug_aranges
 *(.debug_aranges)

.debug_pubnames
 *(.debug_pubnames)

.debug_info     0x00000000      0x780
 *(.debug_info .gnu.linkonce.wi.*)
 .debug_info    0x00000000      0x780 C:/Program Files/Microchip/MPLABX/v6.05/packs/Microchip/ATmega_DFP/3.0.158/gcc/dev/atmega128a/avr51/crtatmega128a.o

.debug_abbrev   0x00000000      0x718
 *(.debug_abbrev)
 .debug_abbrev  0x00000000      0x718 C:/Program Files/Microchip/MPLABX/v6.05/packs/Microchip/ATmega_DFP/3.0.158/gcc/dev/atmega128a/avr51/crtatmega128a.o

.debug_line     0x00000000      0x16a
 *(.debug_line .debug_line.* .debug_line_end)
 .debug_line    0x00000000      0x16a C:/Program Files/Microchip/MPLABX/v6.05/packs/Microchip/ATmega_DFP/3.0.158/gcc/dev/atmega128a/avr51/crtatmega128a.o

.debug_frame
 *(.debug_frame)

.debug_str      0x00000000      0x27d
 *(.debug_str)
 .debug_str     0x00000000      0x27d C:/Program Files/Microchip/MPLABX/v6.05/packs/Microchip/ATmega_DFP/3.0.158/gcc/dev/atmega128a/avr51/crtatmega128a.o

.debug_loc
 *(.debug_loc)

.debug_macinfo
 *(.debug_macinfo)

.debug_weaknames
 *(.debug_weaknames)

.debug_funcnames
 *(.debug_funcnames)

.debug_typenames
 *(.debug_typenames)

.debug_varnames
 *(.debug_varnames)

.debug_pubtypes
 *(.debug_pubtypes)

.debug_ranges
 *(.debug_ranges)

.debug_macro
 *(.debug_macro)
OUTPUT(dist/ATmega128/production/Button.X.production.elf elf32-avr)
LOAD linker stubs
